Archive member included to satisfy reference by file (symbol)

/home/bionia/SJSU-Dev/tools/gcc-arm-none-eabi-6-2017-q2-update/bin/../lib/gcc/arm-none-eabi/6.3.1/../../../../arm-none-eabi/lib/thumb/v7-m/libstdc++_nano.a(class_type_info.o)
                              build/obj//home/bionia/SJSU-Dev/firmware/lib/L2_Drivers/base/char_dev.o (vtable for __cxxabiv1::__class_type_info)
/home/bionia/SJSU-Dev/tools/gcc-arm-none-eabi-6-2017-q2-update/bin/../lib/gcc/arm-none-eabi/6.3.1/../../../../arm-none-eabi/lib/thumb/v7-m/libstdc++_nano.a(si_class_type_info.o)
                              build/obj//home/bionia/SJSU-Dev/firmware/lib/L2_Drivers/base/uart_dev.o (vtable for __cxxabiv1::__si_class_type_info)
/home/bionia/SJSU-Dev/tools/gcc-arm-none-eabi-6-2017-q2-update/bin/../lib/gcc/arm-none-eabi/6.3.1/../../../../arm-none-eabi/lib/thumb/v7-m/libstdc++_nano.a(del_ops.o)
                              build/obj//home/bionia/SJSU-Dev/firmware/lib/L2_Drivers/base/char_dev.o (operator delete(void*, unsigned int))
/home/bionia/SJSU-Dev/tools/gcc-arm-none-eabi-6-2017-q2-update/bin/../lib/gcc/arm-none-eabi/6.3.1/../../../../arm-none-eabi/lib/thumb/v7-m/libstdc++_nano.a(guard.o)
                              build/obj//home/bionia/SJSU-Dev/firmware/lib/L5_HighLevel/source/cmd_handlers/handlers.o (__cxa_guard_acquire)
/home/bionia/SJSU-Dev/tools/gcc-arm-none-eabi-6-2017-q2-update/bin/../lib/gcc/arm-none-eabi/6.3.1/../../../../arm-none-eabi/lib/thumb/v7-m/libstdc++_nano.a(pure.o)
                              build/obj//home/bionia/SJSU-Dev/firmware/lib/L2_Drivers/base/char_dev.o (__cxa_pure_virtual)
/home/bionia/SJSU-Dev/tools/gcc-arm-none-eabi-6-2017-q2-update/bin/../lib/gcc/arm-none-eabi/6.3.1/../../../../arm-none-eabi/lib/thumb/v7-m/libstdc++_nano.a(vmi_class_type_info.o)
                              build/obj//home/bionia/SJSU-Dev/firmware/lib/L2_Drivers/src/nrf_stream.o (vtable for __cxxabiv1::__vmi_class_type_info)
/home/bionia/SJSU-Dev/tools/gcc-arm-none-eabi-6-2017-q2-update/bin/../lib/gcc/arm-none-eabi/6.3.1/../../../../arm-none-eabi/lib/thumb/v7-m/libstdc++_nano.a(tinfo.o)
                              /home/bionia/SJSU-Dev/tools/gcc-arm-none-eabi-6-2017-q2-update/bin/../lib/gcc/arm-none-eabi/6.3.1/../../../../arm-none-eabi/lib/thumb/v7-m/libstdc++_nano.a(class_type_info.o) (std::type_info::~type_info())
/home/bionia/SJSU-Dev/tools/gcc-arm-none-eabi-6-2017-q2-update/bin/../lib/gcc/arm-none-eabi/6.3.1/../../../../arm-none-eabi/lib/thumb/v7-m/libstdc++_nano.a(eh_terminate.o)
                              /home/bionia/SJSU-Dev/tools/gcc-arm-none-eabi-6-2017-q2-update/bin/../lib/gcc/arm-none-eabi/6.3.1/../../../../arm-none-eabi/lib/thumb/v7-m/libstdc++_nano.a(pure.o) (std::terminate())
/home/bionia/SJSU-Dev/tools/gcc-arm-none-eabi-6-2017-q2-update/bin/../lib/gcc/arm-none-eabi/6.3.1/../../../../arm-none-eabi/lib/thumb/v7-m/libstdc++_nano.a(eh_term_handler.o)
                              /home/bionia/SJSU-Dev/tools/gcc-arm-none-eabi-6-2017-q2-update/bin/../lib/gcc/arm-none-eabi/6.3.1/../../../../arm-none-eabi/lib/thumb/v7-m/libstdc++_nano.a(eh_terminate.o) (__cxxabiv1::__terminate_handler)
/home/bionia/SJSU-Dev/tools/gcc-arm-none-eabi-6-2017-q2-update/bin/../lib/gcc/arm-none-eabi/6.3.1/../../../../arm-none-eabi/lib/thumb/v7-m/libstdc++_nano.a(eh_unex_handler.o)
                              /home/bionia/SJSU-Dev/tools/gcc-arm-none-eabi-6-2017-q2-update/bin/../lib/gcc/arm-none-eabi/6.3.1/../../../../arm-none-eabi/lib/thumb/v7-m/libstdc++_nano.a(eh_terminate.o) (__cxxabiv1::__unexpected_handler)
/home/bionia/SJSU-Dev/tools/gcc-arm-none-eabi-6-2017-q2-update/bin/../lib/gcc/arm-none-eabi/6.3.1/thumb/v7-m/libgcc.a(_ashldi3.o)
                              build/obj//home/bionia/SJSU-Dev/firmware/lib/L0_LowLevel/source/lpc_peripherals.o (__aeabi_llsl)
/home/bionia/SJSU-Dev/tools/gcc-arm-none-eabi-6-2017-q2-update/bin/../lib/gcc/arm-none-eabi/6.3.1/thumb/v7-m/libgcc.a(_arm_addsubdf3.o)
                              build/obj//home/bionia/SJSU-Dev/firmware/lib/L0_LowLevel/source/uart0_min.o (__aeabi_dadd)
/home/bionia/SJSU-Dev/tools/gcc-arm-none-eabi-6-2017-q2-update/bin/../lib/gcc/arm-none-eabi/6.3.1/thumb/v7-m/libgcc.a(_arm_fixunsdfsi.o)
                              build/obj//home/bionia/SJSU-Dev/firmware/lib/L0_LowLevel/source/uart0_min.o (__aeabi_d2uiz)
/home/bionia/SJSU-Dev/tools/gcc-arm-none-eabi-6-2017-q2-update/bin/../lib/gcc/arm-none-eabi/6.3.1/thumb/v7-m/libgcc.a(_arm_truncdfsf2.o)
                              build/obj//home/bionia/SJSU-Dev/firmware/lib/L3_Utils/src/str.o (__aeabi_d2f)
/home/bionia/SJSU-Dev/tools/gcc-arm-none-eabi-6-2017-q2-update/bin/../lib/gcc/arm-none-eabi/6.3.1/thumb/v7-m/libgcc.a(_arm_addsubsf3.o)
                              build/obj//home/bionia/SJSU-Dev/firmware/lib/L3_Utils/src/str.o (__aeabi_fsub)
/home/bionia/SJSU-Dev/tools/gcc-arm-none-eabi-6-2017-q2-update/bin/../lib/gcc/arm-none-eabi/6.3.1/thumb/v7-m/libgcc.a(_arm_muldivsf3.o)
[...]
Memory Configuration

Name             Origin             Length             Attributes
FLASH            0x0000000000010000 0x0000000000070000 xr
SRAM             0x0000000010000000 0x0000000000008000 xrw
SRAM_AHB         0x000000002007c000 0x0000000000008000 xrw
*default*        0x0000000000000000 0xffffffffffffffff

Linker script and memory map

LOAD build/obj//home/bionia/SJSU-Dev/firmware/lib/L0_LowLevel/source/core_cm3.o
LOAD build/obj//home/bionia/SJSU-Dev/firmware/lib/L0_LowLevel/source/low_level_init.o
LOAD build/obj//home/bionia/SJSU-Dev/firmware/lib/L0_LowLevel/source/lpc_peripherals.o
LOAD build/obj//home/bionia/SJSU-Dev/firmware/lib/L0_LowLevel/source/lpc_sys.o
LOAD build/obj//home/bionia/SJSU-Dev/firmware/lib/L0_LowLevel/source/startup.o
LOAD build/obj//home/bionia/SJSU-Dev/firmware/lib/L0_LowLevel/source/sys_clock.o
LOAD build/obj//home/bionia/SJSU-Dev/firmware/lib/L0_LowLevel/source/uart0_min.o
LOAD build/obj//home/bionia/SJSU-Dev/firmware/lib/L1_FreeRTOS/MemMang/freertos_mem_man.o
LOAD build/obj//home/bionia/SJSU-Dev/firmware/lib/L1_FreeRTOS/hooks/hooks.o
LOAD build/obj//home/bionia/SJSU-Dev/firmware/lib/L1_FreeRTOS/portable/no_mpu/port.o
LOAD build/obj//home/bionia/SJSU-Dev/firmware/lib/L1_FreeRTOS/portable/run_time_stats.o
LOAD build/obj//home/bionia/SJSU-Dev/firmware/lib/L1_FreeRTOS/src/croutine.o
LOAD build/obj//home/bionia/SJSU-Dev/firmware/lib/L1_FreeRTOS/src/event_groups.o
LOAD build/obj//home/bionia/SJSU-Dev/firmware/lib/L1_FreeRTOS/src/list.o
LOAD build/obj//home/bionia/SJSU-Dev/firmware/lib/L1_FreeRTOS/src/queue.o
LOAD build/obj//home/bionia/SJSU-Dev/firmware/lib/L1_FreeRTOS/src/tasks.o
LOAD build/obj//home/bionia/SJSU-Dev/firmware/lib/L1_FreeRTOS/src/timers.o
LOAD build/obj//home/bionia/SJSU-Dev/firmware/lib/L1_FreeRTOS/trace/run_time_counter.o
LOAD build/obj//home/bionia/SJSU-Dev/firmware/lib/L1_FreeRTOS/trace/trcBase.o
LOAD build/obj//home/bionia/SJSU-Dev/firmware/lib/L1_FreeRTOS/trace/trcHardwarePort.o
LOAD build/obj//home/bionia/SJSU-Dev/firmware/lib/L1_FreeRTOS/trace/trcKernel.o
LOAD build/obj//home/bionia/SJSU-Dev/firmware/lib/L1_FreeRTOS/trace/trcKernelPort.o
LOAD build/obj//home/bionia/SJSU-Dev/firmware/lib/L1_FreeRTOS/trace/trcUser.o
LOAD build/obj//home/bionia/SJSU-Dev/firmware/lib/L2_Drivers/base/char_dev.o
LOAD build/obj//home/bionia/SJSU-Dev/firmware/lib/L2_Drivers/base/i2c_base.o
LOAD build/obj//home/bionia/SJSU-Dev/firmware/lib/L2_Drivers/base/uart_dev.o
LOAD build/obj//home/bionia/SJSU-Dev/firmware/lib/L2_Drivers/src/adc.o
LOAD build/obj//home/bionia/SJSU-Dev/firmware/lib/L2_Drivers/src/can.o
LOAD build/obj//home/bionia/SJSU-Dev/firmware/lib/L2_Drivers/src/eint.o
LOAD build/obj//home/bionia/SJSU-Dev/firmware/lib/L2_Drivers/src/i2c2.o
LOAD build/obj//home/bionia/SJSU-Dev/firmware/lib/L2_Drivers/src/lpc_pwm.o
LOAD build/obj//home/bionia/SJSU-Dev/firmware/lib/L2_Drivers/src/lpc_rit.o
LOAD build/obj//home/bionia/SJSU-Dev/firmware/lib/L2_Drivers/src/lpc_timers.o
LOAD build/obj//home/bionia/SJSU-Dev/firmware/lib/L2_Drivers/src/nrf_stream.o
LOAD build/obj//home/bionia/SJSU-Dev/firmware/lib/L2_Drivers/src/rtc.o
LOAD build/obj//home/bionia/SJSU-Dev/firmware/lib/L2_Drivers/src/spi_dma.o
LOAD build/obj//home/bionia/SJSU-Dev/firmware/lib/L2_Drivers/src/spi_sem.o
LOAD build/obj//home/bionia/SJSU-Dev/firmware/lib/L2_Drivers/src/uart0.o
LOAD build/obj//home/bionia/SJSU-Dev/firmware/lib/L2_Drivers/src/uart2.o
LOAD build/obj//home/bionia/SJSU-Dev/firmware/lib/L2_Drivers/src/uart3.o
LOAD build/obj//home/bionia/SJSU-Dev/firmware/lib/L3_Utils/src/c_list.o
LOAD build/obj//home/bionia/SJSU-Dev/firmware/lib/L3_Utils/src/command_handler.o
LOAD build/obj//home/bionia/SJSU-Dev/firmware/lib/L3_Utils/src/file_logger.o
LOAD build/obj//home/bionia/SJSU-Dev/firmware/lib/L3_Utils/src/freertos_timer.o
LOAD build/obj//home/bionia/SJSU-Dev/firmware/lib/L3_Utils/src/printf_lib.o
LOAD build/obj//home/bionia/SJSU-Dev/firmware/lib/L3_Utils/src/rtc_alarm.o
LOAD build/obj//home/bionia/SJSU-Dev/firmware/lib/L3_Utils/src/scheduler_task.o
LOAD build/obj//home/bionia/SJSU-Dev/firmware/lib/L3_Utils/src/str.o
LOAD build/obj//home/bionia/SJSU-Dev/firmware/lib/L3_Utils/src/utilities.o
LOAD build/obj//home/bionia/SJSU-Dev/firmware/lib/L3_Utils/tlm/src/c_tlm_binary.o
LOAD build/obj//home/bionia/SJSU-Dev/firmware/lib/L3_Utils/tlm/src/c_tlm_comp.o
LOAD build/obj//home/bionia/SJSU-Dev/firmware/lib/L3_Utils/tlm/src/c_tlm_stream.o
LOAD build/obj//home/bionia/SJSU-Dev/firmware/lib/L3_Utils/tlm/src/c_tlm_var.o
LOAD build/obj//home/bionia/SJSU-Dev/firmware/lib/L4_IO/fat/disk/diskio.o
LOAD build/obj//home/bionia/SJSU-Dev/firmware/lib/L4_IO/fat/disk/sd.o
LOAD build/obj//home/bionia/SJSU-Dev/firmware/lib/L4_IO/fat/disk/spi_flash.o
LOAD build/obj//home/bionia/SJSU-Dev/firmware/lib/L4_IO/fat/fatfs_time.o
LOAD build/obj//home/bionia/SJSU-Dev/firmware/lib/L4_IO/fat/ff.o
LOAD build/obj//home/bionia/SJSU-Dev/firmware/lib/L4_IO/fat/option/ccsbcs.o
LOAD build/obj//home/bionia/SJSU-Dev/firmware/lib/L4_IO/fat/option/reentrant.o
LOAD build/obj//home/bionia/SJSU-Dev/firmware/lib/L4_IO/src/gpio.o
LOAD build/obj//home/bionia/SJSU-Dev/firmware/lib/L4_IO/src/io_source.o
LOAD build/obj//home/bionia/SJSU-Dev/firmware/lib/L4_IO/src/storage.o
LOAD build/obj//home/bionia/SJSU-Dev/firmware/lib/L4_IO/wireless/src/mesh.o
LOAD build/obj//home/bionia/SJSU-Dev/firmware/lib/L4_IO/wireless/src/nrf24L01Plus.o
LOAD build/obj//home/bionia/SJSU-Dev/firmware/lib/L4_IO/wireless/src/wireless.o
LOAD build/obj//home/bionia/SJSU-Dev/firmware/lib/L5_HighLevel/examples/examples.o
LOAD build/obj//home/bionia/SJSU-Dev/firmware/lib/L5_HighLevel/examples/rn_xv_task.o
LOAD build/obj//home/bionia/SJSU-Dev/firmware/lib/L5_HighLevel/periodic_scheduler/prd_dispatcher.o
LOAD build/obj//home/bionia/SJSU-Dev/firmware/lib/L5_HighLevel/source/cmd_handlers/handlers.o
LOAD build/obj//home/bionia/SJSU-Dev/firmware/lib/L5_HighLevel/source/cmd_handlers/prog_handlers.o
LOAD build/obj//home/bionia/SJSU-Dev/firmware/lib/L5_HighLevel/source/cmd_handlers/wireless_handlers.o
LOAD build/obj//home/bionia/SJSU-Dev/firmware/lib/L5_HighLevel/source/high_level_init.o
LOAD build/obj//home/bionia/SJSU-Dev/firmware/lib/L5_HighLevel/source/remote.o
LOAD build/obj//home/bionia/SJSU-Dev/firmware/lib/L5_HighLevel/source/terminal.o
LOAD build/obj//home/bionia/SJSU-Dev/firmware/lib/newlib/malloc_lock.o
LOAD build/obj//home/bionia/SJSU-Dev/firmware/lib/newlib/memory.o
LOAD build/obj//home/bionia/SJSU-Dev/firmware/lib/newlib/newlib_syscalls.o
LOAD build/obj//home/bionia/SJSU-Dev/firmware/lib/newlib/newlib_time.o
LOAD build/obj/L5_Application/LabUART.o
LOAD build/obj/L5_Application/labgpio.o
LOAD build/obj/L5_Application/main.o
LOAD /home/bionia/SJSU-Dev/tools/gcc-arm-none-eabi-6-2017-q2-update/bin/../lib/gcc/arm-none-eabi/6.3.1/../../../../arm-none-eabi/lib/thumb/v7-m/libstdc++_nano.a
LOAD /home/bionia/SJSU-Dev/tools/gcc-arm-none-eabi-6-2017-q2-update/bin/../lib/gcc/arm-none-eabi/6.3.1/../../../../arm-none-eabi/lib/thumb/v7-m/libm.a
START GROUP
LOAD /home/bionia/SJSU-Dev/tools/gcc-arm-none-eabi-6-2017-q2-update/bin/../lib/gcc/arm-none-eabi/6.3.1/thumb/v7-m/libgcc.a
LOAD /home/bionia/SJSU-Dev/tools/gcc-arm-none-eabi-6-2017-q2-update/bin/../lib/gcc/arm-none-eabi/6.3.1/../../../../arm-none-eabi/lib/thumb/v7-m/libc_nano.a
END GROUP
START GROUP
LOAD /home/bionia/SJSU-Dev/tools/gcc-arm-none-eabi-6-2017-q2-update/bin/../lib/gcc/arm-none-eabi/6.3.1/thumb/v7-m/libgcc.a
LOAD /home/bionia/SJSU-Dev/tools/gcc-arm-none-eabi-6-2017-q2-update/bin/../lib/gcc/arm-none-eabi/6.3.1/../../../../arm-none-eabi/lib/thumb/v7-m/libc_nano.a
END GROUP

.text           0x0000000000010000    0x10ef4
 FILL mask 0xff
 *(.isr_vector)
 .isr_vector    0x0000000000010000       0xcc build/obj//home/bionia/SJSU-Dev/firmware/lib/L0_LowLevel/source/startup.o
                0x0000000000010000                g_pfnVectors
                0x00000000000100cc                . = ALIGN (0x4)
                0x00000000000100cc                __section_table_start = .
                0x00000000000100cc                __data_section_table = .
                0x00000000000100cc        0x4 LONG 0x20efc LOADADDR (.data)
                0x00000000000100d0        0x4 LONG 0x2007c000 ADDR (.data)
                0x00000000000100d4        0x4 LONG 0x2fc SIZEOF (.data)
                0x00000000000100d8                __data_section_table_end = .
                0x00000000000100d8                __bss_section_table = .
                0x00000000000100d8        0x4 LONG 0x2007c300 ADDR (.bss)
                0x00000000000100dc        0x4 LONG 0x4c4 SIZEOF (.bss)
                0x00000000000100e0                __bss_section_table_end = .
                0x00000000000100e0                __section_table_end = .
 *(.after_vectors*)
 .after_vectors
                0x00000000000100e0      0x120 build/obj//home/bionia/SJSU-Dev/firmware/lib/L0_LowLevel/source/startup.o
                0x00000000000100e0                isr_hard_fault
                0x00000000000100fa                isr_nmi
                0x0000000000010108                isr_mem_fault
                0x0000000000010118                isr_bus_fault
                0x0000000000010128                isr_usage_fault
                0x0000000000010138                isr_debug_mon
                0x0000000000010148                TIMER2_IRQHandler
                0x0000000000010148                I2C0_IRQHandler
                0x0000000000010148                PWM1_IRQHandler
                0x0000000000010148                I2C1_IRQHandler
                0x0000000000010148                EINT2_IRQHandler
                0x0000000000010148                UART1_IRQHandler
                0x0000000000010148                TIMER3_IRQHandler
                0x0000000000010148                PLL0_IRQHandler
                0x0000000000010148                PLL1_IRQHandler
                0x0000000000010148                SSP0_IRQHandler
                0x0000000000010148                CANAct_IRQHandler
                0x0000000000010148                I2S_IRQHandler
                0x0000000000010148                TIMER0_IRQHandler
                0x0000000000010148                SPI_IRQHandler
                0x0000000000010148                EINT1_IRQHandler
                0x0000000000010148                isr_default_handler
                0x0000000000010148                SSP1_IRQHandler
                0x0000000000010148                USB_IRQHandler
                0x0000000000010148                BOD_IRQHandler
                0x0000000000010148                WDT_IRQHandler
                0x0000000000010148                QEI_IRQHandler
                0x0000000000010148                EINT0_IRQHandler
                0x0000000000010148                DMA_IRQHandler
                0x0000000000010148                MCPWM_IRQHandler
                0x0000000000010148                ENET_IRQHandler
                0x0000000000010148                USBAct_IRQHandler
                0x0000000000010158                isr_sys_tick
                0x000000000001016a                data_init(unsigned int, unsigned int, unsigned int)
                0x0000000000010180                bss_init(unsigned int, unsigned int)
                0x0000000000010194                isr_reset
 *(.text*)
 .text.__set_PSP
                0x0000000000010200        0x6 build/obj//home/bionia/SJSU-Dev/firmware/lib/L0_LowLevel/source/core_cm3.o
                0x0000000000010200                __set_PSP
 .text.__set_MSP
                0x0000000000010206        0x6 build/obj//home/bionia/SJSU-Dev/firmware/lib/L0_LowLevel/source/core_cm3.o
                0x0000000000010206                __set_MSP
 .text.__set_BASEPRI
                0x000000000001020c        0x6 build/obj//home/bionia/SJSU-Dev/firmware/lib/L0_LowLevel/source/core_cm3.o
                0x000000000001020c                __set_BASEPRI
 *fill*         0x0000000000010212        0x2 ff
 .text.sys_get_boot_type
                0x0000000000010214        0xc build/obj//home/bionia/SJSU-Dev/firmware/lib/L0_LowLevel/source/low_level_init.o
                0x0000000000010214                sys_get_boot_type
 .text._Z14low_level_initv
                0x0000000000010220      0x228 build/obj//home/bionia/SJSU-Dev/firmware/lib/L0_LowLevel/source/low_level_init.o
                0x0000000000010220                low_level_init()
 .text.lpc_pconp
                0x0000000000010448       0x34 build/obj//home/bionia/SJSU-Dev/firmware/lib/L0_LowLevel/source/lpc_peripherals.o
                0x0000000000010448                lpc_pconp
 .text.lpc_pclk
                0x000000000001047c       0x48 build/obj//home/bionia/SJSU-Dev/firmware/lib/L0_LowLevel/source/lpc_peripherals.o
                0x000000000001047c                lpc_pclk
 .text.lpc_sys_setup_system_timer
                0x00000000000104c4       0x54 build/obj//home/bionia/SJSU-Dev/firmware/lib/L0_LowLevel/source/lpc_sys.o
                0x00000000000104c4                lpc_sys_setup_system_timer
 .text.sys_get_uptime_us
                0x0000000000010518       0x2c build/obj//home/bionia/SJSU-Dev/firmware/lib/L0_LowLevel/source/lpc_sys.o
                0x0000000000010518                sys_get_uptime_us
 .text.sys_get_mem_info_str
                0x0000000000010544       0x38 build/obj//home/bionia/SJSU-Dev/firmware/lib/L0_LowLevel/source/lpc_sys.o
                0x0000000000010544                sys_get_mem_info_str
 .text._ZN17SingletonTemplateI9IR_SensorE11getInstanceEv
                0x000000000001057c       0x18 build/obj//home/bionia/SJSU-Dev/firmware/lib/L0_LowLevel/source/lpc_sys.o
                0x000000000001057c                SingletonTemplate<IR_Sensor>::getInstance()
 .text.TIMER1_IRQHandler
                0x0000000000010594       0xbc build/obj//home/bionia/SJSU-Dev/firmware/lib/L0_LowLevel/source/lpc_sys.o
                0x0000000000010594                TIMER1_IRQHandler
 .text.isr_forwarder_routine
                0x0000000000010650       0x3c build/obj//home/bionia/SJSU-Dev/firmware/lib/L0_LowLevel/source/startup.o
 .text.isr_hard_fault_handler
                0x000000000001068c       0x58 build/obj//home/bionia/SJSU-Dev/firmware/lib/L0_LowLevel/source/startup.o
                0x000000000001068c                isr_hard_fault_handler
 .text._ZL19sys_clock_pll0_feedv
                0x00000000000106e4       0x14 build/obj//home/bionia/SJSU-Dev/firmware/lib/L0_LowLevel/source/sys_clock.o
 .text._ZL23sys_clock_configure_plljjPiS_S_.constprop.0
                0x00000000000106f8       0x78 build/obj//home/bionia/SJSU-Dev/firmware/lib/L0_LowLevel/source/sys_clock.o
 .text._Z19sys_clock_configurev
                0x0000000000010770       0xb4 build/obj//home/bionia/SJSU-Dev/firmware/lib/L0_LowLevel/source/sys_clock.o
                0x0000000000010770                sys_clock_configure()
 .text.sys_get_cpu_clock
                0x0000000000010824       0xa8 build/obj//home/bionia/SJSU-Dev/firmware/lib/L0_LowLevel/source/sys_clock.o
                0x0000000000010824                sys_get_cpu_clock
 .text.uart0_init
                0x00000000000108cc       0x60 build/obj//home/bionia/SJSU-Dev/firmware/lib/L0_LowLevel/source/uart0_min.o
                0x00000000000108cc                uart0_init
 .text.uart0_getchar
                0x000000000001092c       0x18 build/obj//home/bionia/SJSU-Dev/firmware/lib/L0_LowLevel/source/uart0_min.o
                0x000000000001092c                uart0_getchar
 .text.uart0_putchar
                0x0000000000010944       0x18 build/obj//home/bionia/SJSU-Dev/firmware/lib/L0_LowLevel/source/uart0_min.o
                0x0000000000010944                uart0_putchar
 .text.uart0_puts
                0x000000000001095c       0x1a build/obj//home/bionia/SJSU-Dev/firmware/lib/L0_LowLevel/source/uart0_min.o
                0x000000000001095c                uart0_puts
 .text.pvPortMalloc
                0x0000000000010976       0x1e build/obj//home/bionia/SJSU-Dev/firmware/lib/L1_FreeRTOS/MemMang/freertos_mem_man.o
                0x0000000000010976                pvPortMalloc
 .text.vPortFree
                0x0000000000010994       0x1a build/obj//home/bionia/SJSU-Dev/firmware/lib/L1_FreeRTOS/MemMang/freertos_mem_man.o
                0x0000000000010994                vPortFree
 .text.vApplicationIdleHook
                0x00000000000109ae        0x4 build/obj//home/bionia/SJSU-Dev/firmware/lib/L1_FreeRTOS/hooks/hooks.o
                0x00000000000109ae                vApplicationIdleHook
 *fill*         0x00000000000109b2        0x2 ff
 .text.vApplicationStackOverflowHook
                0x00000000000109b4       0x38 build/obj//home/bionia/SJSU-Dev/firmware/lib/L1_FreeRTOS/hooks/hooks.o
                0x00000000000109b4                vApplicationStackOverflowHook
 .text.vApplicationMallocFailedHook
                0x00000000000109ec       0x24 build/obj//home/bionia/SJSU-Dev/firmware/lib/L1_FreeRTOS/hooks/hooks.o
                0x00000000000109ec                vApplicationMallocFailedHook
 .text.prvTaskExitError
                0x0000000000010a10       0x12 build/obj//home/bionia/SJSU-Dev/firmware/lib/L1_FreeRTOS/portable/no_mpu/port.o
 *fill*         0x0000000000010a22        0x2 ff
 .text.prvPortStartFirstTask
                0x0000000000010a24       0x20 build/obj//home/bionia/SJSU-Dev/firmware/lib/L1_FreeRTOS/portable/no_mpu/port.o
 .text.pxPortInitialiseStack
                0x0000000000010a44       0x24 build/obj//home/bionia/SJSU-Dev/firmware/lib/L1_FreeRTOS/portable/no_mpu/port.o
                0x0000000000010a44                pxPortInitialiseStack
 *fill*         0x0000000000010a68        0x8 ff
 .text.vPortSVCHandler
                0x0000000000010a70       0x24 build/obj//home/bionia/SJSU-Dev/firmware/lib/L1_FreeRTOS/portable/no_mpu/port.o
                0x0000000000010a70                vPortSVCHandler
 .text.vPortEnterCritical
                0x0000000000010a94       0x20 build/obj//home/bionia/SJSU-Dev/firmware/lib/L1_FreeRTOS/portable/no_mpu/port.o
                0x0000000000010a94                vPortEnterCritical
 .text.vPortExitCritical
                0x0000000000010ab4       0x14 build/obj//home/bionia/SJSU-Dev/firmware/lib/L1_FreeRTOS/portable/no_mpu/port.o
                0x0000000000010ab4                vPortExitCritical
 *fill*         0x0000000000010ac8        0x8 ff
 .text.xPortPendSVHandler
                0x0000000000010ad0       0x44 build/obj//home/bionia/SJSU-Dev/firmware/lib/L1_FreeRTOS/portable/no_mpu/port.o
                0x0000000000010ad0                xPortPendSVHandler
 .text.xPortSysTickHandler
                0x0000000000010b14       0x2c build/obj//home/bionia/SJSU-Dev/firmware/lib/L1_FreeRTOS/portable/no_mpu/port.o
                0x0000000000010b14                xPortSysTickHandler
 .text.vPortSetupTimerInterrupt
                0x0000000000010b40       0x14 build/obj//home/bionia/SJSU-Dev/firmware/lib/L1_FreeRTOS/portable/no_mpu/port.o
                0x0000000000010b40                vPortSetupTimerInterrupt
 .text.xPortStartScheduler
                0x0000000000010b54       0x30 build/obj//home/bionia/SJSU-Dev/firmware/lib/L1_FreeRTOS/portable/no_mpu/port.o
                0x0000000000010b54                xPortStartScheduler
 .text.rts_not_full_trace_init
                0x0000000000010b84       0x14 build/obj//home/bionia/SJSU-Dev/firmware/lib/L1_FreeRTOS/portable/run_time_stats.o
                0x0000000000010b84                rts_not_full_trace_init
 .text.rts_not_full_trace_get
                0x0000000000010b98       0x14 build/obj//home/bionia/SJSU-Dev/firmware/lib/L1_FreeRTOS/portable/run_time_stats.o
                0x0000000000010b98                rts_not_full_trace_get
 .text.vListInitialise
                0x0000000000010bac       0x16 build/obj//home/bionia/SJSU-Dev/firmware/lib/L1_FreeRTOS/src/list.o
                0x0000000000010bac                vListInitialise
 .text.vListInitialiseItem
                0x0000000000010bc2        0x6 build/obj//home/bionia/SJSU-Dev/firmware/lib/L1_FreeRTOS/src/list.o
                0x0000000000010bc2                vListInitialiseItem
 .text.vListInsertEnd
                0x0000000000010bc8       0x18 build/obj//home/bionia/SJSU-Dev/firmware/lib/L1_FreeRTOS/src/list.o
                0x0000000000010bc8                vListInsertEnd
 .text.vListInsert
                0x0000000000010be0       0x2e build/obj//home/bionia/SJSU-Dev/firmware/lib/L1_FreeRTOS/src/list.o
                0x0000000000010be0                vListInsert
 .text.uxListRemove
                0x0000000000010c0e       0x20 build/obj//home/bionia/SJSU-Dev/firmware/lib/L1_FreeRTOS/src/list.o
                0x0000000000010c0e                uxListRemove
 .text.prvCopyDataToQueue
                0x0000000000010c2e       0x66 build/obj//home/bionia/SJSU-Dev/firmware/lib/L1_FreeRTOS/src/queue.o
 .text.prvNotifyQueueSetContainer
                0x0000000000010c94       0x4a build/obj//home/bionia/SJSU-Dev/firmware/lib/L1_FreeRTOS/src/queue.o
 .text.prvCopyDataFromQueue
                0x0000000000010cde       0x28 build/obj//home/bionia/SJSU-Dev/firmware/lib/L1_FreeRTOS/src/queue.o
 .text.prvUnlockQueue
                0x0000000000010d06       0x7e build/obj//home/bionia/SJSU-Dev/firmware/lib/L1_FreeRTOS/src/queue.o
 .text.xQueueGenericReset
                0x0000000000010d84       0x6c build/obj//home/bionia/SJSU-Dev/firmware/lib/L1_FreeRTOS/src/queue.o
                0x0000000000010d84                xQueueGenericReset
 .text.xQueueGenericCreate
                0x0000000000010df0       0x32 build/obj//home/bionia/SJSU-Dev/firmware/lib/L1_FreeRTOS/src/queue.o
                0x0000000000010df0                xQueueGenericCreate
 *fill*         0x0000000000010e22        0x2 ff
 .text.xQueueGenericSend
                0x0000000000010e24      0x104 build/obj//home/bionia/SJSU-Dev/firmware/lib/L1_FreeRTOS/src/queue.o
                0x0000000000010e24                xQueueGenericSend
 .text.xQueueCreateMutex
                0x0000000000010f28       0x24 build/obj//home/bionia/SJSU-Dev/firmware/lib/L1_FreeRTOS/src/queue.o
                0x0000000000010f28                xQueueCreateMutex
 .text.xQueueGenericSendFromISR
                0x0000000000010f4c       0x80 build/obj//home/bionia/SJSU-Dev/firmware/lib/L1_FreeRTOS/src/queue.o
                0x0000000000010f4c                xQueueGenericSendFromISR
 .text.xQueueGiveFromISR
                0x0000000000010fcc       0x68 build/obj//home/bionia/SJSU-Dev/firmware/lib/L1_FreeRTOS/src/queue.o
                0x0000000000010fcc                xQueueGiveFromISR
 .text.xQueueGenericReceive
                0x0000000000011034      0x134 build/obj//home/bionia/SJSU-Dev/firmware/lib/L1_FreeRTOS/src/queue.o
                0x0000000000011034                xQueueGenericReceive
 .text.xQueueReceiveFromISR
                0x0000000000011168       0x68 build/obj//home/bionia/SJSU-Dev/firmware/lib/L1_FreeRTOS/src/queue.o
                0x0000000000011168                xQueueReceiveFromISR
 .text.uxQueueMessagesWaiting
                0x00000000000111d0       0x12 build/obj//home/bionia/SJSU-Dev/firmware/lib/L1_FreeRTOS/src/queue.o
                0x00000000000111d0                uxQueueMessagesWaiting
 .text.uxQueueMessagesWaitingFromISR
                0x00000000000111e2        0x4 build/obj//home/bionia/SJSU-Dev/firmware/lib/L1_FreeRTOS/src/queue.o
                0x00000000000111e2                uxQueueMessagesWaitingFromISR
 *fill*         0x00000000000111e6        0x2 ff
 .text.prvIdleTask
                0x00000000000111e8       0x28 build/obj//home/bionia/SJSU-Dev/firmware/lib/L1_FreeRTOS/src/tasks.o
 .text.prvResetNextTaskUnblockTime
                0x0000000000011210       0x24 build/obj//home/bionia/SJSU-Dev/firmware/lib/L1_FreeRTOS/src/tasks.o
 .text.prvAddCurrentTaskToDelayedList
                0x0000000000011234       0x8c build/obj//home/bionia/SJSU-Dev/firmware/lib/L1_FreeRTOS/src/tasks.o
 .text.xTaskCreate
                0x00000000000112c0      0x1a4 build/obj//home/bionia/SJSU-Dev/firmware/lib/L1_FreeRTOS/src/tasks.o
                0x00000000000112c0                xTaskCreate
 .text.vTaskStartScheduler
                0x0000000000011464       0x64 build/obj//home/bionia/SJSU-Dev/firmware/lib/L1_FreeRTOS/src/tasks.o
                0x0000000000011464                vTaskStartScheduler
 .text.vTaskSuspendAll
                0x00000000000114c8       0x10 build/obj//home/bionia/SJSU-Dev/firmware/lib/L1_FreeRTOS/src/tasks.o
                0x00000000000114c8                vTaskSuspendAll
 .text.xTaskGetTickCountFromISR
                0x00000000000114d8        0xc build/obj//home/bionia/SJSU-Dev/firmware/lib/L1_FreeRTOS/src/tasks.o
                0x00000000000114d8                xTaskGetTickCountFromISR
 .text.xTaskIncrementTick
                0x00000000000114e4      0x10c build/obj//home/bionia/SJSU-Dev/firmware/lib/L1_FreeRTOS/src/tasks.o
                0x00000000000114e4                xTaskIncrementTick
 .text.xTaskResumeAll
                0x00000000000115f0       0xd8 build/obj//home/bionia/SJSU-Dev/firmware/lib/L1_FreeRTOS/src/tasks.o
                0x00000000000115f0                xTaskResumeAll
 .text.vTaskDelay
                0x00000000000116c8       0x30 build/obj//home/bionia/SJSU-Dev/firmware/lib/L1_FreeRTOS/src/tasks.o
                0x00000000000116c8                vTaskDelay
 .text.vTaskSwitchContext
                0x00000000000116f8       0xb8 build/obj//home/bionia/SJSU-Dev/firmware/lib/L1_FreeRTOS/src/tasks.o
                0x00000000000116f8                vTaskSwitchContext
 .text.vTaskPlaceOnEventList
                0x00000000000117b0       0x20 build/obj//home/bionia/SJSU-Dev/firmware/lib/L1_FreeRTOS/src/tasks.o
                0x00000000000117b0                vTaskPlaceOnEventList
 .text.xTaskRemoveFromEventList
                0x00000000000117d0       0x70 build/obj//home/bionia/SJSU-Dev/firmware/lib/L1_FreeRTOS/src/tasks.o
                0x00000000000117d0                xTaskRemoveFromEventList
 .text.vTaskSetTimeOutState
                0x0000000000011840       0x18 build/obj//home/bionia/SJSU-Dev/firmware/lib/L1_FreeRTOS/src/tasks.o
                0x0000000000011840                vTaskSetTimeOutState
 .text.xTaskCheckForTimeOut
                0x0000000000011858       0x4c build/obj//home/bionia/SJSU-Dev/firmware/lib/L1_FreeRTOS/src/tasks.o
                0x0000000000011858                xTaskCheckForTimeOut
 .text.vTaskMissedYield
                0x00000000000118a4        0xc build/obj//home/bionia/SJSU-Dev/firmware/lib/L1_FreeRTOS/src/tasks.o
                0x00000000000118a4                vTaskMissedYield
 .text.xTaskGetSchedulerState
                0x00000000000118b0       0x20 build/obj//home/bionia/SJSU-Dev/firmware/lib/L1_FreeRTOS/src/tasks.o
                0x00000000000118b0                xTaskGetSchedulerState
 .text.vTaskPriorityInherit
                0x00000000000118d0       0x90 build/obj//home/bionia/SJSU-Dev/firmware/lib/L1_FreeRTOS/src/tasks.o
                0x00000000000118d0                vTaskPriorityInherit
 .text.xTaskPriorityDisinherit
                0x0000000000011960       0x70 build/obj//home/bionia/SJSU-Dev/firmware/lib/L1_FreeRTOS/src/tasks.o
                0x0000000000011960                xTaskPriorityDisinherit
 .text.pvTaskIncrementMutexHeldCount
                0x00000000000119d0       0x18 build/obj//home/bionia/SJSU-Dev/firmware/lib/L1_FreeRTOS/src/tasks.o
                0x00000000000119d0                pvTaskIncrementMutexHeldCount
 .text.vRunTimeStatIsrEntry
                0x00000000000119e8       0x28 build/obj//home/bionia/SJSU-Dev/firmware/lib/L1_FreeRTOS/src/tasks.o
                0x00000000000119e8                vRunTimeStatIsrEntry
 .text.vRunTimeStatIsrExit
                0x0000000000011a10       0x10 build/obj//home/bionia/SJSU-Dev/firmware/lib/L1_FreeRTOS/src/tasks.o
                0x0000000000011a10                vRunTimeStatIsrExit
 .text._ZN7CharDev5flushEv
                0x0000000000011a20        0x4 build/obj//home/bionia/SJSU-Dev/firmware/lib/L2_Drivers/base/char_dev.o
                0x0000000000011a20                CharDev::flush()
 .text._ZN7CharDevC2Ev
                0x0000000000011a24       0x20 build/obj//home/bionia/SJSU-Dev/firmware/lib/L2_Drivers/base/char_dev.o
                0x0000000000011a24                CharDev::CharDev()
                0x0000000000011a24                CharDev::CharDev()
 .text._ZN7CharDevD2Ev
                0x0000000000011a44       0x18 build/obj//home/bionia/SJSU-Dev/firmware/lib/L2_Drivers/base/char_dev.o
                0x0000000000011a44                CharDev::~CharDev()
                0x0000000000011a44                CharDev::~CharDev()
 .text._ZN8I2C_Base8transferEhPhmS0_m
                0x0000000000011a5c      0x108 build/obj//home/bionia/SJSU-Dev/firmware/lib/L2_Drivers/base/i2c_base.o
                0x0000000000011a5c                I2C_Base::transfer(unsigned char, unsigned char*, unsigned long, unsigned char*, unsigned long)
 .text._ZN8I2C_Base21writeRegisterThenReadEhPhmS0_m
                0x0000000000011b64        0xc build/obj//home/bionia/SJSU-Dev/firmware/lib/L2_Drivers/base/i2c_base.o
                0x0000000000011b64                I2C_Base::writeRegisterThenRead(unsigned char, unsigned char*, unsigned long, unsigned char*, unsigned long)
 .text._ZN8I2C_Base7readRegEhh
                0x0000000000011b70       0x28 build/obj//home/bionia/SJSU-Dev/firmware/lib/L2_Drivers/base/i2c_base.o
                0x0000000000011b70                I2C_Base::readReg(unsigned char, unsigned char)
 .text._ZN8I2C_Base13readRegistersEhhPhm
                0x0000000000011b98       0x1a build/obj//home/bionia/SJSU-Dev/firmware/lib/L2_Drivers/base/i2c_base.o
                0x0000000000011b98                I2C_Base::readRegisters(unsigned char, unsigned char, unsigned char*, unsigned long)
 .text._ZN8I2C_Base14writeRegistersEhPhm
                0x0000000000011bb2       0x14 build/obj//home/bionia/SJSU-Dev/firmware/lib/L2_Drivers/base/i2c_base.o
                0x0000000000011bb2                I2C_Base::writeRegisters(unsigned char, unsigned char*, unsigned long)
 .text._ZN8I2C_Base8writeRegEhhh
                0x0000000000011bc6       0x18 build/obj//home/bionia/SJSU-Dev/firmware/lib/L2_Drivers/base/i2c_base.o
                0x0000000000011bc6                I2C_Base::writeReg(unsigned char, unsigned char, unsigned char)
 .text._ZN8I2C_Base13readRegistersEhPhm
                0x0000000000011bde       0x18 build/obj//home/bionia/SJSU-Dev/firmware/lib/L2_Drivers/base/i2c_base.o
                0x0000000000011bde                I2C_Base::readRegisters(unsigned char, unsigned char*, unsigned long)
 .text._ZN8I2C_Base19checkDeviceResponseEh
                0x0000000000011bf6       0x14 build/obj//home/bionia/SJSU-Dev/firmware/lib/L2_Drivers/base/i2c_base.o
                0x0000000000011bf6                I2C_Base::checkDeviceResponse(unsigned char)
 *fill*         0x0000000000011c0a        0x2 ff
 .text._ZN8I2C_BaseC2EP15LPC_I2C_TypeDef
                0x0000000000011c0c       0x5c build/obj//home/bionia/SJSU-Dev/firmware/lib/L2_Drivers/base/i2c_base.o
                0x0000000000011c0c                I2C_Base::I2C_Base(LPC_I2C_TypeDef*)
                0x0000000000011c0c                I2C_Base::I2C_Base(LPC_I2C_TypeDef*)
 .text._ZN8I2C_Base4initEmm
                0x0000000000011c68       0x94 build/obj//home/bionia/SJSU-Dev/firmware/lib/L2_Drivers/base/i2c_base.o
                0x0000000000011c68                I2C_Base::init(unsigned long, unsigned long)
 .text._ZN8I2C_Base7setStopEv
                0x0000000000011cfc       0x28 build/obj//home/bionia/SJSU-Dev/firmware/lib/L2_Drivers/base/i2c_base.o
                0x0000000000011cfc                I2C_Base::setStop()
 .text._ZN8I2C_Base15i2cStateMachineEv
                0x0000000000011d24      0x10a build/obj//home/bionia/SJSU-Dev/firmware/lib/L2_Drivers/base/i2c_base.o
                0x0000000000011d24                I2C_Base::i2cStateMachine()
 *fill*         0x0000000000011e2e        0x2 ff
 .text._ZN8I2C_Base15handleInterruptEv
                0x0000000000011e30       0x38 build/obj//home/bionia/SJSU-Dev/firmware/lib/L2_Drivers/base/i2c_base.o
                0x0000000000011e30                I2C_Base::handleInterrupt()
 .text._ZN7UartDev7putCharEcj
                0x0000000000011e68       0x5c build/obj//home/bionia/SJSU-Dev/firmware/lib/L2_Drivers/base/uart_dev.o
                0x0000000000011e68                UartDev::putChar(char, unsigned int)
 .text._ZN7UartDevD2Ev
                0x0000000000011ec4       0x14 build/obj//home/bionia/SJSU-Dev/firmware/lib/L2_Drivers/base/uart_dev.o
                0x0000000000011ec4                UartDev::~UartDev()
                0x0000000000011ec4                UartDev::~UartDev()
 .text._ZN7UartDevD0Ev
                0x0000000000011ed8       0x14 build/obj//home/bionia/SJSU-Dev/firmware/lib/L2_Drivers/base/uart_dev.o
                0x0000000000011ed8                UartDev::~UartDev()
 .text._ZN7UartDev5flushEv
                0x0000000000011eec       0x20 build/obj//home/bionia/SJSU-Dev/firmware/lib/L2_Drivers/base/uart_dev.o
                0x0000000000011eec                UartDev::flush()
 .text._ZN7UartDev7getCharEPcj
                0x0000000000011f0c       0x6c build/obj//home/bionia/SJSU-Dev/firmware/lib/L2_Drivers/base/uart_dev.o
                0x0000000000011f0c                UartDev::getChar(char*, unsigned int)
 .text._ZN7UartDev15handleInterruptEv
                0x0000000000011f78       0xc0 build/obj//home/bionia/SJSU-Dev/firmware/lib/L2_Drivers/base/uart_dev.o
                0x0000000000011f78                UartDev::handleInterrupt()
 .text._ZN7UartDevC2EPj
                0x0000000000012038       0x28 build/obj//home/bionia/SJSU-Dev/firmware/lib/L2_Drivers/base/uart_dev.o
                0x0000000000012038                UartDev::UartDev(unsigned int*)
                0x0000000000012038                UartDev::UartDev(unsigned int*)
 .text.adc0_start_conversion
                0x0000000000012060       0x24 build/obj//home/bionia/SJSU-Dev/firmware/lib/L2_Drivers/src/adc.o
 .text.ADC_IRQHandler
                0x0000000000012084       0x48 build/obj//home/bionia/SJSU-Dev/firmware/lib/L2_Drivers/src/adc.o
                0x0000000000012084                ADC_IRQHandler
 .text.adc0_init
                0x00000000000120cc       0x74 build/obj//home/bionia/SJSU-Dev/firmware/lib/L2_Drivers/src/adc.o
                0x00000000000120cc                adc0_init
 .text.adc0_get_reading
                0x0000000000012140       0x74 build/obj//home/bionia/SJSU-Dev/firmware/lib/L2_Drivers/src/adc.o
                0x0000000000012140                adc0_get_reading
 .text.CAN_tx_now
                0x00000000000121b4       0x32 build/obj//home/bionia/SJSU-Dev/firmware/lib/L2_Drivers/src/can.o
 *fill*         0x00000000000121e6        0x2 ff
 .text.CAN_handle_isr
                0x00000000000121e8       0xa4 build/obj//home/bionia/SJSU-Dev/firmware/lib/L2_Drivers/src/can.o
 .text.CAN_IRQHandler
                0x000000000001228c       0x28 build/obj//home/bionia/SJSU-Dev/firmware/lib/L2_Drivers/src/can.o
                0x000000000001228c                CAN_IRQHandler
 .text.handle_eint_list
                0x00000000000122b4       0x2c build/obj//home/bionia/SJSU-Dev/firmware/lib/L2_Drivers/src/eint.o
 .text.eint3_enable.isra.0
                0x00000000000122e0       0x38 build/obj//home/bionia/SJSU-Dev/firmware/lib/L2_Drivers/src/eint.o
 .text.EINT3_IRQHandler
                0x0000000000012318       0x80 build/obj//home/bionia/SJSU-Dev/firmware/lib/L2_Drivers/src/eint.o
                0x0000000000012318                EINT3_IRQHandler
 .text.eint3_enable_port0
                0x0000000000012398       0x30 build/obj//home/bionia/SJSU-Dev/firmware/lib/L2_Drivers/src/eint.o
                0x0000000000012398                eint3_enable_port0
 .text._ZN4I2C24initEj
                0x00000000000123c8       0x6c build/obj//home/bionia/SJSU-Dev/firmware/lib/L2_Drivers/src/i2c2.o
                0x00000000000123c8                I2C2::init(unsigned int)
 .text._ZN4I2C2C2Ev
                0x0000000000012434       0x14 build/obj//home/bionia/SJSU-Dev/firmware/lib/L2_Drivers/src/i2c2.o
                0x0000000000012434                I2C2::I2C2()
                0x0000000000012434                I2C2::I2C2()
 .text.I2C2_IRQHandler
                0x0000000000012448       0x28 build/obj//home/bionia/SJSU-Dev/firmware/lib/L2_Drivers/src/i2c2.o
                0x0000000000012448                I2C2_IRQHandler
 .text.RIT_IRQHandler
                0x0000000000012470       0x1c build/obj//home/bionia/SJSU-Dev/firmware/lib/L2_Drivers/src/lpc_rit.o
                0x0000000000012470                RIT_IRQHandler
 .text.lpc_timer_get_struct
                0x000000000001248c       0x20 build/obj//home/bionia/SJSU-Dev/firmware/lib/L2_Drivers/src/lpc_timers.o
 .text.lpc_timer_enable
                0x00000000000124ac       0x6c build/obj//home/bionia/SJSU-Dev/firmware/lib/L2_Drivers/src/lpc_timers.o
                0x00000000000124ac                lpc_timer_enable
 .text.rtc_gettime
                0x0000000000012518       0x48 build/obj//home/bionia/SJSU-Dev/firmware/lib/L2_Drivers/src/rtc.o
                0x0000000000012518                rtc_gettime
 .text.rtc_settime
                0x0000000000012560       0x68 build/obj//home/bionia/SJSU-Dev/firmware/lib/L2_Drivers/src/rtc.o
                0x0000000000012560                rtc_settime
 .text.rtc_init
                0x00000000000125c8       0xd0 build/obj//home/bionia/SJSU-Dev/firmware/lib/L2_Drivers/src/rtc.o
                0x00000000000125c8                rtc_init
 .text.ssp1_dma_init
                0x0000000000012698       0x1c build/obj//home/bionia/SJSU-Dev/firmware/lib/L2_Drivers/src/spi_dma.o
                0x0000000000012698                ssp1_dma_init
 .text.ssp1_dma_transfer_block
                0x00000000000126b4       0xc0 build/obj//home/bionia/SJSU-Dev/firmware/lib/L2_Drivers/src/spi_dma.o
                0x00000000000126b4                ssp1_dma_transfer_block
 .text.spi1_lock
                0x0000000000012774       0x30 build/obj//home/bionia/SJSU-Dev/firmware/lib/L2_Drivers/src/spi_sem.o
                0x0000000000012774                spi1_lock
 .text.spi1_unlock
                0x00000000000127a4       0x24 build/obj//home/bionia/SJSU-Dev/firmware/lib/L2_Drivers/src/spi_sem.o
                0x00000000000127a4                spi1_unlock
 .text._ZN5Uart0D2Ev
                0x00000000000127c8       0x14 build/obj//home/bionia/SJSU-Dev/firmware/lib/L2_Drivers/src/uart0.o
                0x00000000000127c8                Uart0::~Uart0()
                0x00000000000127c8                Uart0::~Uart0()
 .text._ZN5Uart0D0Ev
                0x00000000000127dc       0x14 build/obj//home/bionia/SJSU-Dev/firmware/lib/L2_Drivers/src/uart0.o
                0x00000000000127dc                Uart0::~Uart0()
 .text._ZN5Uart0C2Ev
                0x00000000000127f0       0x1c build/obj//home/bionia/SJSU-Dev/firmware/lib/L2_Drivers/src/uart0.o
                0x00000000000127f0                Uart0::Uart0()
                0x00000000000127f0                Uart0::Uart0()
 .text.UART0_IRQHandler
                0x000000000001280c       0x24 build/obj//home/bionia/SJSU-Dev/firmware/lib/L2_Drivers/src/uart0.o
                0x000000000001280c                UART0_IRQHandler
 .text._ZN5Uart2D2Ev
                0x0000000000012830       0x14 build/obj//home/bionia/SJSU-Dev/firmware/lib/L2_Drivers/src/uart2.o
                0x0000000000012830                Uart2::~Uart2()
                0x0000000000012830                Uart2::~Uart2()
 .text._ZN5Uart2D0Ev
                0x0000000000012844       0x14 build/obj//home/bionia/SJSU-Dev/firmware/lib/L2_Drivers/src/uart2.o
                0x0000000000012844                Uart2::~Uart2()
 .text._ZN5Uart2C2Ev
                0x0000000000012858       0x1c build/obj//home/bionia/SJSU-Dev/firmware/lib/L2_Drivers/src/uart2.o
                0x0000000000012858                Uart2::Uart2()
                0x0000000000012858                Uart2::Uart2()
 .text.UART2_IRQHandler
                0x0000000000012874       0x24 build/obj//home/bionia/SJSU-Dev/firmware/lib/L2_Drivers/src/uart2.o
                0x0000000000012874                UART2_IRQHandler
 .text._ZN5Uart3D2Ev
                0x0000000000012898       0x14 build/obj//home/bionia/SJSU-Dev/firmware/lib/L2_Drivers/src/uart3.o
                0x0000000000012898                Uart3::~Uart3()
                0x0000000000012898                Uart3::~Uart3()
 .text._ZN5Uart3D0Ev
                0x00000000000128ac       0x14 build/obj//home/bionia/SJSU-Dev/firmware/lib/L2_Drivers/src/uart3.o
                0x00000000000128ac                Uart3::~Uart3()
 .text._ZN5Uart3C2Ev
                0x00000000000128c0       0x1c build/obj//home/bionia/SJSU-Dev/firmware/lib/L2_Drivers/src/uart3.o
                0x00000000000128c0                Uart3::Uart3()
                0x00000000000128c0                Uart3::Uart3()
 .text.UART3_IRQHandler
                0x00000000000128dc       0x24 build/obj//home/bionia/SJSU-Dev/firmware/lib/L2_Drivers/src/uart3.o
                0x00000000000128dc                UART3_IRQHandler
 .text.c_list_create
                0x0000000000012900       0x14 build/obj//home/bionia/SJSU-Dev/firmware/lib/L3_Utils/src/c_list.o
                0x0000000000012900                c_list_create
 .text.c_list_insert_elm_end
                0x0000000000012914       0x38 build/obj//home/bionia/SJSU-Dev/firmware/lib/L3_Utils/src/c_list.o
                0x0000000000012914                c_list_insert_elm_end
 .text.c_list_find_elm
                0x000000000001294c       0x2c build/obj//home/bionia/SJSU-Dev/firmware/lib/L3_Utils/src/c_list.o
                0x000000000001294c                c_list_find_elm
 .text.c_list_for_each_elm
                0x0000000000012978       0x2a build/obj//home/bionia/SJSU-Dev/firmware/lib/L3_Utils/src/c_list.o
                0x0000000000012978                c_list_for_each_elm
 *fill*         0x00000000000129a2        0x2 ff
 .text.logger_write_to_file
                0x00000000000129a4       0xb4 build/obj//home/bionia/SJSU-Dev/firmware/lib/L3_Utils/src/file_logger.o
 .text.logger_task
                0x0000000000012a58       0xd0 build/obj//home/bionia/SJSU-Dev/firmware/lib/L3_Utils/src/file_logger.o
 .text.logger_init
                0x0000000000012b28       0xcc build/obj//home/bionia/SJSU-Dev/firmware/lib/L3_Utils/src/file_logger.o
                0x0000000000012b28                logger_init
 .text.u0_dbg_put
                0x0000000000012bf4       0x1e build/obj//home/bionia/SJSU-Dev/firmware/lib/L3_Utils/src/printf_lib.o
                0x0000000000012bf4                u0_dbg_put
 .text.u0_dbg_printf
                0x0000000000012c12       0x3c build/obj//home/bionia/SJSU-Dev/firmware/lib/L3_Utils/src/printf_lib.o
                0x0000000000012c12                u0_dbg_printf
 .text.for_each_recur_alarm_callback
                0x0000000000012c4e       0x24 build/obj//home/bionia/SJSU-Dev/firmware/lib/L3_Utils/src/rtc_alarm.o
 .text.for_each_alarm_callback
                0x0000000000012c72       0x5a build/obj//home/bionia/SJSU-Dev/firmware/lib/L3_Utils/src/rtc_alarm.o
 .text.RTC_IRQHandler
                0x0000000000012ccc       0xac build/obj//home/bionia/SJSU-Dev/firmware/lib/L3_Utils/src/rtc_alarm.o
                0x0000000000012ccc                RTC_IRQHandler
 .text.delay_us
                0x0000000000012d78       0x1c build/obj//home/bionia/SJSU-Dev/firmware/lib/L3_Utils/src/utilities.o
                0x0000000000012d78                delay_us
 .text.is_freertos_running
                0x0000000000012d94        0xe build/obj//home/bionia/SJSU-Dev/firmware/lib/L3_Utils/src/utilities.o
                0x0000000000012d94                is_freertos_running
 .text.delay_ms
                0x0000000000012da2       0x22 build/obj//home/bionia/SJSU-Dev/firmware/lib/L3_Utils/src/utilities.o
                0x0000000000012da2                delay_ms
 .text.tlm_component_find_by_name
                0x0000000000012dc4       0x10 build/obj//home/bionia/SJSU-Dev/firmware/lib/L3_Utils/tlm/src/c_tlm_comp.o
 .text.tlm_component_get_by_name
                0x0000000000012dd4       0x24 build/obj//home/bionia/SJSU-Dev/firmware/lib/L3_Utils/tlm/src/c_tlm_comp.o
                0x0000000000012dd4                tlm_component_get_by_name
 .text.tlm_component_add
                0x0000000000012df8       0x6c build/obj//home/bionia/SJSU-Dev/firmware/lib/L3_Utils/tlm/src/c_tlm_comp.o
                0x0000000000012df8                tlm_component_add
 .text.disk_initialize
                0x0000000000012e64       0x26 build/obj//home/bionia/SJSU-Dev/firmware/lib/L4_IO/fat/disk/diskio.o
                0x0000000000012e64                disk_initialize
 .text.disk_status
                0x0000000000012e8a       0x10 build/obj//home/bionia/SJSU-Dev/firmware/lib/L4_IO/fat/disk/diskio.o
                0x0000000000012e8a                disk_status
 .text.disk_read
                0x0000000000012e9a       0x38 build/obj//home/bionia/SJSU-Dev/firmware/lib/L4_IO/fat/disk/diskio.o
                0x0000000000012e9a                disk_read
 .text.disk_write
                0x0000000000012ed2       0x38 build/obj//home/bionia/SJSU-Dev/firmware/lib/L4_IO/fat/disk/diskio.o
                0x0000000000012ed2                disk_write
 .text.disk_ioctl
                0x0000000000012f0a       0x32 build/obj//home/bionia/SJSU-Dev/firmware/lib/L4_IO/fat/disk/diskio.o
                0x0000000000012f0a                disk_ioctl
 .text.sys_get_uptime_ms
                0x0000000000012f3c       0x12 build/obj//home/bionia/SJSU-Dev/firmware/lib/L4_IO/fat/disk/sd.o
 *fill*         0x0000000000012f4e        0x2 ff
 .text.ssp1_set_max_clock
                0x0000000000012f50       0x30 build/obj//home/bionia/SJSU-Dev/firmware/lib/L4_IO/fat/disk/sd.o
 .text.ssp1_exchange_byte
                0x0000000000012f80       0x14 build/obj//home/bionia/SJSU-Dev/firmware/lib/L4_IO/fat/disk/sd.o
 .text.wait_ready
                0x0000000000012f94       0x2e build/obj//home/bionia/SJSU-Dev/firmware/lib/L4_IO/fat/disk/sd.o
                0x0000000000012f94                wait_ready
 *fill*         0x0000000000012fc2        0x2 ff
 .text.power_off
                0x0000000000012fc4       0x24 build/obj//home/bionia/SJSU-Dev/firmware/lib/L4_IO/fat/disk/sd.o
                0x0000000000012fc4                power_off
 .text.rcvr_datablock
                0x0000000000012fe8       0x8c build/obj//home/bionia/SJSU-Dev/firmware/lib/L4_IO/fat/disk/sd.o
                0x0000000000012fe8                rcvr_datablock
 .text.xmit_datablock
                0x0000000000013074       0x4c build/obj//home/bionia/SJSU-Dev/firmware/lib/L4_IO/fat/disk/sd.o
                0x0000000000013074                xmit_datablock
 .text.send_cmd
                0x00000000000130c0       0x8c build/obj//home/bionia/SJSU-Dev/firmware/lib/L4_IO/fat/disk/sd.o
                0x00000000000130c0                send_cmd
 .text.sd_update_card_status
                0x000000000001314c       0x24 build/obj//home/bionia/SJSU-Dev/firmware/lib/L4_IO/fat/disk/sd.o
                0x000000000001314c                sd_update_card_status
 .text.sd_initialize
                0x0000000000013170      0x16c build/obj//home/bionia/SJSU-Dev/firmware/lib/L4_IO/fat/disk/sd.o
                0x0000000000013170                sd_initialize
 .text.sd_status
                0x00000000000132dc       0x10 build/obj//home/bionia/SJSU-Dev/firmware/lib/L4_IO/fat/disk/sd.o
                0x00000000000132dc                sd_status
 .text.sd_read  0x00000000000132ec       0x98 build/obj//home/bionia/SJSU-Dev/firmware/lib/L4_IO/fat/disk/sd.o
                0x00000000000132ec                sd_read
 .text.sd_write
                0x0000000000013384       0xb4 build/obj//home/bionia/SJSU-Dev/firmware/lib/L4_IO/fat/disk/sd.o
                0x0000000000013384                sd_write
 .text.sd_ioctl
                0x0000000000013438      0x21c build/obj//home/bionia/SJSU-Dev/firmware/lib/L4_IO/fat/disk/sd.o
                0x0000000000013438                sd_ioctl
 .text._ZL24flash_get_mem_size_bytesv
                0x0000000000013654       0x20 build/obj//home/bionia/SJSU-Dev/firmware/lib/L4_IO/fat/disk/spi_flash.o
 .text._ZL37flash_perform_page_io_of_fatfs_sectorPFvPhmmES_m
                0x0000000000013674       0x74 build/obj//home/bionia/SJSU-Dev/firmware/lib/L4_IO/fat/disk/spi_flash.o
 .text.ssp1_exchange_data
                0x00000000000136e8       0xac build/obj//home/bionia/SJSU-Dev/firmware/lib/L4_IO/fat/disk/spi_flash.o
 .text._ZL18flash_send_op_addr14flash_opcode_tm
                0x0000000000013794       0x26 build/obj//home/bionia/SJSU-Dev/firmware/lib/L4_IO/fat/disk/spi_flash.o
 *fill*         0x00000000000137ba        0x2 ff
 .text._ZL15flash_read_pagePhmm
                0x00000000000137bc       0x44 build/obj//home/bionia/SJSU-Dev/firmware/lib/L4_IO/fat/disk/spi_flash.o
 .text._ZL20flash_wait_for_readyv
                0x0000000000013800       0x40 build/obj//home/bionia/SJSU-Dev/firmware/lib/L4_IO/fat/disk/spi_flash.o
 .text.flash_initialize
                0x0000000000013840       0x98 build/obj//home/bionia/SJSU-Dev/firmware/lib/L4_IO/fat/disk/spi_flash.o
                0x0000000000013840                flash_initialize
 .text.flash_read_sectors
                0x00000000000138d8       0x70 build/obj//home/bionia/SJSU-Dev/firmware/lib/L4_IO/fat/disk/spi_flash.o
                0x00000000000138d8                flash_read_sectors
 .text.flash_write_sectors
                0x0000000000013948       0x4c build/obj//home/bionia/SJSU-Dev/firmware/lib/L4_IO/fat/disk/spi_flash.o
                0x0000000000013948                flash_write_sectors
 .text.flash_ioctl
                0x0000000000013994       0x36 build/obj//home/bionia/SJSU-Dev/firmware/lib/L4_IO/fat/disk/spi_flash.o
                0x0000000000013994                flash_ioctl
 *fill*         0x00000000000139ca        0x2 ff
 .text.flash_write_permanent_id
                0x00000000000139cc       0x44 build/obj//home/bionia/SJSU-Dev/firmware/lib/L4_IO/fat/disk/spi_flash.o
                0x00000000000139cc                flash_write_permanent_id
 .text.flash_read_permanent_id
                0x0000000000013a10       0x28 build/obj//home/bionia/SJSU-Dev/firmware/lib/L4_IO/fat/disk/spi_flash.o
                0x0000000000013a10                flash_read_permanent_id
 .text.flash_get_page_count
                0x0000000000013a38       0x20 build/obj//home/bionia/SJSU-Dev/firmware/lib/L4_IO/fat/disk/spi_flash.o
                0x0000000000013a38                flash_get_page_count
 .text.flash_get_page_size
                0x0000000000013a58        0xc build/obj//home/bionia/SJSU-Dev/firmware/lib/L4_IO/fat/disk/spi_flash.o
                0x0000000000013a58                flash_get_page_size
 .text.flash_supports_metadata
                0x0000000000013a64       0x10 build/obj//home/bionia/SJSU-Dev/firmware/lib/L4_IO/fat/disk/spi_flash.o
                0x0000000000013a64                flash_supports_metadata
 .text._ZL16flash_write_pagePhmm
                0x0000000000013a74       0x8c build/obj//home/bionia/SJSU-Dev/firmware/lib/L4_IO/fat/disk/spi_flash.o
 .text.flash_chip_erase
                0x0000000000013b00       0x2c build/obj//home/bionia/SJSU-Dev/firmware/lib/L4_IO/fat/disk/spi_flash.o
                0x0000000000013b00                flash_chip_erase
 .text.get_fattime
                0x0000000000013b2c       0x52 build/obj//home/bionia/SJSU-Dev/firmware/lib/L4_IO/fat/fatfs_time.o
                0x0000000000013b2c                get_fattime
 .text.mem_cpy  0x0000000000013b7e       0x38 build/obj//home/bionia/SJSU-Dev/firmware/lib/L4_IO/fat/ff.o
 .text.mem_set  0x0000000000013bb6        0xe build/obj//home/bionia/SJSU-Dev/firmware/lib/L4_IO/fat/ff.o
 .text.sum_sfn  0x0000000000013bc4       0x1e build/obj//home/bionia/SJSU-Dev/firmware/lib/L4_IO/fat/ff.o
 .text.get_ldnumber
                0x0000000000013be2       0x3a build/obj//home/bionia/SJSU-Dev/firmware/lib/L4_IO/fat/ff.o
 .text.sync_window.part.1
                0x0000000000013c1c       0x46 build/obj//home/bionia/SJSU-Dev/firmware/lib/L4_IO/fat/ff.o
 .text.sync_window
                0x0000000000013c62        0xc build/obj//home/bionia/SJSU-Dev/firmware/lib/L4_IO/fat/ff.o
 *fill*         0x0000000000013c6e        0x2 ff
 .text.sync_fs  0x0000000000013c70       0x74 build/obj//home/bionia/SJSU-Dev/firmware/lib/L4_IO/fat/ff.o
 .text.move_window
                0x0000000000013ce4       0x34 build/obj//home/bionia/SJSU-Dev/firmware/lib/L4_IO/fat/ff.o
 .text.check_fs
                0x0000000000013d18       0x4c build/obj//home/bionia/SJSU-Dev/firmware/lib/L4_IO/fat/ff.o
 .text.find_volume
                0x0000000000013d64      0x21c build/obj//home/bionia/SJSU-Dev/firmware/lib/L4_IO/fat/ff.o
 .text.validate
                0x0000000000013f80       0x3a build/obj//home/bionia/SJSU-Dev/firmware/lib/L4_IO/fat/ff.o
 .text.unlock_fs
                0x0000000000013fba       0x1a build/obj//home/bionia/SJSU-Dev/firmware/lib/L4_IO/fat/ff.o
 .text.clust2sect
                0x0000000000013fd4       0x16 build/obj//home/bionia/SJSU-Dev/firmware/lib/L4_IO/fat/ff.o
                0x0000000000013fd4                clust2sect
 .text.get_fat  0x0000000000013fea       0xa6 build/obj//home/bionia/SJSU-Dev/firmware/lib/L4_IO/fat/ff.o
                0x0000000000013fea                get_fat
 .text.dir_sdi  0x0000000000014090       0x80 build/obj//home/bionia/SJSU-Dev/firmware/lib/L4_IO/fat/ff.o
 .text.put_fat  0x0000000000014110       0xd2 build/obj//home/bionia/SJSU-Dev/firmware/lib/L4_IO/fat/ff.o
                0x0000000000014110                put_fat
 .text.create_chain
                0x00000000000141e2       0xa0 build/obj//home/bionia/SJSU-Dev/firmware/lib/L4_IO/fat/ff.o
 .text.dir_next
                0x0000000000014282       0xec build/obj//home/bionia/SJSU-Dev/firmware/lib/L4_IO/fat/ff.o
 *fill*         0x000000000001436e        0x2 ff
 .text.dir_find.part.9
                0x0000000000014370      0x120 build/obj//home/bionia/SJSU-Dev/firmware/lib/L4_IO/fat/ff.o
 .text.follow_path
                0x0000000000014490      0x270 build/obj//home/bionia/SJSU-Dev/firmware/lib/L4_IO/fat/ff.o
 .text.dir_register
                0x0000000000014700      0x238 build/obj//home/bionia/SJSU-Dev/firmware/lib/L4_IO/fat/ff.o
 .text.remove_chain
                0x0000000000014938       0x58 build/obj//home/bionia/SJSU-Dev/firmware/lib/L4_IO/fat/ff.o
 .text.f_mount  0x0000000000014990       0x7c build/obj//home/bionia/SJSU-Dev/firmware/lib/L4_IO/fat/ff.o
                0x0000000000014990                f_mount
 .text.f_open   0x0000000000014a0c      0x12e build/obj//home/bionia/SJSU-Dev/firmware/lib/L4_IO/fat/ff.o
                0x0000000000014a0c                f_open
 .text.f_read   0x0000000000014b3a      0x170 build/obj//home/bionia/SJSU-Dev/firmware/lib/L4_IO/fat/ff.o
                0x0000000000014b3a                f_read
 .text.f_write  0x0000000000014caa      0x1ac build/obj//home/bionia/SJSU-Dev/firmware/lib/L4_IO/fat/ff.o
                0x0000000000014caa                f_write
 .text.f_sync   0x0000000000014e56       0x8a build/obj//home/bionia/SJSU-Dev/firmware/lib/L4_IO/fat/ff.o
                0x0000000000014e56                f_sync
 .text.f_close  0x0000000000014ee0       0x24 build/obj//home/bionia/SJSU-Dev/firmware/lib/L4_IO/fat/ff.o
                0x0000000000014ee0                f_close
 .text.f_lseek  0x0000000000014f04      0x14e build/obj//home/bionia/SJSU-Dev/firmware/lib/L4_IO/fat/ff.o
                0x0000000000014f04                f_lseek
 .text.f_getfree
                0x0000000000015052       0xc8 build/obj//home/bionia/SJSU-Dev/firmware/lib/L4_IO/fat/ff.o
                0x0000000000015052                f_getfree
 *fill*         0x000000000001511a        0x2 ff
 .text.f_mkfs   0x000000000001511c      0x4f4 build/obj//home/bionia/SJSU-Dev/firmware/lib/L4_IO/fat/ff.o
                0x000000000001511c                f_mkfs
 .text.ff_convert
                0x0000000000015610       0x3c build/obj//home/bionia/SJSU-Dev/firmware/lib/L4_IO/fat/option/ccsbcs.o
                0x0000000000015610                ff_convert
 .text.ff_wtoupper
                0x000000000001564c       0x24 build/obj//home/bionia/SJSU-Dev/firmware/lib/L4_IO/fat/option/ccsbcs.o
                0x000000000001564c                ff_wtoupper
 .text.ff_cre_syncobj
                0x0000000000015670       0x14 build/obj//home/bionia/SJSU-Dev/firmware/lib/L4_IO/fat/option/reentrant.o
                0x0000000000015670                ff_cre_syncobj
 .text.ff_del_syncobj
                0x0000000000015684        0x4 build/obj//home/bionia/SJSU-Dev/firmware/lib/L4_IO/fat/option/reentrant.o
                0x0000000000015684                ff_del_syncobj
 .text.ff_req_grant
                0x0000000000015688       0x26 build/obj//home/bionia/SJSU-Dev/firmware/lib/L4_IO/fat/option/reentrant.o
                0x0000000000015688                ff_req_grant
 .text.ff_rel_grant
                0x00000000000156ae       0x1e build/obj//home/bionia/SJSU-Dev/firmware/lib/L4_IO/fat/option/reentrant.o
                0x00000000000156ae                ff_rel_grant
 .text._ZN11i2c2_device8writeRegEhh
                0x00000000000156cc        0xc build/obj//home/bionia/SJSU-Dev/firmware/lib/L4_IO/src/io_source.o
                0x00000000000156cc                i2c2_device::writeReg(unsigned char, unsigned char)
 .text._ZN11i2c2_device16get16BitRegisterEh
                0x00000000000156d8       0x2a build/obj//home/bionia/SJSU-Dev/firmware/lib/L4_IO/src/io_source.o
                0x00000000000156d8                i2c2_device::get16BitRegister(unsigned char)
 .text._ZN19Acceleration_Sensor4initEv
                0x0000000000015702       0x20 build/obj//home/bionia/SJSU-Dev/firmware/lib/L4_IO/src/io_source.o
                0x0000000000015702                Acceleration_Sensor::init()
 *fill*         0x0000000000015722        0x2 ff
 .text._ZN9IR_Sensor11storeIrCodeEm
                0x0000000000015724       0x1c build/obj//home/bionia/SJSU-Dev/firmware/lib/L4_IO/src/io_source.o
                0x0000000000015724                IR_Sensor::storeIrCode(unsigned long)
 .text._ZN9IR_Sensor12decodeIrCodeEv
                0x0000000000015740       0x64 build/obj//home/bionia/SJSU-Dev/firmware/lib/L4_IO/src/io_source.o
                0x0000000000015740                IR_Sensor::decodeIrCode()
 .text._ZN9IR_Sensor4initEv
                0x00000000000157a4       0x34 build/obj//home/bionia/SJSU-Dev/firmware/lib/L4_IO/src/io_source.o
                0x00000000000157a4                IR_Sensor::init()
 .text._ZN11LED_Display12setLeftDigitEc
                0x00000000000157d8       0x18 build/obj//home/bionia/SJSU-Dev/firmware/lib/L4_IO/src/io_source.o
                0x00000000000157d8                LED_Display::setLeftDigit(char)
 .text._ZN11LED_Display13setRightDigitEc
                0x00000000000157f0       0x18 build/obj//home/bionia/SJSU-Dev/firmware/lib/L4_IO/src/io_source.o
                0x00000000000157f0                LED_Display::setRightDigit(char)
 .text._ZN11LED_Display4initEv
                0x0000000000015808       0x38 build/obj//home/bionia/SJSU-Dev/firmware/lib/L4_IO/src/io_source.o
                0x0000000000015808                LED_Display::init()
 .text._ZN11LED_Display9setNumberEc
                0x0000000000015840       0x3a build/obj//home/bionia/SJSU-Dev/firmware/lib/L4_IO/src/io_source.o
                0x0000000000015840                LED_Display::setNumber(char)
 .text._ZN3LED4initEv
                0x000000000001587a        0x4 build/obj//home/bionia/SJSU-Dev/firmware/lib/L4_IO/src/io_source.o
                0x000000000001587a                LED::init()
 *fill*         0x000000000001587e        0x2 ff
 .text._ZN3LED6setAllEh
                0x0000000000015880       0x50 build/obj//home/bionia/SJSU-Dev/firmware/lib/L4_IO/src/io_source.o
                0x0000000000015880                LED::setAll(unsigned char)
 .text._ZN12Light_Sensor4initEv
                0x00000000000158d0        0x4 build/obj//home/bionia/SJSU-Dev/firmware/lib/L4_IO/src/io_source.o
                0x00000000000158d0                Light_Sensor::init()
 .text._ZN12Light_Sensor11getRawValueEv
                0x00000000000158d4        0x6 build/obj//home/bionia/SJSU-Dev/firmware/lib/L4_IO/src/io_source.o
                0x00000000000158d4                Light_Sensor::getRawValue()
 .text._ZN8Switches4initEv
                0x00000000000158da        0x4 build/obj//home/bionia/SJSU-Dev/firmware/lib/L4_IO/src/io_source.o
                0x00000000000158da                Switches::init()
 *fill*         0x00000000000158de        0x2 ff
 .text._ZN8Switches15getSwitchValuesEv
                0x00000000000158e0       0x18 build/obj//home/bionia/SJSU-Dev/firmware/lib/L4_IO/src/io_source.o
                0x00000000000158e0                Switches::getSwitchValues()
 .text._ZN8I2C_Temp4initEv
                0x00000000000158f8       0x22 build/obj//home/bionia/SJSU-Dev/firmware/lib/L4_IO/src/io_source.o
                0x00000000000158f8                I2C_Temp::init()
 .text._ZN8I2C_Temp10getCelsiusEv
                0x000000000001591a       0x30 build/obj//home/bionia/SJSU-Dev/firmware/lib/L4_IO/src/io_source.o
                0x000000000001591a                I2C_Temp::getCelsius()
 *fill*         0x000000000001594a        0x2 ff
 .text._ZN8I2C_Temp12getFarenheitEv
                0x000000000001594c       0x24 build/obj//home/bionia/SJSU-Dev/firmware/lib/L4_IO/src/io_source.o
                0x000000000001594c                I2C_Temp::getFarenheit()
 .text._ZN7Storage4readEPKcPvjj
                0x0000000000015970       0x44 build/obj//home/bionia/SJSU-Dev/firmware/lib/L4_IO/src/storage.o
                0x0000000000015970                Storage::read(char const*, void*, unsigned int, unsigned int)
 .text.mesh_incr_soft_timers_for_arr
                0x00000000000159b4       0x26 build/obj//home/bionia/SJSU-Dev/firmware/lib/L4_IO/wireless/src/mesh.o
 *fill*         0x00000000000159da        0x2 ff
 .text.mesh_update_soft_timers
                0x00000000000159dc       0x4c build/obj//home/bionia/SJSU-Dev/firmware/lib/L4_IO/wireless/src/mesh.o
 .text.mesh_send_packet
                0x0000000000015a28       0x3c build/obj//home/bionia/SJSU-Dev/firmware/lib/L4_IO/wireless/src/mesh.o
 .text.mesh_send_retry_packet
                0x0000000000015a64       0x34 build/obj//home/bionia/SJSU-Dev/firmware/lib/L4_IO/wireless/src/mesh.o
 .text.mesh_find_rte_tbl_entry
                0x0000000000015a98       0x24 build/obj//home/bionia/SJSU-Dev/firmware/lib/L4_IO/wireless/src/mesh.o
 .text.mesh_update_rte_scores
                0x0000000000015abc       0x28 build/obj//home/bionia/SJSU-Dev/firmware/lib/L4_IO/wireless/src/mesh.o
 .text.mesh_get_pnd_pkt_slot
                0x0000000000015ae4       0x40 build/obj//home/bionia/SJSU-Dev/firmware/lib/L4_IO/wireless/src/mesh.o
 .text.mesh_pending_packets_add
                0x0000000000015b24       0x90 build/obj//home/bionia/SJSU-Dev/firmware/lib/L4_IO/wireless/src/mesh.o
 .text.mesh_get_rte_to_modify
                0x0000000000015bb4       0x58 build/obj//home/bionia/SJSU-Dev/firmware/lib/L4_IO/wireless/src/mesh.o
 .text.mesh_handle_pnd_pkts_for_arr
                0x0000000000015c0c      0x178 build/obj//home/bionia/SJSU-Dev/firmware/lib/L4_IO/wireless/src/mesh.o
 .text.mesh_set_node_address
                0x0000000000015d84       0x18 build/obj//home/bionia/SJSU-Dev/firmware/lib/L4_IO/wireless/src/mesh.o
                0x0000000000015d84                mesh_set_node_address
 .text.mesh_get_node_address
                0x0000000000015d9c        0xc build/obj//home/bionia/SJSU-Dev/firmware/lib/L4_IO/wireless/src/mesh.o
                0x0000000000015d9c                mesh_get_node_address
 .text.mesh_form_pkt
                0x0000000000015da8       0xf8 build/obj//home/bionia/SJSU-Dev/firmware/lib/L4_IO/wireless/src/mesh.o
                0x0000000000015da8                mesh_form_pkt
 .text.mesh_send_formed_pkt
                0x0000000000015ea0       0x58 build/obj//home/bionia/SJSU-Dev/firmware/lib/L4_IO/wireless/src/mesh.o
                0x0000000000015ea0                mesh_send_formed_pkt
 .text.mesh_init
                0x0000000000015ef8      0x100 build/obj//home/bionia/SJSU-Dev/firmware/lib/L4_IO/wireless/src/mesh.o
                0x0000000000015ef8                mesh_init
 .text.mesh_send
                0x0000000000015ff8       0x3e build/obj//home/bionia/SJSU-Dev/firmware/lib/L4_IO/wireless/src/mesh.o
                0x0000000000015ff8                mesh_send
 .text.mesh_send_ack
                0x0000000000016036       0x1a build/obj//home/bionia/SJSU-Dev/firmware/lib/L4_IO/wireless/src/mesh.o
 .text.mesh_get_num_routing_entries
                0x0000000000016050       0x1c build/obj//home/bionia/SJSU-Dev/firmware/lib/L4_IO/wireless/src/mesh.o
                0x0000000000016050                mesh_get_num_routing_entries
 .text.mesh_service
                0x000000000001606c      0x2d0 build/obj//home/bionia/SJSU-Dev/firmware/lib/L4_IO/wireless/src/mesh.o
                0x000000000001606c                mesh_service
 .text.mesh_get_pnd_pkt_count
                0x000000000001633c       0x34 build/obj//home/bionia/SJSU-Dev/firmware/lib/L4_IO/wireless/src/mesh.o
                0x000000000001633c                mesh_get_pnd_pkt_count
 .text.nordic_transfer
                0x0000000000016370       0xe8 build/obj//home/bionia/SJSU-Dev/firmware/lib/L4_IO/wireless/src/nrf24L01Plus.o
 .text.nordic_readRegister
                0x0000000000016458       0x20 build/obj//home/bionia/SJSU-Dev/firmware/lib/L4_IO/wireless/src/nrf24L01Plus.o
 .text.nordic_writeRegister
                0x0000000000016478       0x1e build/obj//home/bionia/SJSU-Dev/firmware/lib/L4_IO/wireless/src/nrf24L01Plus.o
 .text.nordic_is_tx_fifo_empty
                0x0000000000016496        0xe build/obj//home/bionia/SJSU-Dev/firmware/lib/L4_IO/wireless/src/nrf24L01Plus.o
                0x0000000000016496                nordic_is_tx_fifo_empty
 .text.nordic_clear_all_intr_flags
                0x00000000000164a4        0x8 build/obj//home/bionia/SJSU-Dev/firmware/lib/L4_IO/wireless/src/nrf24L01Plus.o
                0x00000000000164a4                nordic_clear_all_intr_flags
 .text.nordic_queue_tx_fifo
                0x00000000000164ac        0xc build/obj//home/bionia/SJSU-Dev/firmware/lib/L4_IO/wireless/src/nrf24L01Plus.o
                0x00000000000164ac                nordic_queue_tx_fifo
 .text.nordic_standby1_to_tx_mode1
                0x00000000000164b8       0x16 build/obj//home/bionia/SJSU-Dev/firmware/lib/L4_IO/wireless/src/nrf24L01Plus.o
                0x00000000000164b8                nordic_standby1_to_tx_mode1
 *fill*         0x00000000000164ce        0x2 ff
 .text.nordic_rx_to_Stanby1
                0x00000000000164d0       0x10 build/obj//home/bionia/SJSU-Dev/firmware/lib/L4_IO/wireless/src/nrf24L01Plus.o
                0x00000000000164d0                nordic_rx_to_Stanby1
 .text.nordic_standby1_to_rx
                0x00000000000164e0       0x24 build/obj//home/bionia/SJSU-Dev/firmware/lib/L4_IO/wireless/src/nrf24L01Plus.o
                0x00000000000164e0                nordic_standby1_to_rx
 .text.nordic_clear_packet_sent_flag
                0x0000000000016504        0x8 build/obj//home/bionia/SJSU-Dev/firmware/lib/L4_IO/wireless/src/nrf24L01Plus.o
                0x0000000000016504                nordic_clear_packet_sent_flag
 .text.nordic_flush_tx_fifo
                0x000000000001650c        0xc build/obj//home/bionia/SJSU-Dev/firmware/lib/L4_IO/wireless/src/nrf24L01Plus.o
                0x000000000001650c                nordic_flush_tx_fifo
 .text.nordic_mode1_send_single_packet
                0x0000000000016518       0x4c build/obj//home/bionia/SJSU-Dev/firmware/lib/L4_IO/wireless/src/nrf24L01Plus.o
                0x0000000000016518                nordic_mode1_send_single_packet
 .text.nordic_is_packet_available
                0x0000000000016564       0x10 build/obj//home/bionia/SJSU-Dev/firmware/lib/L4_IO/wireless/src/nrf24L01Plus.o
                0x0000000000016564                nordic_is_packet_available
 .text.nordic_clear_packet_available_flag
                0x0000000000016574        0x8 build/obj//home/bionia/SJSU-Dev/firmware/lib/L4_IO/wireless/src/nrf24L01Plus.o
                0x0000000000016574                nordic_clear_packet_available_flag
 .text.nordic_read_rx_fifo
                0x000000000001657c       0x14 build/obj//home/bionia/SJSU-Dev/firmware/lib/L4_IO/wireless/src/nrf24L01Plus.o
                0x000000000001657c                nordic_read_rx_fifo
 .text.nordic_flush_rx_fifo
                0x0000000000016590        0xc build/obj//home/bionia/SJSU-Dev/firmware/lib/L4_IO/wireless/src/nrf24L01Plus.o
                0x0000000000016590                nordic_flush_rx_fifo
 .text.nordic_set_intr_signals
                0x000000000001659c       0x3e build/obj//home/bionia/SJSU-Dev/firmware/lib/L4_IO/wireless/src/nrf24L01Plus.o
                0x000000000001659c                nordic_set_intr_signals
 .text.nordic_set_crc
                0x00000000000165da       0x38 build/obj//home/bionia/SJSU-Dev/firmware/lib/L4_IO/wireless/src/nrf24L01Plus.o
                0x00000000000165da                nordic_set_crc
 .text.nordic_power_up
                0x0000000000016612       0x18 build/obj//home/bionia/SJSU-Dev/firmware/lib/L4_IO/wireless/src/nrf24L01Plus.o
                0x0000000000016612                nordic_power_up
 .text.nordic_power_down
                0x000000000001662a       0x16 build/obj//home/bionia/SJSU-Dev/firmware/lib/L4_IO/wireless/src/nrf24L01Plus.o
                0x000000000001662a                nordic_power_down
 .text.nordic_set_channel
                0x0000000000016640       0x24 build/obj//home/bionia/SJSU-Dev/firmware/lib/L4_IO/wireless/src/nrf24L01Plus.o
                0x0000000000016640                nordic_set_channel
 .text.nordic_set_air_data_rate
                0x0000000000016664       0x2c build/obj//home/bionia/SJSU-Dev/firmware/lib/L4_IO/wireless/src/nrf24L01Plus.o
                0x0000000000016664                nordic_set_air_data_rate
 .text.nordic_set_power_level
                0x0000000000016690       0x24 build/obj//home/bionia/SJSU-Dev/firmware/lib/L4_IO/wireless/src/nrf24L01Plus.o
                0x0000000000016690                nordic_set_power_level
 .text.nordic_set_auto_transmit_options
                0x00000000000166b4       0x2c build/obj//home/bionia/SJSU-Dev/firmware/lib/L4_IO/wireless/src/nrf24L01Plus.o
                0x00000000000166b4                nordic_set_auto_transmit_options
 .text.nordic_set_payload_for_pipe
                0x00000000000166e0       0x14 build/obj//home/bionia/SJSU-Dev/firmware/lib/L4_IO/wireless/src/nrf24L01Plus.o
                0x00000000000166e0                nordic_set_payload_for_pipe
 .text.nordic_set_addr_width
                0x00000000000166f4       0x16 build/obj//home/bionia/SJSU-Dev/firmware/lib/L4_IO/wireless/src/nrf24L01Plus.o
                0x00000000000166f4                nordic_set_addr_width
 .text.nordic_set_tx_address
                0x000000000001670a        0xc build/obj//home/bionia/SJSU-Dev/firmware/lib/L4_IO/wireless/src/nrf24L01Plus.o
                0x000000000001670a                nordic_set_tx_address
 .text.nordic_set_rx_pipe0_addr
                0x0000000000016716        0xc build/obj//home/bionia/SJSU-Dev/firmware/lib/L4_IO/wireless/src/nrf24L01Plus.o
                0x0000000000016716                nordic_set_rx_pipe0_addr
 *fill*         0x0000000000016722        0x2 ff
 .text.nordic_init
                0x0000000000016724       0xc8 build/obj//home/bionia/SJSU-Dev/firmware/lib/L4_IO/wireless/src/nrf24L01Plus.o
                0x0000000000016724                nordic_init
 .text.nrf_driver_init
                0x00000000000167ec       0x70 build/obj//home/bionia/SJSU-Dev/firmware/lib/L4_IO/wireless/src/wireless.o
 .text.nrf_driver_app_recv
                0x000000000001685c       0x50 build/obj//home/bionia/SJSU-Dev/firmware/lib/L4_IO/wireless/src/wireless.o
 .text.nrf_driver_send
                0x00000000000168ac       0x58 build/obj//home/bionia/SJSU-Dev/firmware/lib/L4_IO/wireless/src/wireless.o
 .text.nrf_irq_callback
                0x0000000000016904       0x34 build/obj//home/bionia/SJSU-Dev/firmware/lib/L4_IO/wireless/src/wireless.o
 .text.nrf_driver_receive
                0x0000000000016938       0x22 build/obj//home/bionia/SJSU-Dev/firmware/lib/L4_IO/wireless/src/wireless.o
 .text.nrf_driver_get_timer
                0x000000000001695a       0x28 build/obj//home/bionia/SJSU-Dev/firmware/lib/L4_IO/wireless/src/wireless.o
 *fill*         0x0000000000016982        0x2 ff
 .text.wireless_init
                0x0000000000016984       0x4c build/obj//home/bionia/SJSU-Dev/firmware/lib/L4_IO/wireless/src/wireless.o
                0x0000000000016984                wireless_init
 .text.wireless_service
                0x00000000000169d0       0x4c build/obj//home/bionia/SJSU-Dev/firmware/lib/L4_IO/wireless/src/wireless.o
                0x00000000000169d0                wireless_service
 .text._ZN17SingletonTemplateI4I2C2E11getInstanceEv
                0x0000000000016a1c       0x20 build/obj//home/bionia/SJSU-Dev/firmware/lib/L5_HighLevel/examples/examples.o
                0x0000000000016a1c                SingletonTemplate<I2C2>::getInstance()
 .text._ZN17SingletonTemplateI17TemperatureSensorE11getInstanceEv
                0x0000000000016a3c       0x28 build/obj//home/bionia/SJSU-Dev/firmware/lib/L5_HighLevel/examples/examples.o
                0x0000000000016a3c                SingletonTemplate<TemperatureSensor>::getInstance()
 .text._ZN17SingletonTemplateI11LED_DisplayE11getInstanceEv
                0x0000000000016a64       0x24 build/obj//home/bionia/SJSU-Dev/firmware/lib/L5_HighLevel/examples/examples.o
                0x0000000000016a64                SingletonTemplate<LED_Display>::getInstance()
 .text._ZN17SingletonTemplateI12Light_SensorE11getInstanceEv
                0x0000000000016a88       0x18 build/obj//home/bionia/SJSU-Dev/firmware/lib/L5_HighLevel/examples/examples.o
                0x0000000000016a88                SingletonTemplate<Light_Sensor>::getInstance()
 .text._ZN17SingletonTemplateI3LEDE11getInstanceEv
                0x0000000000016aa0       0x1c build/obj//home/bionia/SJSU-Dev/firmware/lib/L5_HighLevel/examples/examples.o
                0x0000000000016aa0                SingletonTemplate<LED>::getInstance()
 .text._ZN7Storage13getFlashDriveEv
                0x0000000000016abc       0x4c build/obj//home/bionia/SJSU-Dev/firmware/lib/L5_HighLevel/source/cmd_handlers/handlers.o
                0x0000000000016abc                Storage::getFlashDrive()
 .text._ZL13hl_print_linev
                0x0000000000016b08        0xc build/obj//home/bionia/SJSU-Dev/firmware/lib/L5_HighLevel/source/high_level_init.o
 .text.ssp_set_max_clock
                0x0000000000016b14       0x2c build/obj//home/bionia/SJSU-Dev/firmware/lib/L5_HighLevel/source/high_level_init.o
 .text._ZL16hl_mount_storageR16FileSystemObjectPKc
                0x0000000000016b40       0x90 build/obj//home/bionia/SJSU-Dev/firmware/lib/L5_HighLevel/source/high_level_init.o
 .text._ZN17SingletonTemplateI8SwitchesE11getInstanceEv
                0x0000000000016bd0       0x18 build/obj//home/bionia/SJSU-Dev/firmware/lib/L5_HighLevel/source/high_level_init.o
                0x0000000000016bd0                SingletonTemplate<Switches>::getInstance()
 .text._Z15high_level_initv
                0x0000000000016be8      0x560 build/obj//home/bionia/SJSU-Dev/firmware/lib/L5_HighLevel/source/high_level_init.o
                0x0000000000016be8                high_level_init()
 .text.__malloc_lock
                0x0000000000017148        0x4 build/obj//home/bionia/SJSU-Dev/firmware/lib/newlib/malloc_lock.o
                0x0000000000017148                __malloc_lock
 .text.__malloc_unlock
                0x000000000001714c        0x4 build/obj//home/bionia/SJSU-Dev/firmware/lib/newlib/malloc_lock.o
                0x000000000001714c                __malloc_unlock
 .text._sbrk    0x0000000000017150       0x6c build/obj//home/bionia/SJSU-Dev/firmware/lib/newlib/memory.o
                0x0000000000017150                _sbrk
 .text._Znwj    0x00000000000171bc        0x4 build/obj//home/bionia/SJSU-Dev/firmware/lib/newlib/memory.o
                0x00000000000171bc                operator new(unsigned int)
 .text._ZdlPv   0x00000000000171c0        0x4 build/obj//home/bionia/SJSU-Dev/firmware/lib/newlib/memory.o
                0x00000000000171c0                operator delete(void*)
 .text.sys_get_mem_info
                0x00000000000171c4       0xb4 build/obj//home/bionia/SJSU-Dev/firmware/lib/newlib/memory.o
                0x00000000000171c4                sys_get_mem_info
 .text.__aeabi_atexit
                0x0000000000017278        0x4 build/obj//home/bionia/SJSU-Dev/firmware/lib/newlib/memory.o
                0x0000000000017278                __aeabi_atexit
 .text.remap_fatfs_errors
                0x000000000001727c       0x56 build/obj//home/bionia/SJSU-Dev/firmware/lib/newlib/newlib_syscalls.o
 *fill*         0x00000000000172d2        0x2 ff
 .text.findslot
                0x00000000000172d4       0x4c build/obj//home/bionia/SJSU-Dev/firmware/lib/newlib/newlib_syscalls.o
 .text.remap_handle
                0x0000000000017320       0x28 build/obj//home/bionia/SJSU-Dev/firmware/lib/newlib/newlib_syscalls.o
 .text.sys_set_outchar_func
                0x0000000000017348        0xc build/obj//home/bionia/SJSU-Dev/firmware/lib/newlib/newlib_syscalls.o
                0x0000000000017348                sys_set_outchar_func
 .text.sys_set_inchar_func
                0x0000000000017354        0xc build/obj//home/bionia/SJSU-Dev/firmware/lib/newlib/newlib_syscalls.o
                0x0000000000017354                sys_set_inchar_func
 .text._kill    0x0000000000017360       0x10 build/obj//home/bionia/SJSU-Dev/firmware/lib/newlib/newlib_syscalls.o
                0x0000000000017360                _kill
 .text._exit    0x0000000000017370       0x10 build/obj//home/bionia/SJSU-Dev/firmware/lib/newlib/newlib_syscalls.o
                0x0000000000017370                _exit
 .text._getpid  0x0000000000017380        0x4 build/obj//home/bionia/SJSU-Dev/firmware/lib/newlib/newlib_syscalls.o
                0x0000000000017380                _getpid
 .text._init    0x0000000000017384        0x4 build/obj//home/bionia/SJSU-Dev/firmware/lib/newlib/newlib_syscalls.o
                0x0000000000017384                _init
 .text.syscalls_init
                0x0000000000017388       0x34 build/obj//home/bionia/SJSU-Dev/firmware/lib/newlib/newlib_syscalls.o
                0x0000000000017388                syscalls_init
 .text._read    0x00000000000173bc       0x9c build/obj//home/bionia/SJSU-Dev/firmware/lib/newlib/newlib_syscalls.o
                0x00000000000173bc                _read
 .text._lseek   0x0000000000017458       0x60 build/obj//home/bionia/SJSU-Dev/firmware/lib/newlib/newlib_syscalls.o
                0x0000000000017458                _lseek
 .text._write   0x00000000000174b8       0xa4 build/obj//home/bionia/SJSU-Dev/firmware/lib/newlib/newlib_syscalls.o
                0x00000000000174b8                _write
 .text._close   0x000000000001755c       0x54 build/obj//home/bionia/SJSU-Dev/firmware/lib/newlib/newlib_syscalls.o
                0x000000000001755c                _close
 .text._fstat   0x00000000000175b0       0x10 build/obj//home/bionia/SJSU-Dev/firmware/lib/newlib/newlib_syscalls.o
                0x00000000000175b0                _fstat
 .text._isatty  0x00000000000175c0       0x24 build/obj//home/bionia/SJSU-Dev/firmware/lib/newlib/newlib_syscalls.o
                0x00000000000175c0                _isatty
 .text._gettimeofday
                0x00000000000175e4       0x7a build/obj//home/bionia/SJSU-Dev/firmware/lib/newlib/newlib_time.o
                0x00000000000175e4                _gettimeofday
 .text._ZN7LabUARTC2Ev
                0x000000000001765e        0x2 build/obj/L5_Application/LabUART.o
                0x000000000001765e                LabUART::LabUART()
                0x000000000001765e                LabUART::LabUART()
 .text._ZN7LabUARTD2Ev
                0x0000000000017660        0x2 build/obj/L5_Application/LabUART.o
                0x0000000000017660                LabUART::~LabUART()
                0x0000000000017660                LabUART::~LabUART()
 *fill*         0x0000000000017662        0x2 ff
 .text._ZN7LabUART7receiveEv
                0x0000000000017664      0x12c build/obj/L5_Application/LabUART.o
                0x0000000000017664                LabUART::receive()
 .text._ZN7LabUART10initializeENS_5UARTnE
                0x0000000000017790      0x1e8 build/obj/L5_Application/LabUART.o
                0x0000000000017790                LabUART::initialize(LabUART::UARTn)
 .text._ZN7LabUART8transmitEh
                0x0000000000017978      0x11c build/obj/L5_Application/LabUART.o
                0x0000000000017978                LabUART::transmit(unsigned char)
 .text._ZN9LabGPIO_1C2Ehh
                0x0000000000017a94        0x6 build/obj/L5_Application/labgpio.o
                0x0000000000017a94                LabGPIO_1::LabGPIO_1(unsigned char, unsigned char)
                0x0000000000017a94                LabGPIO_1::LabGPIO_1(unsigned char, unsigned char)
 *fill*         0x0000000000017a9a        0x2 ff
 .text._ZN9LabGPIO_110setAsInputEv
                0x0000000000017a9c       0x30 build/obj/L5_Application/labgpio.o
                0x0000000000017a9c                LabGPIO_1::setAsInput()
 .text._ZN9LabGPIO_18getLevelEv
                0x0000000000017acc       0x34 build/obj/L5_Application/labgpio.o
                0x0000000000017acc                LabGPIO_1::getLevel()
 .text._Z11my_uart2_rxPv
                0x0000000000017b00       0x34 build/obj/L5_Application/main.o
                0x0000000000017b00                my_uart2_rx(void*)
 .text.startup.main
                0x0000000000017b34       0x4c build/obj/L5_Application/main.o
                0x0000000000017b34                main
 .text._Z8btnInputPv
                0x0000000000017b80      0x188 build/obj/L5_Application/main.o
                0x0000000000017b80                btnInput(void*)
 .text.startup._GLOBAL__sub_I_obj
                0x0000000000017d08       0x24 build/obj/L5_Application/main.o
 .text._ZNK10__cxxabiv117__class_type_info11__do_upcastEPKS0_PPv
                0x0000000000017d2c       0x34 /home/bionia/SJSU-Dev/tools/gcc-arm-none-eabi-6-2017-q2-update/bin/../lib/gcc/arm-none-eabi/6.3.1/../../../../arm-none-eabi/lib/thumb/v7-m/libstdc++_nano.a(class_type_info.o)
                0x0000000000017d2c                __cxxabiv1::__class_type_info::__do_upcast(__cxxabiv1::__class_type_info const*, void**) const
 .text._ZNK10__cxxabiv117__class_type_info20__do_find_public_srcEiPKvPKS0_S2_
                0x0000000000017d60        0xc /home/bionia/SJSU-Dev/tools/gcc-arm-none-eabi-6-2017-q2-update/bin/../lib/gcc/arm-none-eabi/6.3.1/../../../../arm-none-eabi/lib/thumb/v7-m/libstdc++_nano.a(class_type_info.o)
                0x0000000000017d60                __cxxabiv1::__class_type_info::__do_find_public_src(int, void const*, __cxxabiv1::__class_type_info const*, void const*) const
 .text._ZN10__cxxabiv117__class_type_infoD2Ev
                0x0000000000017d6c       0x14 /home/bionia/SJSU-Dev/tools/gcc-arm-none-eabi-6-2017-q2-update/bin/../lib/gcc/arm-none-eabi/6.3.1/../../../../arm-none-eabi/lib/thumb/v7-m/libstdc++_nano.a(class_type_info.o)
                0x0000000000017d6c                __cxxabiv1::__class_type_info::~__class_type_info()
                0x0000000000017d6c                __cxxabiv1::__class_type_info::~__class_type_info()
 .text._ZN10__cxxabiv117__class_type_infoD0Ev
                0x0000000000017d80       0x14 /home/bionia/SJSU-Dev/tools/gcc-arm-none-eabi-6-2017-q2-update/bin/../lib/gcc/arm-none-eabi/6.3.1/../../../../arm-none-eabi/lib/thumb/v7-m/libstdc++_nano.a(class_type_info.o)
                0x0000000000017d80                __cxxabiv1::__class_type_info::~__class_type_info()
 .text._ZNK10__cxxabiv117__class_type_info11__do_upcastEPKS0_PKvRNS0_15__upcast_resultE
                0x0000000000017d94       0x18 /home/bionia/SJSU-Dev/tools/gcc-arm-none-eabi-6-2017-q2-update/bin/../lib/gcc/arm-none-eabi/6.3.1/../../../../arm-none-eabi/lib/thumb/v7-m/libstdc++_nano.a(class_type_info.o)
                0x0000000000017d94                __cxxabiv1::__class_type_info::__do_upcast(__cxxabiv1::__class_type_info const*, void const*, __cxxabiv1::__class_type_info::__upcast_result&) const
 .text._ZNK10__cxxabiv117__class_type_info10__do_catchEPKSt9type_infoPPvj
                0x0000000000017dac       0x2a /home/bionia/SJSU-Dev/tools/gcc-arm-none-eabi-6-2017-q2-update/bin/../lib/gcc/arm-none-eabi/6.3.1/../../../../arm-none-eabi/lib/thumb/v7-m/libstdc++_nano.a(class_type_info.o)
                0x0000000000017dac                __cxxabiv1::__class_type_info::__do_catch(std::type_info const*, void**, unsigned int) const
 .text._ZNK10__cxxabiv117__class_type_info12__do_dyncastEiNS0_10__sub_kindEPKS0_PKvS3_S5_RNS0_16__dyncast_resultE
                0x0000000000017dd6       0x38 /home/bionia/SJSU-Dev/tools/gcc-arm-none-eabi-6-2017-q2-update/bin/../lib/gcc/arm-none-eabi/6.3.1/../../../../arm-none-eabi/lib/thumb/v7-m/libstdc++_nano.a(class_type_info.o)
                0x0000000000017dd6                __cxxabiv1::__class_type_info::__do_dyncast(int, __cxxabiv1::__class_type_info::__sub_kind, __cxxabiv1::__class_type_info const*, void const*, __cxxabiv1::__class_type_info const*, void const*, __cxxabiv1::__class_type_info::__dyncast_result&) const
 *fill*         0x0000000000017e0e        0x2 ff
 .text._ZN10__cxxabiv120__si_class_type_infoD2Ev
                0x0000000000017e10       0x14 /home/bionia/SJSU-Dev/tools/gcc-arm-none-eabi-6-2017-q2-update/bin/../lib/gcc/arm-none-eabi/6.3.1/../../../../arm-none-eabi/lib/thumb/v7-m/libstdc++_nano.a(si_class_type_info.o)
                0x0000000000017e10                __cxxabiv1::__si_class_type_info::~__si_class_type_info()
                0x0000000000017e10                __cxxabiv1::__si_class_type_info::~__si_class_type_info()
 .text._ZN10__cxxabiv120__si_class_type_infoD0Ev
                0x0000000000017e24       0x14 /home/bionia/SJSU-Dev/tools/gcc-arm-none-eabi-6-2017-q2-update/bin/../lib/gcc/arm-none-eabi/6.3.1/../../../../arm-none-eabi/lib/thumb/v7-m/libstdc++_nano.a(si_class_type_info.o)
                0x0000000000017e24                __cxxabiv1::__si_class_type_info::~__si_class_type_info()
 .text._ZNK10__cxxabiv120__si_class_type_info20__do_find_public_srcEiPKvPKNS_17__class_type_infoES2_
                0x0000000000017e38       0x38 /home/bionia/SJSU-Dev/tools/gcc-arm-none-eabi-6-2017-q2-update/bin/../lib/gcc/arm-none-eabi/6.3.1/../../../../arm-none-eabi/lib/thumb/v7-m/libstdc++_nano.a(si_class_type_info.o)
                0x0000000000017e38                __cxxabiv1::__si_class_type_info::__do_find_public_src(int, void const*, __cxxabiv1::__class_type_info const*, void const*) const
 .text._ZNK10__cxxabiv120__si_class_type_info12__do_dyncastEiNS_17__class_type_info10__sub_kindEPKS1_PKvS4_S6_RNS1_16__dyncast_resultE
                0x0000000000017e70       0x7c /home/bionia/SJSU-Dev/tools/gcc-arm-none-eabi-6-2017-q2-update/bin/../lib/gcc/arm-none-eabi/6.3.1/../../../../arm-none-eabi/lib/thumb/v7-m/libstdc++_nano.a(si_class_type_info.o)
                0x0000000000017e70                __cxxabiv1::__si_class_type_info::__do_dyncast(int, __cxxabiv1::__class_type_info::__sub_kind, __cxxabiv1::__class_type_info const*, void const*, __cxxabiv1::__class_type_info const*, void const*, __cxxabiv1::__class_type_info::__dyncast_result&) const
 .text._ZNK10__cxxabiv120__si_class_type_info11__do_upcastEPKNS_17__class_type_infoEPKvRNS1_15__upcast_resultE
                0x0000000000017eec       0x2a /home/bionia/SJSU-Dev/tools/gcc-arm-none-eabi-6-2017-q2-update/bin/../lib/gcc/arm-none-eabi/6.3.1/../../../../arm-none-eabi/lib/thumb/v7-m/libstdc++_nano.a(si_class_type_info.o)
                0x0000000000017eec                __cxxabiv1::__si_class_type_info::__do_upcast(__cxxabiv1::__class_type_info const*, void const*, __cxxabiv1::__class_type_info::__upcast_result&) const
 .text._ZdlPvj  0x0000000000017f16        0x4 /home/bionia/SJSU-Dev/tools/gcc-arm-none-eabi-6-2017-q2-update/bin/../lib/gcc/arm-none-eabi/6.3.1/../../../../arm-none-eabi/lib/thumb/v7-m/libstdc++_nano.a(del_ops.o)
                0x0000000000017f16                operator delete(void*, unsigned int)
 .text.__cxa_guard_acquire
                0x0000000000017f1a       0x18 /home/bionia/SJSU-Dev/tools/gcc-arm-none-eabi-6-2017-q2-update/bin/../lib/gcc/arm-none-eabi/6.3.1/../../../../arm-none-eabi/lib/thumb/v7-m/libstdc++_nano.a(guard.o)
                0x0000000000017f1a                __cxa_guard_acquire
 .text.__cxa_guard_release
                0x0000000000017f32        0x6 /home/bionia/SJSU-Dev/tools/gcc-arm-none-eabi-6-2017-q2-update/bin/../lib/gcc/arm-none-eabi/6.3.1/../../../../arm-none-eabi/lib/thumb/v7-m/libstdc++_nano.a(guard.o)
                0x0000000000017f32                __cxa_guard_release
 .text.__cxa_pure_virtual
                0x0000000000017f38        0x6 /home/bionia/SJSU-Dev/tools/gcc-arm-none-eabi-6-2017-q2-update/bin/../lib/gcc/arm-none-eabi/6.3.1/../../../../arm-none-eabi/lib/thumb/v7-m/libstdc++_nano.a(pure.o)
                0x0000000000017f38                __cxa_pure_virtual
 *fill*         0x0000000000017f3e        0x2 ff
 .text._ZN10__cxxabiv121__vmi_class_type_infoD2Ev
                0x0000000000017f40       0x14 /home/bionia/SJSU-Dev/tools/gcc-arm-none-eabi-6-2017-q2-update/bin/../lib/gcc/arm-none-eabi/6.3.1/../../../../arm-none-eabi/lib/thumb/v7-m/libstdc++_nano.a(vmi_class_type_info.o)
                0x0000000000017f40                __cxxabiv1::__vmi_class_type_info::~__vmi_class_type_info()
                0x0000000000017f40                __cxxabiv1::__vmi_class_type_info::~__vmi_class_type_info()
 .text._ZN10__cxxabiv121__vmi_class_type_infoD0Ev
                0x0000000000017f54       0x14 /home/bionia/SJSU-Dev/tools/gcc-arm-none-eabi-6-2017-q2-update/bin/../lib/gcc/arm-none-eabi/6.3.1/../../../../arm-none-eabi/lib/thumb/v7-m/libstdc++_nano.a(vmi_class_type_info.o)
                0x0000000000017f54                __cxxabiv1::__vmi_class_type_info::~__vmi_class_type_info()
 .text._ZNK10__cxxabiv121__vmi_class_type_info20__do_find_public_srcEiPKvPKNS_17__class_type_infoES2_
                0x0000000000017f68       0x74 /home/bionia/SJSU-Dev/tools/gcc-arm-none-eabi-6-2017-q2-update/bin/../lib/gcc/arm-none-eabi/6.3.1/../../../../arm-none-eabi/lib/thumb/v7-m/libstdc++_nano.a(vmi_class_type_info.o)
                0x0000000000017f68                __cxxabiv1::__vmi_class_type_info::__do_find_public_src(int, void const*, __cxxabiv1::__class_type_info const*, void const*) const
 .text._ZNK10__cxxabiv117__class_type_info17__find_public_srcEiPKvPKS0_S2_
                0x0000000000017fdc       0x2a /home/bionia/SJSU-Dev/tools/gcc-arm-none-eabi-6-2017-q2-update/bin/../lib/gcc/arm-none-eabi/6.3.1/../../../../arm-none-eabi/lib/thumb/v7-m/libstdc++_nano.a(vmi_class_type_info.o)
                0x0000000000017fdc                __cxxabiv1::__class_type_info::__find_public_src(int, void const*, __cxxabiv1::__class_type_info const*, void const*) const
 .text._ZNK10__cxxabiv121__vmi_class_type_info12__do_dyncastEiNS_17__class_type_info10__sub_kindEPKS1_PKvS4_S6_RNS1_16__dyncast_resultE
                0x0000000000018006      0x292 /home/bionia/SJSU-Dev/tools/gcc-arm-none-eabi-6-2017-q2-update/bin/../lib/gcc/arm-none-eabi/6.3.1/../../../../arm-none-eabi/lib/thumb/v7-m/libstdc++_nano.a(vmi_class_type_info.o)
                0x0000000000018006                __cxxabiv1::__vmi_class_type_info::__do_dyncast(int, __cxxabiv1::__class_type_info::__sub_kind, __cxxabiv1::__class_type_info const*, void const*, __cxxabiv1::__class_type_info const*, void const*, __cxxabiv1::__class_type_info::__dyncast_result&) const
 .text._ZNK10__cxxabiv121__vmi_class_type_info11__do_upcastEPKNS_17__class_type_infoEPKvRNS1_15__upcast_resultE
                0x0000000000018298      0x12a /home/bionia/SJSU-Dev/tools/gcc-arm-none-eabi-6-2017-q2-update/bin/../lib/gcc/arm-none-eabi/6.3.1/../../../../arm-none-eabi/lib/thumb/v7-m/libstdc++_nano.a(vmi_class_type_info.o)
                0x0000000000018298                __cxxabiv1::__vmi_class_type_info::__do_upcast(__cxxabiv1::__class_type_info const*, void const*, __cxxabiv1::__class_type_info::__upcast_result&) const
 .text._ZNSt9type_infoD2Ev
                0x00000000000183c2        0x2 /home/bionia/SJSU-Dev/tools/gcc-arm-none-eabi-6-2017-q2-update/bin/../lib/gcc/arm-none-eabi/6.3.1/../../../../arm-none-eabi/lib/thumb/v7-m/libstdc++_nano.a(tinfo.o)
                0x00000000000183c2                std::type_info::~type_info()
                0x00000000000183c2                std::type_info::~type_info()
 .text._ZNKSt9type_info15__is_function_pEv
                0x00000000000183c4        0x4 /home/bionia/SJSU-Dev/tools/gcc-arm-none-eabi-6-2017-q2-update/bin/../lib/gcc/arm-none-eabi/6.3.1/../../../../arm-none-eabi/lib/thumb/v7-m/libstdc++_nano.a(tinfo.o)
                0x00000000000183c4                std::type_info::__is_function_p() const
                0x00000000000183c4                std::type_info::__is_pointer_p() const
 .text._ZNKSt9type_infoeqERKS_
                0x00000000000183c8       0x2c /home/bionia/SJSU-Dev/tools/gcc-arm-none-eabi-6-2017-q2-update/bin/../lib/gcc/arm-none-eabi/6.3.1/../../../../arm-none-eabi/lib/thumb/v7-m/libstdc++_nano.a(tinfo.o)
                0x00000000000183c8                std::type_info::operator==(std::type_info const&) const
 .text._ZN10__cxxabiv111__terminateEPFvvE
                0x00000000000183f4        0x8 /home/bionia/SJSU-Dev/tools/gcc-arm-none-eabi-6-2017-q2-update/bin/../lib/gcc/arm-none-eabi/6.3.1/../../../../arm-none-eabi/lib/thumb/v7-m/libstdc++_nano.a(eh_terminate.o)