Archive member included to satisfy reference by file (symbol)

/home/bionia/SJSU-Dev/tools/gcc-arm-none-eabi-6-2017-q2-update/bin/../lib/gcc/arm-none-eabi/6.3.1/../../../../arm-none-eabi/lib/thumb/v7-m/libstdc++_nano.a(class_type_info.o)
                              build/obj//home/bionia/SJSU-Dev/firmware/lib/L2_Drivers/base/char_dev.o (vtable for __cxxabiv1::__class_type_info)
/home/bionia/SJSU-Dev/tools/gcc-arm-none-eabi-6-2017-q2-update/bin/../lib/gcc/arm-none-eabi/6.3.1/../../../../arm-none-eabi/lib/thumb/v7-m/libstdc++_nano.a(si_class_type_info.o)
                              build/obj//home/bionia/SJSU-Dev/firmware/lib/L2_Drivers/base/uart_dev.o (vtable for __cxxabiv1::__si_class_type_info)
/home/bionia/SJSU-Dev/tools/gcc-arm-none-eabi-6-2017-q2-update/bin/../lib/gcc/arm-none-eabi/6.3.1/../../../../arm-none-eabi/lib/thumb/v7-m/libstdc++_nano.a(del_ops.o)
                              build/obj//home/bionia/SJSU-Dev/firmware/lib/L2_Drivers/base/char_dev.o (operator delete(void*, unsigned int))
/home/bionia/SJSU-Dev/tools/gcc-arm-none-eabi-6-2017-q2-update/bin/../lib/gcc/arm-none-eabi/6.3.1/../../../../arm-none-eabi/lib/thumb/v7-m/libstdc++_nano.a(guard.o)
                              build/obj//home/bionia/SJSU-Dev/firmware/lib/L5_HighLevel/source/cmd_handlers/handlers.o (__cxa_guard_acquire)
/home/bionia/SJSU-Dev/tools/gcc-arm-none-eabi-6-2017-q2-update/bin/../lib/gcc/arm-none-eabi/6.3.1/../../../../arm-none-eabi/lib/thumb/v7-m/libstdc++_nano.a(pure.o)
                              build/obj//home/bionia/SJSU-Dev/firmware/lib/L2_Drivers/base/char_dev.o (__cxa_pure_virtual)
/home/bionia/SJSU-Dev/tools/gcc-arm-none-eabi-6-2017-q2-update/bin/../lib/gcc/arm-none-eabi/6.3.1/../../../../arm-none-eabi/lib/thumb/v7-m/libstdc++_nano.a(vmi_class_type_info.o)
                              build/obj//home/bionia/SJSU-Dev/firmware/lib/L2_Drivers/src/nrf_stream.o (vtable for __cxxabiv1::__vmi_class_type_info)
/home/bionia/SJSU-Dev/tools/gcc-arm-none-eabi-6-2017-q2-update/bin/../lib/gcc/arm-none-eabi/6.3.1/../../../../arm-none-eabi/lib/thumb/v7-m/libstdc++_nano.a(tinfo.o)
                              /home/bionia/SJSU-Dev/tools/gcc-arm-none-eabi-6-2017-q2-update/bin/../lib/gcc/arm-none-eabi/6.3.1/../../../../arm-none-eabi/lib/thumb/v7-m/libstdc++_nano.a(class_type_info.o) (std::type_info::~type_info())
/home/bionia/SJSU-Dev/tools/gcc-arm-none-eabi-6-2017-q2-update/bin/../lib/gcc/arm-none-eabi/6.3.1/../../../../arm-none-eabi/lib/thumb/v7-m/libstdc++_nano.a(eh_terminate.o)
                              /home/bionia/SJSU-Dev/tools/gcc-arm-none-eabi-6-2017-q2-update/bin/../lib/gcc/arm-none-eabi/6.3.1/../../../../arm-none-eabi/lib/thumb/v7-m/libstdc++_nano.a(pure.o) (std::terminate())
/home/bionia/SJSU-Dev/tools/gcc-arm-none-eabi-6-2017-q2-update/bin/../lib/gcc/arm-none-eabi/6.3.1/../../../../arm-none-eabi/lib/thumb/v7-m/libstdc++_nano.a(eh_term_handler.o)
                              /home/bionia/SJSU-Dev/tools/gcc-arm-none-eabi-6-2017-q2-update/bin/../lib/gcc/arm-none-eabi/6.3.1/../../../../arm-none-eabi/lib/thumb/v7-m/libstdc++_nano.a(eh_terminate.o) (__cxxabiv1::__terminate_handler)
/home/bionia/SJSU-Dev/tools/gcc-arm-none-eabi-6-2017-q2-update/bin/../lib/gcc/arm-none-eabi/6.3.1/../../../../arm-none-eabi/lib/thumb/v7-m/libstdc++_nano.a(eh_unex_handler.o)
                              /home/bionia/SJSU-Dev/tools/gcc-arm-none-eabi-6-2017-q2-update/bin/../lib/gcc/arm-none-eabi/6.3.1/../../../../arm-none-eabi/lib/thumb/v7-m/libstdc++_nano.a(eh_terminate.o) (__cxxabiv1::__unexpected_handler)
/home/bionia/SJSU-Dev/tools/gcc-arm-none-eabi-6-2017-q2-update/bin/../lib/gcc/arm-none-eabi/6.3.1/thumb/v7-m/libgcc.a(_ashldi3.o)
                              build/obj//home/bionia/SJSU-Dev/firmware/lib/L0_LowLevel/source/lpc_peripherals.o (__aeabi_llsl)
/home/bionia/SJSU-Dev/tools/gcc-arm-none-eabi-6-2017-q2-update/bin/../lib/gcc/arm-none-eabi/6.3.1/thumb/v7-m/libgcc.a(_arm_addsubdf3.o)
                              build/obj//home/bionia/SJSU-Dev/firmware/lib/L0_LowLevel/source/uart0_min.o (__aeabi_dadd)
/home/bionia/SJSU-Dev/tools/gcc-arm-none-eabi-6-2017-q2-update/bin/../lib/gcc/arm-none-eabi/6.3.1/thumb/v7-m/libgcc.a(_arm_fixunsdfsi.o)
                              build/obj//home/bionia/SJSU-Dev/firmware/lib/L0_LowLevel/source/uart0_min.o (__aeabi_d2uiz)
/home/bionia/SJSU-Dev/tools/gcc-arm-none-eabi-6-2017-q2-update/bin/../lib/gcc/arm-none-eabi/6.3.1/thumb/v7-m/libgcc.a(_arm_truncdfsf2.o)
                              build/obj//home/bionia/SJSU-Dev/firmware/lib/L3_Utils/src/str.o (__aeabi_d2f)
/home/bionia/SJSU-Dev/tools/gcc-arm-none-eabi-6-2017-q2-update/bin/../lib/gcc/arm-none-eabi/6.3.1/thumb/v7-m/libgcc.a(_arm_addsubsf3.o)
                              build/obj//home/bionia/SJSU-Dev/firmware/lib/L3_Utils/src/str.o (__aeabi_fsub)
/home/bionia/SJSU-Dev/tools/gcc-arm-none-eabi-6-2017-q2-update/bin/../lib/gcc/arm-none-eabi/6.3.1/thumb/v7-m/libgcc.a(_arm_muldivsf3.o)
[...]
Memory Configuration

Name             Origin             Length             Attributes
FLASH            0x0000000000010000 0x0000000000070000 xr
SRAM             0x0000000010000000 0x0000000000008000 xrw
SRAM_AHB         0x000000002007c000 0x0000000000008000 xrw
*default*        0x0000000000000000 0xffffffffffffffff

Linker script and memory map

LOAD build/obj//home/bionia/SJSU-Dev/firmware/lib/L0_LowLevel/source/core_cm3.o
LOAD build/obj//home/bionia/SJSU-Dev/firmware/lib/L0_LowLevel/source/low_level_init.o
LOAD build/obj//home/bionia/SJSU-Dev/firmware/lib/L0_LowLevel/source/lpc_peripherals.o
LOAD build/obj//home/bionia/SJSU-Dev/firmware/lib/L0_LowLevel/source/lpc_sys.o
LOAD build/obj//home/bionia/SJSU-Dev/firmware/lib/L0_LowLevel/source/startup.o
LOAD build/obj//home/bionia/SJSU-Dev/firmware/lib/L0_LowLevel/source/sys_clock.o
LOAD build/obj//home/bionia/SJSU-Dev/firmware/lib/L0_LowLevel/source/uart0_min.o
LOAD build/obj//home/bionia/SJSU-Dev/firmware/lib/L1_FreeRTOS/MemMang/freertos_mem_man.o
LOAD build/obj//home/bionia/SJSU-Dev/firmware/lib/L1_FreeRTOS/hooks/hooks.o
LOAD build/obj//home/bionia/SJSU-Dev/firmware/lib/L1_FreeRTOS/portable/no_mpu/port.o
LOAD build/obj//home/bionia/SJSU-Dev/firmware/lib/L1_FreeRTOS/portable/run_time_stats.o
LOAD build/obj//home/bionia/SJSU-Dev/firmware/lib/L1_FreeRTOS/src/croutine.o
LOAD build/obj//home/bionia/SJSU-Dev/firmware/lib/L1_FreeRTOS/src/event_groups.o
LOAD build/obj//home/bionia/SJSU-Dev/firmware/lib/L1_FreeRTOS/src/list.o
LOAD build/obj//home/bionia/SJSU-Dev/firmware/lib/L1_FreeRTOS/src/queue.o
LOAD build/obj//home/bionia/SJSU-Dev/firmware/lib/L1_FreeRTOS/src/tasks.o
LOAD build/obj//home/bionia/SJSU-Dev/firmware/lib/L1_FreeRTOS/src/timers.o
LOAD build/obj//home/bionia/SJSU-Dev/firmware/lib/L1_FreeRTOS/trace/run_time_counter.o
LOAD build/obj//home/bionia/SJSU-Dev/firmware/lib/L1_FreeRTOS/trace/trcBase.o
LOAD build/obj//home/bionia/SJSU-Dev/firmware/lib/L1_FreeRTOS/trace/trcHardwarePort.o
LOAD build/obj//home/bionia/SJSU-Dev/firmware/lib/L1_FreeRTOS/trace/trcKernel.o
LOAD build/obj//home/bionia/SJSU-Dev/firmware/lib/L1_FreeRTOS/trace/trcKernelPort.o
LOAD build/obj//home/bionia/SJSU-Dev/firmware/lib/L1_FreeRTOS/trace/trcUser.o
LOAD build/obj//home/bionia/SJSU-Dev/firmware/lib/L2_Drivers/base/char_dev.o
LOAD build/obj//home/bionia/SJSU-Dev/firmware/lib/L2_Drivers/base/i2c_base.o
LOAD build/obj//home/bionia/SJSU-Dev/firmware/lib/L2_Drivers/base/uart_dev.o
LOAD build/obj//home/bionia/SJSU-Dev/firmware/lib/L2_Drivers/src/adc.o
LOAD build/obj//home/bionia/SJSU-Dev/firmware/lib/L2_Drivers/src/can.o
LOAD build/obj//home/bionia/SJSU-Dev/firmware/lib/L2_Drivers/src/eint.o
LOAD build/obj//home/bionia/SJSU-Dev/firmware/lib/L2_Drivers/src/i2c2.o
LOAD build/obj//home/bionia/SJSU-Dev/firmware/lib/L2_Drivers/src/lpc_pwm.o
LOAD build/obj//home/bionia/SJSU-Dev/firmware/lib/L2_Drivers/src/lpc_rit.o
LOAD build/obj//home/bionia/SJSU-Dev/firmware/lib/L2_Drivers/src/lpc_timers.o
LOAD build/obj//home/bionia/SJSU-Dev/firmware/lib/L2_Drivers/src/nrf_stream.o
LOAD build/obj//home/bionia/SJSU-Dev/firmware/lib/L2_Drivers/src/rtc.o
LOAD build/obj//home/bionia/SJSU-Dev/firmware/lib/L2_Drivers/src/spi_dma.o
LOAD build/obj//home/bionia/SJSU-Dev/firmware/lib/L2_Drivers/src/spi_sem.o
LOAD build/obj//home/bionia/SJSU-Dev/firmware/lib/L2_Drivers/src/uart0.o
LOAD build/obj//home/bionia/SJSU-Dev/firmware/lib/L2_Drivers/src/uart2.o
LOAD build/obj//home/bionia/SJSU-Dev/firmware/lib/L2_Drivers/src/uart3.o
LOAD build/obj//home/bionia/SJSU-Dev/firmware/lib/L3_Utils/src/c_list.o
LOAD build/obj//home/bionia/SJSU-Dev/firmware/lib/L3_Utils/src/command_handler.o
LOAD build/obj//home/bionia/SJSU-Dev/firmware/lib/L3_Utils/src/file_logger.o
LOAD build/obj//home/bionia/SJSU-Dev/firmware/lib/L3_Utils/src/freertos_timer.o
LOAD build/obj//home/bionia/SJSU-Dev/firmware/lib/L3_Utils/src/printf_lib.o
LOAD build/obj//home/bionia/SJSU-Dev/firmware/lib/L3_Utils/src/rtc_alarm.o
LOAD build/obj//home/bionia/SJSU-Dev/firmware/lib/L3_Utils/src/scheduler_task.o
LOAD build/obj//home/bionia/SJSU-Dev/firmware/lib/L3_Utils/src/str.o
LOAD build/obj//home/bionia/SJSU-Dev/firmware/lib/L3_Utils/src/utilities.o
LOAD build/obj//home/bionia/SJSU-Dev/firmware/lib/L3_Utils/tlm/src/c_tlm_binary.o
LOAD build/obj//home/bionia/SJSU-Dev/firmware/lib/L3_Utils/tlm/src/c_tlm_comp.o
LOAD build/obj//home/bionia/SJSU-Dev/firmware/lib/L3_Utils/tlm/src/c_tlm_stream.o
LOAD build/obj//home/bionia/SJSU-Dev/firmware/lib/L3_Utils/tlm/src/c_tlm_var.o
LOAD build/obj//home/bionia/SJSU-Dev/firmware/lib/L4_IO/fat/disk/diskio.o
LOAD build/obj//home/bionia/SJSU-Dev/firmware/lib/L4_IO/fat/disk/sd.o
LOAD build/obj//home/bionia/SJSU-Dev/firmware/lib/L4_IO/fat/disk/spi_flash.o
LOAD build/obj//home/bionia/SJSU-Dev/firmware/lib/L4_IO/fat/fatfs_time.o
LOAD build/obj//home/bionia/SJSU-Dev/firmware/lib/L4_IO/fat/ff.o
LOAD build/obj//home/bionia/SJSU-Dev/firmware/lib/L4_IO/fat/option/ccsbcs.o
LOAD build/obj//home/bionia/SJSU-Dev/firmware/lib/L4_IO/fat/option/reentrant.o
LOAD build/obj//home/bionia/SJSU-Dev/firmware/lib/L4_IO/src/gpio.o
LOAD build/obj//home/bionia/SJSU-Dev/firmware/lib/L4_IO/src/io_source.o
LOAD build/obj//home/bionia/SJSU-Dev/firmware/lib/L4_IO/src/storage.o
LOAD build/obj//home/bionia/SJSU-Dev/firmware/lib/L4_IO/wireless/src/mesh.o
LOAD build/obj//home/bionia/SJSU-Dev/firmware/lib/L4_IO/wireless/src/nrf24L01Plus.o
LOAD build/obj//home/bionia/SJSU-Dev/firmware/lib/L4_IO/wireless/src/wireless.o
LOAD build/obj//home/bionia/SJSU-Dev/firmware/lib/L5_HighLevel/examples/examples.o
LOAD build/obj//home/bionia/SJSU-Dev/firmware/lib/L5_HighLevel/examples/rn_xv_task.o
LOAD build/obj//home/bionia/SJSU-Dev/firmware/lib/L5_HighLevel/periodic_scheduler/prd_dispatcher.o
LOAD build/obj//home/bionia/SJSU-Dev/firmware/lib/L5_HighLevel/source/cmd_handlers/handlers.o
LOAD build/obj//home/bionia/SJSU-Dev/firmware/lib/L5_HighLevel/source/cmd_handlers/prog_handlers.o
LOAD build/obj//home/bionia/SJSU-Dev/firmware/lib/L5_HighLevel/source/cmd_handlers/wireless_handlers.o
LOAD build/obj//home/bionia/SJSU-Dev/firmware/lib/L5_HighLevel/source/high_level_init.o
LOAD build/obj//home/bionia/SJSU-Dev/firmware/lib/L5_HighLevel/source/remote.o
LOAD build/obj//home/bionia/SJSU-Dev/firmware/lib/L5_HighLevel/source/terminal.o
LOAD build/obj//home/bionia/SJSU-Dev/firmware/lib/newlib/malloc_lock.o
LOAD build/obj//home/bionia/SJSU-Dev/firmware/lib/newlib/memory.o
LOAD build/obj//home/bionia/SJSU-Dev/firmware/lib/newlib/newlib_syscalls.o
LOAD build/obj//home/bionia/SJSU-Dev/firmware/lib/newlib/newlib_time.o
LOAD build/obj/L5_Application/main.o
LOAD /home/bionia/SJSU-Dev/tools/gcc-arm-none-eabi-6-2017-q2-update/bin/../lib/gcc/arm-none-eabi/6.3.1/../../../../arm-none-eabi/lib/thumb/v7-m/libstdc++_nano.a
LOAD /home/bionia/SJSU-Dev/tools/gcc-arm-none-eabi-6-2017-q2-update/bin/../lib/gcc/arm-none-eabi/6.3.1/../../../../arm-none-eabi/lib/thumb/v7-m/libm.a
START GROUP
LOAD /home/bionia/SJSU-Dev/tools/gcc-arm-none-eabi-6-2017-q2-update/bin/../lib/gcc/arm-none-eabi/6.3.1/thumb/v7-m/libgcc.a
LOAD /home/bionia/SJSU-Dev/tools/gcc-arm-none-eabi-6-2017-q2-update/bin/../lib/gcc/arm-none-eabi/6.3.1/../../../../arm-none-eabi/lib/thumb/v7-m/libc_nano.a
END GROUP
START GROUP
LOAD /home/bionia/SJSU-Dev/tools/gcc-arm-none-eabi-6-2017-q2-update/bin/../lib/gcc/arm-none-eabi/6.3.1/thumb/v7-m/libgcc.a
LOAD /home/bionia/SJSU-Dev/tools/gcc-arm-none-eabi-6-2017-q2-update/bin/../lib/gcc/arm-none-eabi/6.3.1/../../../../arm-none-eabi/lib/thumb/v7-m/libc_nano.a
END GROUP

.text           0x0000000000010000    0x17c70
 FILL mask 0xff
 *(.isr_vector)
 .isr_vector    0x0000000000010000       0xcc build/obj//home/bionia/SJSU-Dev/firmware/lib/L0_LowLevel/source/startup.o
                0x0000000000010000                g_pfnVectors
                0x00000000000100cc                . = ALIGN (0x4)
                0x00000000000100cc                __section_table_start = .
                0x00000000000100cc                __data_section_table = .
                0x00000000000100cc        0x4 LONG 0x27c78 LOADADDR (.data)
                0x00000000000100d0        0x4 LONG 0x2007c000 ADDR (.data)
                0x00000000000100d4        0x4 LONG 0x2fc SIZEOF (.data)
                0x00000000000100d8                __data_section_table_end = .
                0x00000000000100d8                __bss_section_table = .
                0x00000000000100d8        0x4 LONG 0x2007c300 ADDR (.bss)
                0x00000000000100dc        0x4 LONG 0x4f4 SIZEOF (.bss)
                0x00000000000100e0                __bss_section_table_end = .
                0x00000000000100e0                __section_table_end = .
 *(.after_vectors*)
 .after_vectors
                0x00000000000100e0      0x120 build/obj//home/bionia/SJSU-Dev/firmware/lib/L0_LowLevel/source/startup.o
                0x00000000000100e0                isr_hard_fault
                0x00000000000100fa                isr_nmi
                0x0000000000010108                isr_mem_fault
                0x0000000000010118                isr_bus_fault
                0x0000000000010128                isr_usage_fault
                0x0000000000010138                isr_debug_mon
                0x0000000000010148                TIMER2_IRQHandler
                0x0000000000010148                I2C0_IRQHandler
                0x0000000000010148                PWM1_IRQHandler
                0x0000000000010148                I2C1_IRQHandler
                0x0000000000010148                EINT2_IRQHandler
                0x0000000000010148                UART1_IRQHandler
                0x0000000000010148                TIMER3_IRQHandler
                0x0000000000010148                PLL0_IRQHandler
                0x0000000000010148                PLL1_IRQHandler
                0x0000000000010148                SSP0_IRQHandler
                0x0000000000010148                CANAct_IRQHandler
                0x0000000000010148                I2S_IRQHandler
                0x0000000000010148                TIMER0_IRQHandler
                0x0000000000010148                SPI_IRQHandler
                0x0000000000010148                EINT1_IRQHandler
                0x0000000000010148                isr_default_handler
                0x0000000000010148                SSP1_IRQHandler
                0x0000000000010148                USB_IRQHandler
                0x0000000000010148                BOD_IRQHandler
                0x0000000000010148                WDT_IRQHandler
                0x0000000000010148                QEI_IRQHandler
                0x0000000000010148                EINT0_IRQHandler
                0x0000000000010148                DMA_IRQHandler
                0x0000000000010148                MCPWM_IRQHandler
                0x0000000000010148                ENET_IRQHandler
                0x0000000000010148                USBAct_IRQHandler
                0x0000000000010158                isr_sys_tick
                0x000000000001016a                data_init(unsigned int, unsigned int, unsigned int)
                0x0000000000010180                bss_init(unsigned int, unsigned int)
                0x0000000000010194                isr_reset
 *(.text*)
 .text.__set_PSP
                0x0000000000010200        0x6 build/obj//home/bionia/SJSU-Dev/firmware/lib/L0_LowLevel/source/core_cm3.o
                0x0000000000010200                __set_PSP
 .text.__set_MSP
                0x0000000000010206        0x6 build/obj//home/bionia/SJSU-Dev/firmware/lib/L0_LowLevel/source/core_cm3.o
                0x0000000000010206                __set_MSP
 .text.__set_BASEPRI
                0x000000000001020c        0x6 build/obj//home/bionia/SJSU-Dev/firmware/lib/L0_LowLevel/source/core_cm3.o
                0x000000000001020c                __set_BASEPRI
 *fill*         0x0000000000010212        0x2 ff
 .text.sys_get_boot_type
                0x0000000000010214        0xc build/obj//home/bionia/SJSU-Dev/firmware/lib/L0_LowLevel/source/low_level_init.o
                0x0000000000010214                sys_get_boot_type
 .text.sys_get_boot_time
                0x0000000000010220       0x14 build/obj//home/bionia/SJSU-Dev/firmware/lib/L0_LowLevel/source/low_level_init.o
                0x0000000000010220                sys_get_boot_time
 .text._Z14low_level_initv
                0x0000000000010234      0x228 build/obj//home/bionia/SJSU-Dev/firmware/lib/L0_LowLevel/source/low_level_init.o
                0x0000000000010234                low_level_init()
 .text.lpc_pconp
                0x000000000001045c       0x34 build/obj//home/bionia/SJSU-Dev/firmware/lib/L0_LowLevel/source/lpc_peripherals.o
                0x000000000001045c                lpc_pconp
 .text.lpc_pclk
                0x0000000000010490       0x48 build/obj//home/bionia/SJSU-Dev/firmware/lib/L0_LowLevel/source/lpc_peripherals.o
                0x0000000000010490                lpc_pclk
 .text.lpc_sys_setup_system_timer
                0x00000000000104d8       0x54 build/obj//home/bionia/SJSU-Dev/firmware/lib/L0_LowLevel/source/lpc_sys.o
                0x00000000000104d8                lpc_sys_setup_system_timer
 .text.sys_get_uptime_us
                0x000000000001052c       0x2c build/obj//home/bionia/SJSU-Dev/firmware/lib/L0_LowLevel/source/lpc_sys.o
                0x000000000001052c                sys_get_uptime_us
 .text.sys_get_mem_info_str
                0x0000000000010558       0x38 build/obj//home/bionia/SJSU-Dev/firmware/lib/L0_LowLevel/source/lpc_sys.o
                0x0000000000010558                sys_get_mem_info_str
 .text._ZN17SingletonTemplateI9IR_SensorE11getInstanceEv
                0x0000000000010590       0x18 build/obj//home/bionia/SJSU-Dev/firmware/lib/L0_LowLevel/source/lpc_sys.o
                0x0000000000010590                SingletonTemplate<IR_Sensor>::getInstance()
 .text.TIMER1_IRQHandler
                0x00000000000105a8       0xbc build/obj//home/bionia/SJSU-Dev/firmware/lib/L0_LowLevel/source/lpc_sys.o
                0x00000000000105a8                TIMER1_IRQHandler
 .text.isr_forwarder_routine
                0x0000000000010664       0x3c build/obj//home/bionia/SJSU-Dev/firmware/lib/L0_LowLevel/source/startup.o
 .text.isr_hard_fault_handler
                0x00000000000106a0       0x58 build/obj//home/bionia/SJSU-Dev/firmware/lib/L0_LowLevel/source/startup.o
                0x00000000000106a0                isr_hard_fault_handler
 .text._ZL19sys_clock_pll0_feedv
                0x00000000000106f8       0x14 build/obj//home/bionia/SJSU-Dev/firmware/lib/L0_LowLevel/source/sys_clock.o
 .text._ZL23sys_clock_configure_plljjPiS_S_.constprop.0
                0x000000000001070c       0x78 build/obj//home/bionia/SJSU-Dev/firmware/lib/L0_LowLevel/source/sys_clock.o
 .text._Z19sys_clock_configurev
                0x0000000000010784       0xb4 build/obj//home/bionia/SJSU-Dev/firmware/lib/L0_LowLevel/source/sys_clock.o
                0x0000000000010784                sys_clock_configure()
 .text.sys_get_cpu_clock
                0x0000000000010838       0xa8 build/obj//home/bionia/SJSU-Dev/firmware/lib/L0_LowLevel/source/sys_clock.o
                0x0000000000010838                sys_get_cpu_clock
 .text.uart0_init
                0x00000000000108e0       0x60 build/obj//home/bionia/SJSU-Dev/firmware/lib/L0_LowLevel/source/uart0_min.o
                0x00000000000108e0                uart0_init
 .text.uart0_getchar
                0x0000000000010940       0x18 build/obj//home/bionia/SJSU-Dev/firmware/lib/L0_LowLevel/source/uart0_min.o
                0x0000000000010940                uart0_getchar
 .text.uart0_putchar
                0x0000000000010958       0x18 build/obj//home/bionia/SJSU-Dev/firmware/lib/L0_LowLevel/source/uart0_min.o
                0x0000000000010958                uart0_putchar
 .text.uart0_puts
                0x0000000000010970       0x1a build/obj//home/bionia/SJSU-Dev/firmware/lib/L0_LowLevel/source/uart0_min.o
                0x0000000000010970                uart0_puts
 .text.pvPortMalloc
                0x000000000001098a       0x1e build/obj//home/bionia/SJSU-Dev/firmware/lib/L1_FreeRTOS/MemMang/freertos_mem_man.o
                0x000000000001098a                pvPortMalloc
 .text.vPortFree
                0x00000000000109a8       0x1a build/obj//home/bionia/SJSU-Dev/firmware/lib/L1_FreeRTOS/MemMang/freertos_mem_man.o
                0x00000000000109a8                vPortFree
 .text.vApplicationIdleHook
                0x00000000000109c2        0x4 build/obj//home/bionia/SJSU-Dev/firmware/lib/L1_FreeRTOS/hooks/hooks.o
                0x00000000000109c2                vApplicationIdleHook
 *fill*         0x00000000000109c6        0x2 ff
 .text.vApplicationStackOverflowHook
                0x00000000000109c8       0x38 build/obj//home/bionia/SJSU-Dev/firmware/lib/L1_FreeRTOS/hooks/hooks.o
                0x00000000000109c8                vApplicationStackOverflowHook
 .text.vApplicationMallocFailedHook
                0x0000000000010a00       0x24 build/obj//home/bionia/SJSU-Dev/firmware/lib/L1_FreeRTOS/hooks/hooks.o
                0x0000000000010a00                vApplicationMallocFailedHook
 .text.prvTaskExitError
                0x0000000000010a24       0x12 build/obj//home/bionia/SJSU-Dev/firmware/lib/L1_FreeRTOS/portable/no_mpu/port.o
 *fill*         0x0000000000010a36        0x2 ff
 .text.prvPortStartFirstTask
                0x0000000000010a38       0x20 build/obj//home/bionia/SJSU-Dev/firmware/lib/L1_FreeRTOS/portable/no_mpu/port.o
 .text.pxPortInitialiseStack
                0x0000000000010a58       0x24 build/obj//home/bionia/SJSU-Dev/firmware/lib/L1_FreeRTOS/portable/no_mpu/port.o
                0x0000000000010a58                pxPortInitialiseStack
 *fill*         0x0000000000010a7c        0x4 ff
 .text.vPortSVCHandler
                0x0000000000010a80       0x24 build/obj//home/bionia/SJSU-Dev/firmware/lib/L1_FreeRTOS/portable/no_mpu/port.o
                0x0000000000010a80                vPortSVCHandler
 .text.vPortEndScheduler
                0x0000000000010aa4        0x2 build/obj//home/bionia/SJSU-Dev/firmware/lib/L1_FreeRTOS/portable/no_mpu/port.o
                0x0000000000010aa4                vPortEndScheduler
 *fill*         0x0000000000010aa6        0x2 ff
 .text.vPortEnterCritical
                0x0000000000010aa8       0x20 build/obj//home/bionia/SJSU-Dev/firmware/lib/L1_FreeRTOS/portable/no_mpu/port.o
                0x0000000000010aa8                vPortEnterCritical
 .text.vPortExitCritical
                0x0000000000010ac8       0x14 build/obj//home/bionia/SJSU-Dev/firmware/lib/L1_FreeRTOS/portable/no_mpu/port.o
                0x0000000000010ac8                vPortExitCritical
 *fill*         0x0000000000010adc        0x4 ff
 .text.xPortPendSVHandler
                0x0000000000010ae0       0x44 build/obj//home/bionia/SJSU-Dev/firmware/lib/L1_FreeRTOS/portable/no_mpu/port.o
                0x0000000000010ae0                xPortPendSVHandler
 .text.xPortSysTickHandler
                0x0000000000010b24       0x2c build/obj//home/bionia/SJSU-Dev/firmware/lib/L1_FreeRTOS/portable/no_mpu/port.o
                0x0000000000010b24                xPortSysTickHandler
 .text.vPortSetupTimerInterrupt
                0x0000000000010b50       0x14 build/obj//home/bionia/SJSU-Dev/firmware/lib/L1_FreeRTOS/portable/no_mpu/port.o
                0x0000000000010b50                vPortSetupTimerInterrupt
 .text.xPortStartScheduler
                0x0000000000010b64       0x30 build/obj//home/bionia/SJSU-Dev/firmware/lib/L1_FreeRTOS/portable/no_mpu/port.o
                0x0000000000010b64                xPortStartScheduler
 .text.rts_not_full_trace_init
                0x0000000000010b94       0x14 build/obj//home/bionia/SJSU-Dev/firmware/lib/L1_FreeRTOS/portable/run_time_stats.o
                0x0000000000010b94                rts_not_full_trace_init
 .text.rts_not_full_trace_get
                0x0000000000010ba8       0x14 build/obj//home/bionia/SJSU-Dev/firmware/lib/L1_FreeRTOS/portable/run_time_stats.o
                0x0000000000010ba8                rts_not_full_trace_get
 .text.rts_not_full_trace_reset
                0x0000000000010bbc       0x14 build/obj//home/bionia/SJSU-Dev/firmware/lib/L1_FreeRTOS/portable/run_time_stats.o
                0x0000000000010bbc                rts_not_full_trace_reset
 .text.vListInitialise
                0x0000000000010bd0       0x16 build/obj//home/bionia/SJSU-Dev/firmware/lib/L1_FreeRTOS/src/list.o
                0x0000000000010bd0                vListInitialise
 .text.vListInitialiseItem
                0x0000000000010be6        0x6 build/obj//home/bionia/SJSU-Dev/firmware/lib/L1_FreeRTOS/src/list.o
                0x0000000000010be6                vListInitialiseItem
 .text.vListInsertEnd
                0x0000000000010bec       0x18 build/obj//home/bionia/SJSU-Dev/firmware/lib/L1_FreeRTOS/src/list.o
                0x0000000000010bec                vListInsertEnd
 .text.vListInsert
                0x0000000000010c04       0x2e build/obj//home/bionia/SJSU-Dev/firmware/lib/L1_FreeRTOS/src/list.o
                0x0000000000010c04                vListInsert
 .text.uxListRemove
                0x0000000000010c32       0x20 build/obj//home/bionia/SJSU-Dev/firmware/lib/L1_FreeRTOS/src/list.o
                0x0000000000010c32                uxListRemove
 .text.prvCopyDataToQueue
                0x0000000000010c52       0x66 build/obj//home/bionia/SJSU-Dev/firmware/lib/L1_FreeRTOS/src/queue.o
 .text.prvNotifyQueueSetContainer
                0x0000000000010cb8       0x4a build/obj//home/bionia/SJSU-Dev/firmware/lib/L1_FreeRTOS/src/queue.o
 .text.prvCopyDataFromQueue
                0x0000000000010d02       0x28 build/obj//home/bionia/SJSU-Dev/firmware/lib/L1_FreeRTOS/src/queue.o
 .text.prvUnlockQueue
                0x0000000000010d2a       0x7e build/obj//home/bionia/SJSU-Dev/firmware/lib/L1_FreeRTOS/src/queue.o
 .text.xQueueGenericReset
                0x0000000000010da8       0x6c build/obj//home/bionia/SJSU-Dev/firmware/lib/L1_FreeRTOS/src/queue.o
                0x0000000000010da8                xQueueGenericReset
 .text.xQueueGenericCreate
                0x0000000000010e14       0x32 build/obj//home/bionia/SJSU-Dev/firmware/lib/L1_FreeRTOS/src/queue.o
                0x0000000000010e14                xQueueGenericCreate
 .text.xQueueCreateCountingSemaphore
                0x0000000000010e46       0x12 build/obj//home/bionia/SJSU-Dev/firmware/lib/L1_FreeRTOS/src/queue.o
                0x0000000000010e46                xQueueCreateCountingSemaphore
 .text.xQueueGenericSend
                0x0000000000010e58      0x104 build/obj//home/bionia/SJSU-Dev/firmware/lib/L1_FreeRTOS/src/queue.o
                0x0000000000010e58                xQueueGenericSend
 .text.xQueueCreateMutex
                0x0000000000010f5c       0x24 build/obj//home/bionia/SJSU-Dev/firmware/lib/L1_FreeRTOS/src/queue.o
                0x0000000000010f5c                xQueueCreateMutex
 .text.xQueueGenericSendFromISR
                0x0000000000010f80       0x80 build/obj//home/bionia/SJSU-Dev/firmware/lib/L1_FreeRTOS/src/queue.o
                0x0000000000010f80                xQueueGenericSendFromISR
 .text.xQueueGiveFromISR
                0x0000000000011000       0x68 build/obj//home/bionia/SJSU-Dev/firmware/lib/L1_FreeRTOS/src/queue.o
                0x0000000000011000                xQueueGiveFromISR
 .text.xQueueGenericReceive
                0x0000000000011068      0x134 build/obj//home/bionia/SJSU-Dev/firmware/lib/L1_FreeRTOS/src/queue.o
                0x0000000000011068                xQueueGenericReceive
 .text.xQueueReceiveFromISR
                0x000000000001119c       0x68 build/obj//home/bionia/SJSU-Dev/firmware/lib/L1_FreeRTOS/src/queue.o
                0x000000000001119c                xQueueReceiveFromISR
 .text.uxQueueMessagesWaiting
                0x0000000000011204       0x12 build/obj//home/bionia/SJSU-Dev/firmware/lib/L1_FreeRTOS/src/queue.o
                0x0000000000011204                uxQueueMessagesWaiting
 .text.uxQueueMessagesWaitingFromISR
                0x0000000000011216        0x4 build/obj//home/bionia/SJSU-Dev/firmware/lib/L1_FreeRTOS/src/queue.o
                0x0000000000011216                uxQueueMessagesWaitingFromISR
 .text.xQueueSelectFromSet
                0x000000000001121a       0x18 build/obj//home/bionia/SJSU-Dev/firmware/lib/L1_FreeRTOS/src/queue.o
                0x000000000001121a                xQueueSelectFromSet
 .text.prvResetRunTimeStatsInList
                0x0000000000011232       0x2e build/obj//home/bionia/SJSU-Dev/firmware/lib/L1_FreeRTOS/src/tasks.o
 .text.prvIdleTask
                0x0000000000011260       0x28 build/obj//home/bionia/SJSU-Dev/firmware/lib/L1_FreeRTOS/src/tasks.o
 .text.prvResetNextTaskUnblockTime
                0x0000000000011288       0x24 build/obj//home/bionia/SJSU-Dev/firmware/lib/L1_FreeRTOS/src/tasks.o
 .text.prvAddCurrentTaskToDelayedList
                0x00000000000112ac       0x8c build/obj//home/bionia/SJSU-Dev/firmware/lib/L1_FreeRTOS/src/tasks.o
 .text.xTaskCreate
                0x0000000000011338      0x1a4 build/obj//home/bionia/SJSU-Dev/firmware/lib/L1_FreeRTOS/src/tasks.o
                0x0000000000011338                xTaskCreate
 .text.eTaskGetState
                0x00000000000114dc       0x54 build/obj//home/bionia/SJSU-Dev/firmware/lib/L1_FreeRTOS/src/tasks.o
                0x00000000000114dc                eTaskGetState
 .text.vTaskStartScheduler
                0x0000000000011530       0x64 build/obj//home/bionia/SJSU-Dev/firmware/lib/L1_FreeRTOS/src/tasks.o
                0x0000000000011530                vTaskStartScheduler
 .text.vTaskEndScheduler
                0x0000000000011594       0x20 build/obj//home/bionia/SJSU-Dev/firmware/lib/L1_FreeRTOS/src/tasks.o
                0x0000000000011594                vTaskEndScheduler
 .text.vTaskSuspendAll
                0x00000000000115b4       0x10 build/obj//home/bionia/SJSU-Dev/firmware/lib/L1_FreeRTOS/src/tasks.o
                0x00000000000115b4                vTaskSuspendAll
 .text.xTaskGetTickCount
                0x00000000000115c4        0xc build/obj//home/bionia/SJSU-Dev/firmware/lib/L1_FreeRTOS/src/tasks.o
                0x00000000000115c4                xTaskGetTickCount
 .text.xTaskGetTickCountFromISR
                0x00000000000115d0        0xc build/obj//home/bionia/SJSU-Dev/firmware/lib/L1_FreeRTOS/src/tasks.o
                0x00000000000115d0                xTaskGetTickCountFromISR
 .text.uxTaskGetNumberOfTasks
                0x00000000000115dc        0xc build/obj//home/bionia/SJSU-Dev/firmware/lib/L1_FreeRTOS/src/tasks.o
                0x00000000000115dc                uxTaskGetNumberOfTasks
 .text.xTaskIncrementTick
                0x00000000000115e8      0x10c build/obj//home/bionia/SJSU-Dev/firmware/lib/L1_FreeRTOS/src/tasks.o
                0x00000000000115e8                xTaskIncrementTick
 .text.xTaskResumeAll
                0x00000000000116f4       0xd8 build/obj//home/bionia/SJSU-Dev/firmware/lib/L1_FreeRTOS/src/tasks.o
                0x00000000000116f4                xTaskResumeAll
 .text.vTaskDelayUntil
                0x00000000000117cc       0x58 build/obj//home/bionia/SJSU-Dev/firmware/lib/L1_FreeRTOS/src/tasks.o
                0x00000000000117cc                vTaskDelayUntil
 .text.vTaskDelay
                0x0000000000011824       0x30 build/obj//home/bionia/SJSU-Dev/firmware/lib/L1_FreeRTOS/src/tasks.o
                0x0000000000011824                vTaskDelay
 .text.vTaskSwitchContext
                0x0000000000011854       0xb8 build/obj//home/bionia/SJSU-Dev/firmware/lib/L1_FreeRTOS/src/tasks.o
                0x0000000000011854                vTaskSwitchContext
 .text.vTaskSuspend
                0x000000000001190c       0xb0 build/obj//home/bionia/SJSU-Dev/firmware/lib/L1_FreeRTOS/src/tasks.o
                0x000000000001190c                vTaskSuspend
 .text.vTaskPlaceOnEventList
                0x00000000000119bc       0x20 build/obj//home/bionia/SJSU-Dev/firmware/lib/L1_FreeRTOS/src/tasks.o
                0x00000000000119bc                vTaskPlaceOnEventList
 .text.xTaskRemoveFromEventList
                0x00000000000119dc       0x70 build/obj//home/bionia/SJSU-Dev/firmware/lib/L1_FreeRTOS/src/tasks.o
                0x00000000000119dc                xTaskRemoveFromEventList
 .text.vTaskSetTimeOutState
                0x0000000000011a4c       0x18 build/obj//home/bionia/SJSU-Dev/firmware/lib/L1_FreeRTOS/src/tasks.o
                0x0000000000011a4c                vTaskSetTimeOutState
 .text.xTaskCheckForTimeOut
                0x0000000000011a64       0x4c build/obj//home/bionia/SJSU-Dev/firmware/lib/L1_FreeRTOS/src/tasks.o
                0x0000000000011a64                xTaskCheckForTimeOut
 .text.vTaskMissedYield
                0x0000000000011ab0        0xc build/obj//home/bionia/SJSU-Dev/firmware/lib/L1_FreeRTOS/src/tasks.o
                0x0000000000011ab0                vTaskMissedYield
 .text.vTaskGetInfo
                0x0000000000011abc       0x80 build/obj//home/bionia/SJSU-Dev/firmware/lib/L1_FreeRTOS/src/tasks.o
                0x0000000000011abc                vTaskGetInfo
 .text.prvListTasksWithinSingleList
                0x0000000000011b3c       0x5c build/obj//home/bionia/SJSU-Dev/firmware/lib/L1_FreeRTOS/src/tasks.o
 .text.uxTaskGetSystemState
                0x0000000000011b98       0x98 build/obj//home/bionia/SJSU-Dev/firmware/lib/L1_FreeRTOS/src/tasks.o
                0x0000000000011b98                uxTaskGetSystemState
 .text.uxTaskGetStackHighWaterMark
                0x0000000000011c30       0x20 build/obj//home/bionia/SJSU-Dev/firmware/lib/L1_FreeRTOS/src/tasks.o
                0x0000000000011c30                uxTaskGetStackHighWaterMark
 .text.xTaskGetSchedulerState
                0x0000000000011c50       0x20 build/obj//home/bionia/SJSU-Dev/firmware/lib/L1_FreeRTOS/src/tasks.o
                0x0000000000011c50                xTaskGetSchedulerState
 .text.vTaskPriorityInherit
                0x0000000000011c70       0x90 build/obj//home/bionia/SJSU-Dev/firmware/lib/L1_FreeRTOS/src/tasks.o
                0x0000000000011c70                vTaskPriorityInherit
 .text.xTaskPriorityDisinherit
                0x0000000000011d00       0x70 build/obj//home/bionia/SJSU-Dev/firmware/lib/L1_FreeRTOS/src/tasks.o
                0x0000000000011d00                xTaskPriorityDisinherit
 .text.pvTaskIncrementMutexHeldCount
                0x0000000000011d70       0x18 build/obj//home/bionia/SJSU-Dev/firmware/lib/L1_FreeRTOS/src/tasks.o
                0x0000000000011d70                pvTaskIncrementMutexHeldCount
 .text.vTaskResetRunTimeStats
                0x0000000000011d88       0x68 build/obj//home/bionia/SJSU-Dev/firmware/lib/L1_FreeRTOS/src/tasks.o
                0x0000000000011d88                vTaskResetRunTimeStats
 .text.vRunTimeStatIsrEntry
                0x0000000000011df0       0x28 build/obj//home/bionia/SJSU-Dev/firmware/lib/L1_FreeRTOS/src/tasks.o
                0x0000000000011df0                vRunTimeStatIsrEntry
 .text.vRunTimeStatIsrExit
                0x0000000000011e18       0x10 build/obj//home/bionia/SJSU-Dev/firmware/lib/L1_FreeRTOS/src/tasks.o
                0x0000000000011e18                vRunTimeStatIsrExit
 .text._ZN7CharDev5flushEv
                0x0000000000011e28        0x4 build/obj//home/bionia/SJSU-Dev/firmware/lib/L2_Drivers/base/char_dev.o
                0x0000000000011e28                CharDev::flush()
 .text._ZN7CharDev3putEPKcj
                0x0000000000011e2c       0x28 build/obj//home/bionia/SJSU-Dev/firmware/lib/L2_Drivers/base/char_dev.o
                0x0000000000011e2c                CharDev::put(char const*, unsigned int)
 .text._ZN7CharDev7putlineEPKcj
                0x0000000000011e54       0x1c build/obj//home/bionia/SJSU-Dev/firmware/lib/L2_Drivers/base/char_dev.o
                0x0000000000011e54                CharDev::putline(char const*, unsigned int)
 .text._ZN7CharDev4getsEPcij
                0x0000000000011e70       0x50 build/obj//home/bionia/SJSU-Dev/firmware/lib/L2_Drivers/base/char_dev.o
                0x0000000000011e70                CharDev::gets(char*, int, unsigned int)
 .text._ZN7CharDev6printfEPKcz
                0x0000000000011ec0       0x78 build/obj//home/bionia/SJSU-Dev/firmware/lib/L2_Drivers/base/char_dev.o
                0x0000000000011ec0                CharDev::printf(char const*, ...)
 .text._ZN7CharDevC2Ev
                0x0000000000011f38       0x20 build/obj//home/bionia/SJSU-Dev/firmware/lib/L2_Drivers/base/char_dev.o
                0x0000000000011f38                CharDev::CharDev()
                0x0000000000011f38                CharDev::CharDev()
 .text._ZN7CharDevD2Ev
                0x0000000000011f58       0x18 build/obj//home/bionia/SJSU-Dev/firmware/lib/L2_Drivers/base/char_dev.o
                0x0000000000011f58                CharDev::~CharDev()
                0x0000000000011f58                CharDev::~CharDev()
 .text._ZN8I2C_Base8transferEhPhmS0_m
                0x0000000000011f70      0x108 build/obj//home/bionia/SJSU-Dev/firmware/lib/L2_Drivers/base/i2c_base.o
                0x0000000000011f70                I2C_Base::transfer(unsigned char, unsigned char*, unsigned long, unsigned char*, unsigned long)
 .text._ZN8I2C_Base21writeRegisterThenReadEhPhmS0_m
                0x0000000000012078        0xc build/obj//home/bionia/SJSU-Dev/firmware/lib/L2_Drivers/base/i2c_base.o
                0x0000000000012078                I2C_Base::writeRegisterThenRead(unsigned char, unsigned char*, unsigned long, unsigned char*, unsigned long)
 .text._ZN8I2C_Base7readRegEhh
                0x0000000000012084       0x28 build/obj//home/bionia/SJSU-Dev/firmware/lib/L2_Drivers/base/i2c_base.o
                0x0000000000012084                I2C_Base::readReg(unsigned char, unsigned char)
 .text._ZN8I2C_Base13readRegistersEhhPhm
                0x00000000000120ac       0x1a build/obj//home/bionia/SJSU-Dev/firmware/lib/L2_Drivers/base/i2c_base.o
                0x00000000000120ac                I2C_Base::readRegisters(unsigned char, unsigned char, unsigned char*, unsigned long)
 .text._ZN8I2C_Base14writeRegistersEhPhm
                0x00000000000120c6       0x14 build/obj//home/bionia/SJSU-Dev/firmware/lib/L2_Drivers/base/i2c_base.o
                0x00000000000120c6                I2C_Base::writeRegisters(unsigned char, unsigned char*, unsigned long)
 .text._ZN8I2C_Base8writeRegEhhh
                0x00000000000120da       0x18 build/obj//home/bionia/SJSU-Dev/firmware/lib/L2_Drivers/base/i2c_base.o
                0x00000000000120da                I2C_Base::writeReg(unsigned char, unsigned char, unsigned char)
 .text._ZN8I2C_Base13readRegistersEhPhm
                0x00000000000120f2       0x18 build/obj//home/bionia/SJSU-Dev/firmware/lib/L2_Drivers/base/i2c_base.o
                0x00000000000120f2                I2C_Base::readRegisters(unsigned char, unsigned char*, unsigned long)
 .text._ZN8I2C_Base19checkDeviceResponseEh
                0x000000000001210a       0x14 build/obj//home/bionia/SJSU-Dev/firmware/lib/L2_Drivers/base/i2c_base.o
                0x000000000001210a                I2C_Base::checkDeviceResponse(unsigned char)
 *fill*         0x000000000001211e        0x2 ff
 .text._ZN8I2C_BaseC2EP15LPC_I2C_TypeDef
                0x0000000000012120       0x5c build/obj//home/bionia/SJSU-Dev/firmware/lib/L2_Drivers/base/i2c_base.o
                0x0000000000012120                I2C_Base::I2C_Base(LPC_I2C_TypeDef*)
                0x0000000000012120                I2C_Base::I2C_Base(LPC_I2C_TypeDef*)
 .text._ZN8I2C_Base4initEmm
                0x000000000001217c       0x94 build/obj//home/bionia/SJSU-Dev/firmware/lib/L2_Drivers/base/i2c_base.o
                0x000000000001217c                I2C_Base::init(unsigned long, unsigned long)
 .text._ZN8I2C_Base7setStopEv
                0x0000000000012210       0x28 build/obj//home/bionia/SJSU-Dev/firmware/lib/L2_Drivers/base/i2c_base.o
                0x0000000000012210                I2C_Base::setStop()
 .text._ZN8I2C_Base15i2cStateMachineEv
                0x0000000000012238      0x10a build/obj//home/bionia/SJSU-Dev/firmware/lib/L2_Drivers/base/i2c_base.o
                0x0000000000012238                I2C_Base::i2cStateMachine()
 *fill*         0x0000000000012342        0x2 ff
 .text._ZN8I2C_Base15handleInterruptEv
                0x0000000000012344       0x38 build/obj//home/bionia/SJSU-Dev/firmware/lib/L2_Drivers/base/i2c_base.o
                0x0000000000012344                I2C_Base::handleInterrupt()
 .text._ZN7UartDev7putCharEcj
                0x000000000001237c       0x5c build/obj//home/bionia/SJSU-Dev/firmware/lib/L2_Drivers/base/uart_dev.o
                0x000000000001237c                UartDev::putChar(char, unsigned int)
 .text._ZN7UartDevD2Ev
                0x00000000000123d8       0x14 build/obj//home/bionia/SJSU-Dev/firmware/lib/L2_Drivers/base/uart_dev.o
                0x00000000000123d8                UartDev::~UartDev()
                0x00000000000123d8                UartDev::~UartDev()
 .text._ZN7UartDevD0Ev
                0x00000000000123ec       0x14 build/obj//home/bionia/SJSU-Dev/firmware/lib/L2_Drivers/base/uart_dev.o
                0x00000000000123ec                UartDev::~UartDev()
 .text._ZN7UartDev5flushEv
                0x0000000000012400       0x20 build/obj//home/bionia/SJSU-Dev/firmware/lib/L2_Drivers/base/uart_dev.o
                0x0000000000012400                UartDev::flush()
 .text._ZN7UartDev7getCharEPcj
                0x0000000000012420       0x6c build/obj//home/bionia/SJSU-Dev/firmware/lib/L2_Drivers/base/uart_dev.o
                0x0000000000012420                UartDev::getChar(char*, unsigned int)
 .text._ZN7UartDev11setBaudRateEj
                0x000000000001248c       0x34 build/obj//home/bionia/SJSU-Dev/firmware/lib/L2_Drivers/base/uart_dev.o
                0x000000000001248c                UartDev::setBaudRate(unsigned int)
 .text._ZN7UartDev15handleInterruptEv
                0x00000000000124c0       0xc0 build/obj//home/bionia/SJSU-Dev/firmware/lib/L2_Drivers/base/uart_dev.o
                0x00000000000124c0                UartDev::handleInterrupt()
 .text._ZN7UartDevC2EPj
                0x0000000000012580       0x28 build/obj//home/bionia/SJSU-Dev/firmware/lib/L2_Drivers/base/uart_dev.o
                0x0000000000012580                UartDev::UartDev(unsigned int*)
                0x0000000000012580                UartDev::UartDev(unsigned int*)
 .text._ZN7UartDev4initEjjii
                0x00000000000125a8       0xac build/obj//home/bionia/SJSU-Dev/firmware/lib/L2_Drivers/base/uart_dev.o
                0x00000000000125a8                UartDev::init(unsigned int, unsigned int, int, int)
 .text.adc0_start_conversion
                0x0000000000012654       0x24 build/obj//home/bionia/SJSU-Dev/firmware/lib/L2_Drivers/src/adc.o
 .text.ADC_IRQHandler
                0x0000000000012678       0x48 build/obj//home/bionia/SJSU-Dev/firmware/lib/L2_Drivers/src/adc.o
                0x0000000000012678                ADC_IRQHandler
 .text.adc0_init
                0x00000000000126c0       0x74 build/obj//home/bionia/SJSU-Dev/firmware/lib/L2_Drivers/src/adc.o
                0x00000000000126c0                adc0_init
 .text.adc0_get_reading
                0x0000000000012734       0x74 build/obj//home/bionia/SJSU-Dev/firmware/lib/L2_Drivers/src/adc.o
                0x0000000000012734                adc0_get_reading
 .text.CAN_tx_now
                0x00000000000127a8       0x32 build/obj//home/bionia/SJSU-Dev/firmware/lib/L2_Drivers/src/can.o
 *fill*         0x00000000000127da        0x2 ff
 .text.CAN_handle_isr
                0x00000000000127dc       0xa4 build/obj//home/bionia/SJSU-Dev/firmware/lib/L2_Drivers/src/can.o
 .text.CAN_IRQHandler
                0x0000000000012880       0x28 build/obj//home/bionia/SJSU-Dev/firmware/lib/L2_Drivers/src/can.o
                0x0000000000012880                CAN_IRQHandler
 .text.handle_eint_list
                0x00000000000128a8       0x2c build/obj//home/bionia/SJSU-Dev/firmware/lib/L2_Drivers/src/eint.o
 .text.eint3_enable.isra.0
                0x00000000000128d4       0x38 build/obj//home/bionia/SJSU-Dev/firmware/lib/L2_Drivers/src/eint.o
 .text.EINT3_IRQHandler
                0x000000000001290c       0x80 build/obj//home/bionia/SJSU-Dev/firmware/lib/L2_Drivers/src/eint.o
                0x000000000001290c                EINT3_IRQHandler
 .text.eint3_enable_port0
                0x000000000001298c       0x30 build/obj//home/bionia/SJSU-Dev/firmware/lib/L2_Drivers/src/eint.o
                0x000000000001298c                eint3_enable_port0
 .text._ZN4I2C24initEj
                0x00000000000129bc       0x6c build/obj//home/bionia/SJSU-Dev/firmware/lib/L2_Drivers/src/i2c2.o
                0x00000000000129bc                I2C2::init(unsigned int)
 .text._ZN4I2C2C2Ev
                0x0000000000012a28       0x14 build/obj//home/bionia/SJSU-Dev/firmware/lib/L2_Drivers/src/i2c2.o
                0x0000000000012a28                I2C2::I2C2()
                0x0000000000012a28                I2C2::I2C2()
 .text.I2C2_IRQHandler
                0x0000000000012a3c       0x28 build/obj//home/bionia/SJSU-Dev/firmware/lib/L2_Drivers/src/i2c2.o
                0x0000000000012a3c                I2C2_IRQHandler
 .text.RIT_IRQHandler
                0x0000000000012a64       0x1c build/obj//home/bionia/SJSU-Dev/firmware/lib/L2_Drivers/src/lpc_rit.o
                0x0000000000012a64                RIT_IRQHandler
 .text.lpc_timer_get_struct
                0x0000000000012a80       0x20 build/obj//home/bionia/SJSU-Dev/firmware/lib/L2_Drivers/src/lpc_timers.o
 .text.lpc_timer_enable
                0x0000000000012aa0       0x6c build/obj//home/bionia/SJSU-Dev/firmware/lib/L2_Drivers/src/lpc_timers.o
                0x0000000000012aa0                lpc_timer_enable
 .text._ZN12NordicStream5flushEv
                0x0000000000012b0c       0x5c build/obj//home/bionia/SJSU-Dev/firmware/lib/L2_Drivers/src/nrf_stream.o
                0x0000000000012b0c                NordicStream::flush()
 .text._ZN12NordicStreamD2Ev
                0x0000000000012b68       0x14 build/obj//home/bionia/SJSU-Dev/firmware/lib/L2_Drivers/src/nrf_stream.o
                0x0000000000012b68                NordicStream::~NordicStream()
                0x0000000000012b68                NordicStream::~NordicStream()
 .text._ZN12NordicStreamD0Ev
                0x0000000000012b7c       0x14 build/obj//home/bionia/SJSU-Dev/firmware/lib/L2_Drivers/src/nrf_stream.o
                0x0000000000012b7c                NordicStream::~NordicStream()
 .text._ZN12NordicStream7putCharEcj
                0x0000000000012b90       0x22 build/obj//home/bionia/SJSU-Dev/firmware/lib/L2_Drivers/src/nrf_stream.o
                0x0000000000012b90                NordicStream::putChar(char, unsigned int)
 .text._ZN12NordicStream7getCharEPcj
                0x0000000000012bb2       0x44 build/obj//home/bionia/SJSU-Dev/firmware/lib/L2_Drivers/src/nrf_stream.o
                0x0000000000012bb2                NordicStream::getChar(char*, unsigned int)
 *fill*         0x0000000000012bf6        0x2 ff
 .text._ZN12NordicStreamC2Ev
                0x0000000000012bf8       0x40 build/obj//home/bionia/SJSU-Dev/firmware/lib/L2_Drivers/src/nrf_stream.o
                0x0000000000012bf8                NordicStream::NordicStream()
                0x0000000000012bf8                NordicStream::NordicStream()
 .text.rtc_gettime
                0x0000000000012c38       0x48 build/obj//home/bionia/SJSU-Dev/firmware/lib/L2_Drivers/src/rtc.o
                0x0000000000012c38                rtc_gettime
 .text.rtc_settime
                0x0000000000012c80       0x68 build/obj//home/bionia/SJSU-Dev/firmware/lib/L2_Drivers/src/rtc.o
                0x0000000000012c80                rtc_settime
 .text.rtc_init
                0x0000000000012ce8       0xd0 build/obj//home/bionia/SJSU-Dev/firmware/lib/L2_Drivers/src/rtc.o
                0x0000000000012ce8                rtc_init
 .text.rtc_get_date_time_str
                0x0000000000012db8       0x14 build/obj//home/bionia/SJSU-Dev/firmware/lib/L2_Drivers/src/rtc.o
                0x0000000000012db8                rtc_get_date_time_str
 .text.ssp1_dma_init
                0x0000000000012dcc       0x1c build/obj//home/bionia/SJSU-Dev/firmware/lib/L2_Drivers/src/spi_dma.o
                0x0000000000012dcc                ssp1_dma_init
 .text.ssp1_dma_transfer_block
                0x0000000000012de8       0xc0 build/obj//home/bionia/SJSU-Dev/firmware/lib/L2_Drivers/src/spi_dma.o
                0x0000000000012de8                ssp1_dma_transfer_block
 .text.spi1_lock
                0x0000000000012ea8       0x30 build/obj//home/bionia/SJSU-Dev/firmware/lib/L2_Drivers/src/spi_sem.o
                0x0000000000012ea8                spi1_lock
 .text.spi1_unlock
                0x0000000000012ed8       0x24 build/obj//home/bionia/SJSU-Dev/firmware/lib/L2_Drivers/src/spi_sem.o
                0x0000000000012ed8                spi1_unlock
 .text._ZN5Uart0D2Ev
                0x0000000000012efc       0x14 build/obj//home/bionia/SJSU-Dev/firmware/lib/L2_Drivers/src/uart0.o
                0x0000000000012efc                Uart0::~Uart0()
                0x0000000000012efc                Uart0::~Uart0()
 .text._ZN5Uart0D0Ev
                0x0000000000012f10       0x14 build/obj//home/bionia/SJSU-Dev/firmware/lib/L2_Drivers/src/uart0.o
                0x0000000000012f10                Uart0::~Uart0()
 .text._ZN5Uart04initEjii
                0x0000000000012f24       0x40 build/obj//home/bionia/SJSU-Dev/firmware/lib/L2_Drivers/src/uart0.o
                0x0000000000012f24                Uart0::init(unsigned int, int, int)
 .text._ZN5Uart0C2Ev
                0x0000000000012f64       0x1c build/obj//home/bionia/SJSU-Dev/firmware/lib/L2_Drivers/src/uart0.o
                0x0000000000012f64                Uart0::Uart0()
                0x0000000000012f64                Uart0::Uart0()
 .text.UART0_IRQHandler
                0x0000000000012f80       0x24 build/obj//home/bionia/SJSU-Dev/firmware/lib/L2_Drivers/src/uart0.o
                0x0000000000012f80                UART0_IRQHandler
 .text._ZN5Uart2D2Ev
                0x0000000000012fa4       0x14 build/obj//home/bionia/SJSU-Dev/firmware/lib/L2_Drivers/src/uart2.o
                0x0000000000012fa4                Uart2::~Uart2()
                0x0000000000012fa4                Uart2::~Uart2()
 .text._ZN5Uart2D0Ev
                0x0000000000012fb8       0x14 build/obj//home/bionia/SJSU-Dev/firmware/lib/L2_Drivers/src/uart2.o
                0x0000000000012fb8                Uart2::~Uart2()
 .text._ZN5Uart2C2Ev
                0x0000000000012fcc       0x1c build/obj//home/bionia/SJSU-Dev/firmware/lib/L2_Drivers/src/uart2.o
                0x0000000000012fcc                Uart2::Uart2()
                0x0000000000012fcc                Uart2::Uart2()
 .text.UART2_IRQHandler
                0x0000000000012fe8       0x24 build/obj//home/bionia/SJSU-Dev/firmware/lib/L2_Drivers/src/uart2.o
                0x0000000000012fe8                UART2_IRQHandler
 .text._ZN5Uart3D2Ev
                0x000000000001300c       0x14 build/obj//home/bionia/SJSU-Dev/firmware/lib/L2_Drivers/src/uart3.o
                0x000000000001300c                Uart3::~Uart3()
                0x000000000001300c                Uart3::~Uart3()
 .text._ZN5Uart3D0Ev
                0x0000000000013020       0x14 build/obj//home/bionia/SJSU-Dev/firmware/lib/L2_Drivers/src/uart3.o
                0x0000000000013020                Uart3::~Uart3()
 .text._ZN5Uart3C2Ev
                0x0000000000013034       0x1c build/obj//home/bionia/SJSU-Dev/firmware/lib/L2_Drivers/src/uart3.o
                0x0000000000013034                Uart3::Uart3()
                0x0000000000013034                Uart3::Uart3()
 .text.UART3_IRQHandler
                0x0000000000013050       0x24 build/obj//home/bionia/SJSU-Dev/firmware/lib/L2_Drivers/src/uart3.o
                0x0000000000013050                UART3_IRQHandler
 .text.c_list_create
                0x0000000000013074       0x14 build/obj//home/bionia/SJSU-Dev/firmware/lib/L3_Utils/src/c_list.o
                0x0000000000013074                c_list_create
 .text.c_list_node_count
                0x0000000000013088        0x6 build/obj//home/bionia/SJSU-Dev/firmware/lib/L3_Utils/src/c_list.o
                0x0000000000013088                c_list_node_count
 .text.c_list_insert_elm_end
                0x000000000001308e       0x38 build/obj//home/bionia/SJSU-Dev/firmware/lib/L3_Utils/src/c_list.o
                0x000000000001308e                c_list_insert_elm_end
 .text.c_list_get_elm_at
                0x00000000000130c6       0x2c build/obj//home/bionia/SJSU-Dev/firmware/lib/L3_Utils/src/c_list.o
                0x00000000000130c6                c_list_get_elm_at
 .text.c_list_find_elm
                0x00000000000130f2       0x2c build/obj//home/bionia/SJSU-Dev/firmware/lib/L3_Utils/src/c_list.o
                0x00000000000130f2                c_list_find_elm
 .text.c_list_for_each_elm
                0x000000000001311e       0x2a build/obj//home/bionia/SJSU-Dev/firmware/lib/L3_Utils/src/c_list.o
                0x000000000001311e                c_list_for_each_elm
 .text._ZN16CommandProcessor10addHandlerEPFbR3strR7CharDevPvEPKcS8_S4_
                0x0000000000013148       0x7c build/obj//home/bionia/SJSU-Dev/firmware/lib/L3_Utils/src/command_handler.o
                0x0000000000013148                CommandProcessor::addHandler(bool (*)(str&, CharDev&, void*), char const*, char const*, void*)
 .text._ZN16CommandProcessor24getRegisteredCommandListER7CharDev
                0x00000000000131c4       0xa0 build/obj//home/bionia/SJSU-Dev/firmware/lib/L3_Utils/src/command_handler.o
                0x00000000000131c4                CommandProcessor::getRegisteredCommandList(CharDev&)
 .text._ZN16CommandProcessor11getHelpTextER3strR7CharDev
                0x0000000000013264       0x70 build/obj//home/bionia/SJSU-Dev/firmware/lib/L3_Utils/src/command_handler.o
                0x0000000000013264                CommandProcessor::getHelpText(str&, CharDev&)
 .text._ZN16CommandProcessor15prepareCmdParamER3strPKc
                0x00000000000132d4       0x3c build/obj//home/bionia/SJSU-Dev/firmware/lib/L3_Utils/src/command_handler.o
                0x00000000000132d4                CommandProcessor::prepareCmdParam(str&, char const*)
 .text._ZN16CommandProcessor13handleCommandER3strR7CharDev
                0x0000000000013310      0x164 build/obj//home/bionia/SJSU-Dev/firmware/lib/L3_Utils/src/command_handler.o
                0x0000000000013310                CommandProcessor::handleCommand(str&, CharDev&)
 .text.logger_get_buffer_ptr
                0x0000000000013474       0x48 build/obj//home/bionia/SJSU-Dev/firmware/lib/L3_Utils/src/file_logger.o
 .text.logger_write_to_file
                0x00000000000134bc       0xb4 build/obj//home/bionia/SJSU-Dev/firmware/lib/L3_Utils/src/file_logger.o
 .text.logger_task
                0x0000000000013570       0xd0 build/obj//home/bionia/SJSU-Dev/firmware/lib/L3_Utils/src/file_logger.o
 .text.logger_write_log_message
                0x0000000000013640       0x48 build/obj//home/bionia/SJSU-Dev/firmware/lib/L3_Utils/src/file_logger.o
 .text.logger_send_flush_request
                0x0000000000013688       0x34 build/obj//home/bionia/SJSU-Dev/firmware/lib/L3_Utils/src/file_logger.o
                0x0000000000013688                logger_send_flush_request
 .text.logger_get_logged_call_count
                0x00000000000136bc       0x14 build/obj//home/bionia/SJSU-Dev/firmware/lib/L3_Utils/src/file_logger.o
                0x00000000000136bc                logger_get_logged_call_count
 .text.logger_get_blocked_call_count
                0x00000000000136d0        0xc build/obj//home/bionia/SJSU-Dev/firmware/lib/L3_Utils/src/file_logger.o
                0x00000000000136d0                logger_get_blocked_call_count
 .text.logger_get_highest_file_write_time_ms
                0x00000000000136dc        0xc build/obj//home/bionia/SJSU-Dev/firmware/lib/L3_Utils/src/file_logger.o
                0x00000000000136dc                logger_get_highest_file_write_time_ms
 .text.logger_get_num_buffers_watermark
                0x00000000000136e8        0xc build/obj//home/bionia/SJSU-Dev/firmware/lib/L3_Utils/src/file_logger.o
                0x00000000000136e8                logger_get_num_buffers_watermark
 .text.logger_init
                0x00000000000136f4       0xcc build/obj//home/bionia/SJSU-Dev/firmware/lib/L3_Utils/src/file_logger.o
                0x00000000000136f4                logger_init
 .text.logger_set_printf
                0x00000000000137c0       0x1c build/obj//home/bionia/SJSU-Dev/firmware/lib/L3_Utils/src/file_logger.o
                0x00000000000137c0                logger_set_printf
 .text.logger_log
                0x00000000000137dc      0x138 build/obj//home/bionia/SJSU-Dev/firmware/lib/L3_Utils/src/file_logger.o
                0x00000000000137dc                logger_log
 .text.logger_log_raw
                0x0000000000013914       0x40 build/obj//home/bionia/SJSU-Dev/firmware/lib/L3_Utils/src/file_logger.o
                0x0000000000013914                logger_log_raw
 .text.u0_dbg_put
                0x0000000000013954       0x1e build/obj//home/bionia/SJSU-Dev/firmware/lib/L3_Utils/src/printf_lib.o
                0x0000000000013954                u0_dbg_put
 .text.u0_dbg_printf
                0x0000000000013972       0x3c build/obj//home/bionia/SJSU-Dev/firmware/lib/L3_Utils/src/printf_lib.o
                0x0000000000013972                u0_dbg_printf
 .text.for_each_recur_alarm_callback
                0x00000000000139ae       0x24 build/obj//home/bionia/SJSU-Dev/firmware/lib/L3_Utils/src/rtc_alarm.o
 .text.for_each_alarm_callback
                0x00000000000139d2       0x5a build/obj//home/bionia/SJSU-Dev/firmware/lib/L3_Utils/src/rtc_alarm.o
 .text.RTC_IRQHandler
                0x0000000000013a2c       0xac build/obj//home/bionia/SJSU-Dev/firmware/lib/L3_Utils/src/rtc_alarm.o
                0x0000000000013a2c                RTC_IRQHandler
 .text._ZN14scheduler_task4initEv
                0x0000000000013ad8        0x4 build/obj//home/bionia/SJSU-Dev/firmware/lib/L3_Utils/src/scheduler_task.o
                0x0000000000013ad8                scheduler_task::init()
 .text._ZN14scheduler_task6regTlmEv
                0x0000000000013adc        0x4 build/obj//home/bionia/SJSU-Dev/firmware/lib/L3_Utils/src/scheduler_task.o
                0x0000000000013adc                scheduler_task::regTlm()
 .text._ZN14scheduler_task9taskEntryEv
                0x0000000000013ae0        0x4 build/obj//home/bionia/SJSU-Dev/firmware/lib/L3_Utils/src/scheduler_task.o
                0x0000000000013ae0                scheduler_task::taskEntry()
 .text.__sputc_r
                0x0000000000013ae4       0x2c build/obj//home/bionia/SJSU-Dev/firmware/lib/L3_Utils/src/scheduler_task.o
 .text._ZL9dbg_printPKcS0_
                0x0000000000013b10       0x34 build/obj//home/bionia/SJSU-Dev/firmware/lib/L3_Utils/src/scheduler_task.o
 .text._ZL9printlinePKcS0_
                0x0000000000013b44       0x38 build/obj//home/bionia/SJSU-Dev/firmware/lib/L3_Utils/src/scheduler_task.o
 .text._Z24scheduler_c_task_privatePv
                0x0000000000013b7c      0x124 build/obj//home/bionia/SJSU-Dev/firmware/lib/L3_Utils/src/scheduler_task.o
                0x0000000000013b7c                scheduler_c_task_private(void*)
 .text._Z18scheduler_init_allb
                0x0000000000013ca0      0x1b0 build/obj//home/bionia/SJSU-Dev/firmware/lib/L3_Utils/src/scheduler_task.o
                0x0000000000013ca0                scheduler_init_all(bool)
 .text._Z18scheduler_add_taskP14scheduler_task
                0x0000000000013e50       0x1c build/obj//home/bionia/SJSU-Dev/firmware/lib/L3_Utils/src/scheduler_task.o
                0x0000000000013e50                scheduler_add_task(scheduler_task*)
 .text._Z15scheduler_startbb
                0x0000000000013e6c       0x40 build/obj//home/bionia/SJSU-Dev/firmware/lib/L3_Utils/src/scheduler_task.o
                0x0000000000013e6c                scheduler_start(bool, bool)
 .text._ZN14scheduler_taskC2EPKcmhPv
                0x0000000000013eac       0x34 build/obj//home/bionia/SJSU-Dev/firmware/lib/L3_Utils/src/scheduler_task.o
                0x0000000000013eac                scheduler_task::scheduler_task(char const*, unsigned long, unsigned char, void*)
                0x0000000000013eac                scheduler_task::scheduler_task(char const*, unsigned long, unsigned char, void*)
 .text._ZN14scheduler_task15getSharedObjectEh
                0x0000000000013ee0       0x18 build/obj//home/bionia/SJSU-Dev/firmware/lib/L3_Utils/src/scheduler_task.o
                0x0000000000013ee0                scheduler_task::getSharedObject(unsigned char)
 .text._ZN3strC2EPci
                0x0000000000013ef8       0x28 build/obj//home/bionia/SJSU-Dev/firmware/lib/L3_Utils/src/str.o
                0x0000000000013ef8                str::str(char*, int)
                0x0000000000013ef8                str::str(char*, int)
 .text._ZN3strD2Ev
                0x0000000000013f20       0x26 build/obj//home/bionia/SJSU-Dev/firmware/lib/L3_Utils/src/str.o
                0x0000000000013f20                str::~str()
                0x0000000000013f20                str::~str()
 .text._ZNK3str6getLenEv
                0x0000000000013f46        0x6 build/obj//home/bionia/SJSU-Dev/firmware/lib/L3_Utils/src/str.o
                0x0000000000013f46                str::getLen() const
 .text._ZNK3str11getCapacityEv
                0x0000000000013f4c        0x4 build/obj//home/bionia/SJSU-Dev/firmware/lib/L3_Utils/src/str.o
                0x0000000000013f4c                str::getCapacity() const
 .text._ZN3str5clearEv
                0x0000000000013f50        0x8 build/obj//home/bionia/SJSU-Dev/firmware/lib/L3_Utils/src/str.o
                0x0000000000013f50                str::clear()
 .text._ZN3str5scanfEPKcz
                0x0000000000013f58       0x1c build/obj//home/bionia/SJSU-Dev/firmware/lib/L3_Utils/src/str.o
                0x0000000000013f58                str::scanf(char const*, ...)
 .text._ZN3str8tokenizeEPKciz
                0x0000000000013f74       0x4c build/obj//home/bionia/SJSU-Dev/firmware/lib/L3_Utils/src/str.o
                0x0000000000013f74                str::tokenize(char const*, int, ...)
 .text._ZNK3str9compareToEPKc
                0x0000000000013fc0       0x14 build/obj//home/bionia/SJSU-Dev/firmware/lib/L3_Utils/src/str.o
                0x0000000000013fc0                str::compareTo(char const*) const
 .text._ZNK3str19compareToIgnoreCaseEPKc
                0x0000000000013fd4       0x10 build/obj//home/bionia/SJSU-Dev/firmware/lib/L3_Utils/src/str.o
                0x0000000000013fd4                str::compareToIgnoreCase(char const*) const
 .text._ZNK3str22firstIndexOfIgnoreCaseEPKc
                0x0000000000013fe4       0x80 build/obj//home/bionia/SJSU-Dev/firmware/lib/L3_Utils/src/str.o
                0x0000000000013fe4                str::firstIndexOfIgnoreCase(char const*) const
 .text._ZNK3str18containsIgnoreCaseEPKc
                0x0000000000014064        0xe build/obj//home/bionia/SJSU-Dev/firmware/lib/L3_Utils/src/str.o
                0x0000000000014064                str::containsIgnoreCase(char const*) const
 .text._ZNK3str12firstIndexOfEPKc
                0x0000000000014072       0x16 build/obj//home/bionia/SJSU-Dev/firmware/lib/L3_Utils/src/str.o
                0x0000000000014072                str::firstIndexOf(char const*) const
 .text._ZNK3str10beginsWithEPKc
                0x0000000000014088       0x2e build/obj//home/bionia/SJSU-Dev/firmware/lib/L3_Utils/src/str.o
                0x0000000000014088                str::beginsWith(char const*) const
 .text._ZNK3str20beginsWithIgnoreCaseEPKc
                0x00000000000140b6       0x2e build/obj//home/bionia/SJSU-Dev/firmware/lib/L3_Utils/src/str.o
                0x00000000000140b6                str::beginsWithIgnoreCase(char const*) const
 .text._ZNK3str29beginsWithWholeWordIgnoreCaseEPKcc
                0x00000000000140e4       0x38 build/obj//home/bionia/SJSU-Dev/firmware/lib/L3_Utils/src/str.o
                0x00000000000140e4                str::beginsWithWholeWordIgnoreCase(char const*, char) const
 .text._ZN3str10eraseFirstEi
                0x000000000001411c       0x28 build/obj//home/bionia/SJSU-Dev/firmware/lib/L3_Utils/src/str.o
                0x000000000001411c                str::eraseFirst(int)
 .text._ZN3str9eraseLastEi
                0x0000000000014144       0x1e build/obj//home/bionia/SJSU-Dev/firmware/lib/L3_Utils/src/str.o
                0x0000000000014144                str::eraseLast(int)
 .text._ZN3str10eraseAfterEii
                0x0000000000014162       0x38 build/obj//home/bionia/SJSU-Dev/firmware/lib/L3_Utils/src/str.o
                0x0000000000014162                str::eraseAfter(int, int)
 .text._ZN3str5eraseEPKc
                0x000000000001419a       0x28 build/obj//home/bionia/SJSU-Dev/firmware/lib/L3_Utils/src/str.o
                0x000000000001419a                str::erase(char const*)
 .text._ZN3str15eraseFirstWordsEic
                0x00000000000141c2       0x2a build/obj//home/bionia/SJSU-Dev/firmware/lib/L3_Utils/src/str.o
                0x00000000000141c2                str::eraseFirstWords(int, char)
 .text._ZN3str9trimStartEPKc
                0x00000000000141ec       0x40 build/obj//home/bionia/SJSU-Dev/firmware/lib/L3_Utils/src/str.o
                0x00000000000141ec                str::trimStart(char const*)
 .text._ZN3str7trimEndEPKc
                0x000000000001422c       0x3a build/obj//home/bionia/SJSU-Dev/firmware/lib/L3_Utils/src/str.o
                0x000000000001422c                str::trimEnd(char const*)
 .text._ZNK3streqEPKc
                0x0000000000014266        0x4 build/obj//home/bionia/SJSU-Dev/firmware/lib/L3_Utils/src/str.o
                0x0000000000014266                str::operator==(char const*) const
 .text._ZNK3strclEv
                0x000000000001426a        0x4 build/obj//home/bionia/SJSU-Dev/firmware/lib/L3_Utils/src/str.o
                0x000000000001426a                str::operator()() const
 .text._ZNK3strcviEv
                0x000000000001426e        0x6 build/obj//home/bionia/SJSU-Dev/firmware/lib/L3_Utils/src/str.o
                0x000000000001426e                str::operator int() const
 .text._ZN3strixEi
                0x0000000000014274       0x14 build/obj//home/bionia/SJSU-Dev/firmware/lib/L3_Utils/src/str.o
                0x0000000000014274                str::operator[](int)
 .text._ZN3str13reAllocateMemEi
                0x0000000000014288       0x4c build/obj//home/bionia/SJSU-Dev/firmware/lib/L3_Utils/src/str.o
                0x0000000000014288                str::reAllocateMem(int)
 .text._ZN3str4initEi
                0x00000000000142d4       0x10 build/obj//home/bionia/SJSU-Dev/firmware/lib/L3_Utils/src/str.o
                0x00000000000142d4                str::init(int)
 .text._ZN3strC2Ei
                0x00000000000142e4        0xc build/obj//home/bionia/SJSU-Dev/firmware/lib/L3_Utils/src/str.o
                0x00000000000142e4                str::str(int)
                0x00000000000142e4                str::str(int)
 .text._ZN3str7reserveEi
                0x00000000000142f0        0xe build/obj//home/bionia/SJSU-Dev/firmware/lib/L3_Utils/src/str.o
                0x00000000000142f0                str::reserve(int)
 .text._ZN3str6printfEPKcz
                0x00000000000142fe       0x42 build/obj//home/bionia/SJSU-Dev/firmware/lib/L3_Utils/src/str.o
                0x00000000000142fe                str::printf(char const*, ...)
 .text._ZN3str26ensureMemoryToInsertNCharsEi
                0x0000000000014340       0x22 build/obj//home/bionia/SJSU-Dev/firmware/lib/L3_Utils/src/str.o
                0x0000000000014340                str::ensureMemoryToInsertNChars(int)
 .text._ZN3str11insertAtEndEPKc
                0x0000000000014362       0x24 build/obj//home/bionia/SJSU-Dev/firmware/lib/L3_Utils/src/str.o
                0x0000000000014362                str::insertAtEnd(char const*)
 .text._ZN3strpLEc
                0x0000000000014386       0x1a build/obj//home/bionia/SJSU-Dev/firmware/lib/L3_Utils/src/str.o
                0x0000000000014386                str::operator+=(char)
 .text._ZN3str8copyFromEPKc
                0x00000000000143a0       0x3c build/obj//home/bionia/SJSU-Dev/firmware/lib/L3_Utils/src/str.o
                0x00000000000143a0                str::copyFrom(char const*)
 .text._ZN3straSEPKc
                0x00000000000143dc        0x4 build/obj//home/bionia/SJSU-Dev/firmware/lib/L3_Utils/src/str.o
                0x00000000000143dc                str::operator=(char const*)
 .text.delay_us
                0x00000000000143e0       0x1c build/obj//home/bionia/SJSU-Dev/firmware/lib/L3_Utils/src/utilities.o
                0x00000000000143e0                delay_us
 .text.is_freertos_running
                0x00000000000143fc        0xe build/obj//home/bionia/SJSU-Dev/firmware/lib/L3_Utils/src/utilities.o
                0x00000000000143fc                is_freertos_running
 .text.delay_ms
                0x000000000001440a       0x22 build/obj//home/bionia/SJSU-Dev/firmware/lib/L3_Utils/src/utilities.o
                0x000000000001440a                delay_ms
 .text.get_tlm_one_comp
                0x000000000001442c       0x52 build/obj//home/bionia/SJSU-Dev/firmware/lib/L3_Utils/tlm/src/c_tlm_binary.o
 .text.cmp_tlm_one_comp
                0x000000000001447e       0x50 build/obj//home/bionia/SJSU-Dev/firmware/lib/L3_Utils/tlm/src/c_tlm_binary.o
 .text.tlm_binary_get_size_one
                0x00000000000144ce       0x16 build/obj//home/bionia/SJSU-Dev/firmware/lib/L3_Utils/tlm/src/c_tlm_binary.o
                0x00000000000144ce                tlm_binary_get_size_one
 .text.tlm_binary_get_one
                0x00000000000144e4       0x1a build/obj//home/bionia/SJSU-Dev/firmware/lib/L3_Utils/tlm/src/c_tlm_binary.o
                0x00000000000144e4                tlm_binary_get_one
 .text.tlm_binary_compare_one
                0x00000000000144fe       0x1c build/obj//home/bionia/SJSU-Dev/firmware/lib/L3_Utils/tlm/src/c_tlm_binary.o
                0x00000000000144fe                tlm_binary_compare_one
 .text.tlm_component_for_each_callback
                0x000000000001451a        0xe build/obj//home/bionia/SJSU-Dev/firmware/lib/L3_Utils/tlm/src/c_tlm_comp.o
 .text.tlm_component_find_by_name
                0x0000000000014528       0x10 build/obj//home/bionia/SJSU-Dev/firmware/lib/L3_Utils/tlm/src/c_tlm_comp.o
 .text.tlm_component_get_by_name
                0x0000000000014538       0x24 build/obj//home/bionia/SJSU-Dev/firmware/lib/L3_Utils/tlm/src/c_tlm_comp.o
                0x0000000000014538                tlm_component_get_by_name
 .text.tlm_component_add
                0x000000000001455c       0x6c build/obj//home/bionia/SJSU-Dev/firmware/lib/L3_Utils/tlm/src/c_tlm_comp.o
                0x000000000001455c                tlm_component_add
 .text.tlm_component_for_each
                0x00000000000145c8       0x24 build/obj//home/bionia/SJSU-Dev/firmware/lib/L3_Utils/tlm/src/c_tlm_comp.o
                0x00000000000145c8                tlm_component_for_each
 .text.tlm_stream_for_each_component_var
                0x00000000000145ec       0xd0 build/obj//home/bionia/SJSU-Dev/firmware/lib/L3_Utils/tlm/src/c_tlm_stream.o
 .text.tlm_stream_file_ptr
                0x00000000000146bc       0x1a build/obj//home/bionia/SJSU-Dev/firmware/lib/L3_Utils/tlm/src/c_tlm_stream.o
 *fill*         0x00000000000146d6        0x2 ff
 .text.tlm_stream_one
                0x00000000000146d8       0x80 build/obj//home/bionia/SJSU-Dev/firmware/lib/L3_Utils/tlm/src/c_tlm_stream.o
                0x00000000000146d8                tlm_stream_one
 .text.tlm_stream_all_args
                0x0000000000014758        0xa build/obj//home/bionia/SJSU-Dev/firmware/lib/L3_Utils/tlm/src/c_tlm_stream.o
 *fill*         0x0000000000014762        0x2 ff
 .text.tlm_stream_all
                0x0000000000014764       0x1c build/obj//home/bionia/SJSU-Dev/firmware/lib/L3_Utils/tlm/src/c_tlm_stream.o
                0x0000000000014764                tlm_stream_all
 .text.tlm_stream_one_file
                0x0000000000014780       0x14 build/obj//home/bionia/SJSU-Dev/firmware/lib/L3_Utils/tlm/src/c_tlm_stream.o
                0x0000000000014780                tlm_stream_one_file
 .text.tlm_stream_decode_file
                0x0000000000014794      0x1b8 build/obj//home/bionia/SJSU-Dev/firmware/lib/L3_Utils/tlm/src/c_tlm_stream.o
                0x0000000000014794                tlm_stream_decode_file
 .text.tlm_variable_check_dup
                0x000000000001494c       0x1e build/obj//home/bionia/SJSU-Dev/firmware/lib/L3_Utils/tlm/src/c_tlm_var.o
 .text.tlm_component_find_callback
                0x000000000001496a       0x14 build/obj//home/bionia/SJSU-Dev/firmware/lib/L3_Utils/tlm/src/c_tlm_var.o
 *fill*         0x000000000001497e        0x2 ff
 .text.tlm_variable_register
                0x0000000000014980       0x7c build/obj//home/bionia/SJSU-Dev/firmware/lib/L3_Utils/tlm/src/c_tlm_var.o
                0x0000000000014980                tlm_variable_register
 .text.tlm_variable_get_by_name
                0x00000000000149fc       0x28 build/obj//home/bionia/SJSU-Dev/firmware/lib/L3_Utils/tlm/src/c_tlm_var.o
                0x00000000000149fc                tlm_variable_get_by_name
 .text.tlm_variable_get_by_comp_and_name
                0x0000000000014a24       0x30 build/obj//home/bionia/SJSU-Dev/firmware/lib/L3_Utils/tlm/src/c_tlm_var.o
                0x0000000000014a24                tlm_variable_get_by_comp_and_name
 .text.tlm_variable_set_value
                0x0000000000014a54      0x1ec build/obj//home/bionia/SJSU-Dev/firmware/lib/L3_Utils/tlm/src/c_tlm_var.o
                0x0000000000014a54                tlm_variable_set_value
 .text.tlm_variable_print_value
                0x0000000000014c40      0x410 build/obj//home/bionia/SJSU-Dev/firmware/lib/L3_Utils/tlm/src/c_tlm_var.o
                0x0000000000014c40                tlm_variable_print_value
 .text.tlm_variable_get_value
                0x0000000000015050       0x1a build/obj//home/bionia/SJSU-Dev/firmware/lib/L3_Utils/tlm/src/c_tlm_var.o
                0x0000000000015050                tlm_variable_get_value
 .text.disk_initialize
                0x000000000001506a       0x26 build/obj//home/bionia/SJSU-Dev/firmware/lib/L4_IO/fat/disk/diskio.o
                0x000000000001506a                disk_initialize
 .text.disk_status
                0x0000000000015090       0x10 build/obj//home/bionia/SJSU-Dev/firmware/lib/L4_IO/fat/disk/diskio.o
                0x0000000000015090                disk_status
 .text.disk_read
                0x00000000000150a0       0x38 build/obj//home/bionia/SJSU-Dev/firmware/lib/L4_IO/fat/disk/diskio.o
                0x00000000000150a0                disk_read
 .text.disk_write
                0x00000000000150d8       0x38 build/obj//home/bionia/SJSU-Dev/firmware/lib/L4_IO/fat/disk/diskio.o
                0x00000000000150d8                disk_write
 .text.disk_ioctl
                0x0000000000015110       0x32 build/obj//home/bionia/SJSU-Dev/firmware/lib/L4_IO/fat/disk/diskio.o
                0x0000000000015110                disk_ioctl
 .text.sys_get_uptime_ms
                0x0000000000015142       0x12 build/obj//home/bionia/SJSU-Dev/firmware/lib/L4_IO/fat/disk/sd.o
 .text.ssp1_set_max_clock
                0x0000000000015154       0x30 build/obj//home/bionia/SJSU-Dev/firmware/lib/L4_IO/fat/disk/sd.o
 .text.ssp1_exchange_byte
                0x0000000000015184       0x14 build/obj//home/bionia/SJSU-Dev/firmware/lib/L4_IO/fat/disk/sd.o
 .text.wait_ready
                0x0000000000015198       0x2e build/obj//home/bionia/SJSU-Dev/firmware/lib/L4_IO/fat/disk/sd.o
                0x0000000000015198                wait_ready
 *fill*         0x00000000000151c6        0x2 ff
 .text.power_off
                0x00000000000151c8       0x24 build/obj//home/bionia/SJSU-Dev/firmware/lib/L4_IO/fat/disk/sd.o
                0x00000000000151c8                power_off
 .text.rcvr_datablock
                0x00000000000151ec       0x8c build/obj//home/bionia/SJSU-Dev/firmware/lib/L4_IO/fat/disk/sd.o
                0x00000000000151ec                rcvr_datablock
 .text.xmit_datablock
                0x0000000000015278       0x4c build/obj//home/bionia/SJSU-Dev/firmware/lib/L4_IO/fat/disk/sd.o
                0x0000000000015278                xmit_datablock
 .text.send_cmd
                0x00000000000152c4       0x8c build/obj//home/bionia/SJSU-Dev/firmware/lib/L4_IO/fat/disk/sd.o
                0x00000000000152c4                send_cmd
 .text.sd_update_card_status
                0x0000000000015350       0x24 build/obj//home/bionia/SJSU-Dev/firmware/lib/L4_IO/fat/disk/sd.o
                0x0000000000015350                sd_update_card_status
 .text.sd_initialize
                0x0000000000015374      0x16c build/obj//home/bionia/SJSU-Dev/firmware/lib/L4_IO/fat/disk/sd.o
                0x0000000000015374                sd_initialize
 .text.sd_status
                0x00000000000154e0       0x10 build/obj//home/bionia/SJSU-Dev/firmware/lib/L4_IO/fat/disk/sd.o
                0x00000000000154e0                sd_status
 .text.sd_read  0x00000000000154f0       0x98 build/obj//home/bionia/SJSU-Dev/firmware/lib/L4_IO/fat/disk/sd.o
                0x00000000000154f0                sd_read
 .text.sd_write
                0x0000000000015588       0xb4 build/obj//home/bionia/SJSU-Dev/firmware/lib/L4_IO/fat/disk/sd.o
                0x0000000000015588                sd_write
 .text.sd_ioctl
                0x000000000001563c      0x21c build/obj//home/bionia/SJSU-Dev/firmware/lib/L4_IO/fat/disk/sd.o
                0x000000000001563c                sd_ioctl
 .text._ZL24flash_get_mem_size_bytesv
                0x0000000000015858       0x20 build/obj//home/bionia/SJSU-Dev/firmware/lib/L4_IO/fat/disk/spi_flash.o
 .text._ZL37flash_perform_page_io_of_fatfs_sectorPFvPhmmES_m
                0x0000000000015878       0x74 build/obj//home/bionia/SJSU-Dev/firmware/lib/L4_IO/fat/disk/spi_flash.o
 .text.ssp1_exchange_data
                0x00000000000158ec       0xac build/obj//home/bionia/SJSU-Dev/firmware/lib/L4_IO/fat/disk/spi_flash.o
 .text._ZL18flash_send_op_addr14flash_opcode_tm
                0x0000000000015998       0x26 build/obj//home/bionia/SJSU-Dev/firmware/lib/L4_IO/fat/disk/spi_flash.o
 *fill*         0x00000000000159be        0x2 ff
 .text._ZL15flash_read_pagePhmm
                0x00000000000159c0       0x44 build/obj//home/bionia/SJSU-Dev/firmware/lib/L4_IO/fat/disk/spi_flash.o
 .text._ZL20flash_wait_for_readyv
                0x0000000000015a04       0x40 build/obj//home/bionia/SJSU-Dev/firmware/lib/L4_IO/fat/disk/spi_flash.o
 .text.flash_initialize
                0x0000000000015a44       0x98 build/obj//home/bionia/SJSU-Dev/firmware/lib/L4_IO/fat/disk/spi_flash.o
                0x0000000000015a44                flash_initialize
 .text.flash_read_sectors
                0x0000000000015adc       0x70 build/obj//home/bionia/SJSU-Dev/firmware/lib/L4_IO/fat/disk/spi_flash.o
                0x0000000000015adc                flash_read_sectors
 .text.flash_write_sectors
                0x0000000000015b4c       0x4c build/obj//home/bionia/SJSU-Dev/firmware/lib/L4_IO/fat/disk/spi_flash.o
                0x0000000000015b4c                flash_write_sectors
 .text.flash_ioctl
                0x0000000000015b98       0x36 build/obj//home/bionia/SJSU-Dev/firmware/lib/L4_IO/fat/disk/spi_flash.o
                0x0000000000015b98                flash_ioctl
 *fill*         0x0000000000015bce        0x2 ff
 .text.flash_write_permanent_id
                0x0000000000015bd0       0x44 build/obj//home/bionia/SJSU-Dev/firmware/lib/L4_IO/fat/disk/spi_flash.o
                0x0000000000015bd0                flash_write_permanent_id
 .text.flash_read_permanent_id
                0x0000000000015c14       0x28 build/obj//home/bionia/SJSU-Dev/firmware/lib/L4_IO/fat/disk/spi_flash.o
                0x0000000000015c14                flash_read_permanent_id
 .text.flash_get_page_count
                0x0000000000015c3c       0x20 build/obj//home/bionia/SJSU-Dev/firmware/lib/L4_IO/fat/disk/spi_flash.o
                0x0000000000015c3c                flash_get_page_count
 .text.flash_get_page_size
                0x0000000000015c5c        0xc build/obj//home/bionia/SJSU-Dev/firmware/lib/L4_IO/fat/disk/spi_flash.o
                0x0000000000015c5c                flash_get_page_size
 .text.flash_supports_metadata
                0x0000000000015c68       0x10 build/obj//home/bionia/SJSU-Dev/firmware/lib/L4_IO/fat/disk/spi_flash.o
                0x0000000000015c68                flash_supports_metadata
 .text._ZL16flash_write_pagePhmm
                0x0000000000015c78       0x8c build/obj//home/bionia/SJSU-Dev/firmware/lib/L4_IO/fat/disk/spi_flash.o
 .text.flash_get_page_write_count
                0x0000000000015d04       0x54 build/obj//home/bionia/SJSU-Dev/firmware/lib/L4_IO/fat/disk/spi_flash.o
                0x0000000000015d04                flash_get_page_write_count
 .text.flash_chip_erase
                0x0000000000015d58       0x2c build/obj//home/bionia/SJSU-Dev/firmware/lib/L4_IO/fat/disk/spi_flash.o
                0x0000000000015d58                flash_chip_erase
 .text.get_fattime
                0x0000000000015d84       0x52 build/obj//home/bionia/SJSU-Dev/firmware/lib/L4_IO/fat/fatfs_time.o
                0x0000000000015d84                get_fattime
 .text.mem_cpy  0x0000000000015dd6       0x38 build/obj//home/bionia/SJSU-Dev/firmware/lib/L4_IO/fat/ff.o
 .text.mem_set  0x0000000000015e0e        0xe build/obj//home/bionia/SJSU-Dev/firmware/lib/L4_IO/fat/ff.o
 .text.sum_sfn  0x0000000000015e1c       0x1e build/obj//home/bionia/SJSU-Dev/firmware/lib/L4_IO/fat/ff.o
 .text.get_ldnumber
                0x0000000000015e3a       0x3a build/obj//home/bionia/SJSU-Dev/firmware/lib/L4_IO/fat/ff.o
 .text.get_fileinfo
                0x0000000000015e74       0xc4 build/obj//home/bionia/SJSU-Dev/firmware/lib/L4_IO/fat/ff.o
 .text.sync_window.part.1
                0x0000000000015f38       0x46 build/obj//home/bionia/SJSU-Dev/firmware/lib/L4_IO/fat/ff.o
 .text.sync_window
                0x0000000000015f7e        0xc build/obj//home/bionia/SJSU-Dev/firmware/lib/L4_IO/fat/ff.o
 *fill*         0x0000000000015f8a        0x2 ff
 .text.sync_fs  0x0000000000015f8c       0x74 build/obj//home/bionia/SJSU-Dev/firmware/lib/L4_IO/fat/ff.o
 .text.move_window
                0x0000000000016000       0x34 build/obj//home/bionia/SJSU-Dev/firmware/lib/L4_IO/fat/ff.o
 .text.check_fs
                0x0000000000016034       0x4c build/obj//home/bionia/SJSU-Dev/firmware/lib/L4_IO/fat/ff.o
 .text.find_volume
                0x0000000000016080      0x21c build/obj//home/bionia/SJSU-Dev/firmware/lib/L4_IO/fat/ff.o
 .text.validate
                0x000000000001629c       0x3a build/obj//home/bionia/SJSU-Dev/firmware/lib/L4_IO/fat/ff.o
 .text.unlock_fs
                0x00000000000162d6       0x1a build/obj//home/bionia/SJSU-Dev/firmware/lib/L4_IO/fat/ff.o
 .text.clust2sect
                0x00000000000162f0       0x16 build/obj//home/bionia/SJSU-Dev/firmware/lib/L4_IO/fat/ff.o
                0x00000000000162f0                clust2sect
 .text.get_fat  0x0000000000016306       0xa6 build/obj//home/bionia/SJSU-Dev/firmware/lib/L4_IO/fat/ff.o
                0x0000000000016306                get_fat
 .text.dir_sdi  0x00000000000163ac       0x80 build/obj//home/bionia/SJSU-Dev/firmware/lib/L4_IO/fat/ff.o
 .text.put_fat  0x000000000001642c       0xd2 build/obj//home/bionia/SJSU-Dev/firmware/lib/L4_IO/fat/ff.o
                0x000000000001642c                put_fat
 .text.create_chain
                0x00000000000164fe       0xa0 build/obj//home/bionia/SJSU-Dev/firmware/lib/L4_IO/fat/ff.o
 .text.dir_next
                0x000000000001659e       0xec build/obj//home/bionia/SJSU-Dev/firmware/lib/L4_IO/fat/ff.o
 *fill*         0x000000000001668a        0x2 ff
 .text.dir_find.part.9
                0x000000000001668c      0x120 build/obj//home/bionia/SJSU-Dev/firmware/lib/L4_IO/fat/ff.o
 .text.follow_path
                0x00000000000167ac      0x270 build/obj//home/bionia/SJSU-Dev/firmware/lib/L4_IO/fat/ff.o
 .text.dir_register
                0x0000000000016a1c      0x238 build/obj//home/bionia/SJSU-Dev/firmware/lib/L4_IO/fat/ff.o
 .text.dir_remove
                0x0000000000016c54       0x5a build/obj//home/bionia/SJSU-Dev/firmware/lib/L4_IO/fat/ff.o
 *fill*         0x0000000000016cae        0x2 ff
 .text.dir_read.constprop.11
                0x0000000000016cb0       0xe8 build/obj//home/bionia/SJSU-Dev/firmware/lib/L4_IO/fat/ff.o
 .text.remove_chain
                0x0000000000016d98       0x58 build/obj//home/bionia/SJSU-Dev/firmware/lib/L4_IO/fat/ff.o
 .text.f_mount  0x0000000000016df0       0x7c build/obj//home/bionia/SJSU-Dev/firmware/lib/L4_IO/fat/ff.o
                0x0000000000016df0                f_mount
 .text.f_open   0x0000000000016e6c      0x12e build/obj//home/bionia/SJSU-Dev/firmware/lib/L4_IO/fat/ff.o
                0x0000000000016e6c                f_open
 .text.f_read   0x0000000000016f9a      0x170 build/obj//home/bionia/SJSU-Dev/firmware/lib/L4_IO/fat/ff.o
                0x0000000000016f9a                f_read
 .text.f_write  0x000000000001710a      0x1ac build/obj//home/bionia/SJSU-Dev/firmware/lib/L4_IO/fat/ff.o
                0x000000000001710a                f_write
 .text.f_sync   0x00000000000172b6       0x8a build/obj//home/bionia/SJSU-Dev/firmware/lib/L4_IO/fat/ff.o
                0x00000000000172b6                f_sync
 .text.f_close  0x0000000000017340       0x24 build/obj//home/bionia/SJSU-Dev/firmware/lib/L4_IO/fat/ff.o
                0x0000000000017340                f_close
 .text.f_lseek  0x0000000000017364      0x14e build/obj//home/bionia/SJSU-Dev/firmware/lib/L4_IO/fat/ff.o
                0x0000000000017364                f_lseek
 .text.f_opendir
                0x00000000000174b2       0x86 build/obj//home/bionia/SJSU-Dev/firmware/lib/L4_IO/fat/ff.o
                0x00000000000174b2                f_opendir
 .text.f_readdir
                0x0000000000017538       0x5e build/obj//home/bionia/SJSU-Dev/firmware/lib/L4_IO/fat/ff.o
                0x0000000000017538                f_readdir
 .text.f_getfree
                0x0000000000017596       0xc8 build/obj//home/bionia/SJSU-Dev/firmware/lib/L4_IO/fat/ff.o
                0x0000000000017596                f_getfree
 .text.f_unlink
                0x000000000001765e       0xbe build/obj//home/bionia/SJSU-Dev/firmware/lib/L4_IO/fat/ff.o
                0x000000000001765e                f_unlink
 .text.f_mkdir  0x000000000001771c      0x152 build/obj//home/bionia/SJSU-Dev/firmware/lib/L4_IO/fat/ff.o
                0x000000000001771c                f_mkdir
 .text.f_rename
                0x000000000001786e      0x11e build/obj//home/bionia/SJSU-Dev/firmware/lib/L4_IO/fat/ff.o
                0x000000000001786e                f_rename
 .text.f_mkfs   0x000000000001798c      0x4f4 build/obj//home/bionia/SJSU-Dev/firmware/lib/L4_IO/fat/ff.o
                0x000000000001798c                f_mkfs
 .text.ff_convert
                0x0000000000017e80       0x3c build/obj//home/bionia/SJSU-Dev/firmware/lib/L4_IO/fat/option/ccsbcs.o
                0x0000000000017e80                ff_convert
 .text.ff_wtoupper
                0x0000000000017ebc       0x24 build/obj//home/bionia/SJSU-Dev/firmware/lib/L4_IO/fat/option/ccsbcs.o
                0x0000000000017ebc                ff_wtoupper
 .text.ff_cre_syncobj
                0x0000000000017ee0       0x14 build/obj//home/bionia/SJSU-Dev/firmware/lib/L4_IO/fat/option/reentrant.o
                0x0000000000017ee0                ff_cre_syncobj
 .text.ff_del_syncobj
                0x0000000000017ef4        0x4 build/obj//home/bionia/SJSU-Dev/firmware/lib/L4_IO/fat/option/reentrant.o
                0x0000000000017ef4                ff_del_syncobj
 .text.ff_req_grant
                0x0000000000017ef8       0x26 build/obj//home/bionia/SJSU-Dev/firmware/lib/L4_IO/fat/option/reentrant.o
                0x0000000000017ef8                ff_req_grant
 .text.ff_rel_grant
                0x0000000000017f1e       0x1e build/obj//home/bionia/SJSU-Dev/firmware/lib/L4_IO/fat/option/reentrant.o
                0x0000000000017f1e                ff_rel_grant
 .text._ZN11i2c2_device8writeRegEhh
                0x0000000000017f3c        0xc build/obj//home/bionia/SJSU-Dev/firmware/lib/L4_IO/src/io_source.o
                0x0000000000017f3c                i2c2_device::writeReg(unsigned char, unsigned char)
 .text._ZN11i2c2_device16get16BitRegisterEh
                0x0000000000017f48       0x2a build/obj//home/bionia/SJSU-Dev/firmware/lib/L4_IO/src/io_source.o
                0x0000000000017f48                i2c2_device::get16BitRegister(unsigned char)
 .text._ZN19Acceleration_Sensor4initEv
                0x0000000000017f72       0x20 build/obj//home/bionia/SJSU-Dev/firmware/lib/L4_IO/src/io_source.o
                0x0000000000017f72                Acceleration_Sensor::init()
 *fill*         0x0000000000017f92        0x2 ff
 .text._ZN9IR_Sensor11storeIrCodeEm
                0x0000000000017f94       0x1c build/obj//home/bionia/SJSU-Dev/firmware/lib/L4_IO/src/io_source.o
                0x0000000000017f94                IR_Sensor::storeIrCode(unsigned long)
 .text._ZN9IR_Sensor12decodeIrCodeEv
                0x0000000000017fb0       0x64 build/obj//home/bionia/SJSU-Dev/firmware/lib/L4_IO/src/io_source.o
                0x0000000000017fb0                IR_Sensor::decodeIrCode()
 .text._ZN9IR_Sensor4initEv
                0x0000000000018014       0x34 build/obj//home/bionia/SJSU-Dev/firmware/lib/L4_IO/src/io_source.o
                0x0000000000018014                IR_Sensor::init()
 .text._ZN11LED_Display12setLeftDigitEc
                0x0000000000018048       0x18 build/obj//home/bionia/SJSU-Dev/firmware/lib/L4_IO/src/io_source.o
                0x0000000000018048                LED_Display::setLeftDigit(char)
 .text._ZN11LED_Display13setRightDigitEc
                0x0000000000018060       0x18 build/obj//home/bionia/SJSU-Dev/firmware/lib/L4_IO/src/io_source.o
                0x0000000000018060                LED_Display::setRightDigit(char)
 .text._ZN11LED_Display4initEv
                0x0000000000018078       0x38 build/obj//home/bionia/SJSU-Dev/firmware/lib/L4_IO/src/io_source.o
                0x0000000000018078                LED_Display::init()
 .text._ZN11LED_Display9setNumberEc
                0x00000000000180b0       0x3a build/obj//home/bionia/SJSU-Dev/firmware/lib/L4_IO/src/io_source.o
                0x00000000000180b0                LED_Display::setNumber(char)
 .text._ZN3LED4initEv
                0x00000000000180ea        0x4 build/obj//home/bionia/SJSU-Dev/firmware/lib/L4_IO/src/io_source.o
                0x00000000000180ea                LED::init()
 *fill*         0x00000000000180ee        0x2 ff
 .text._ZN3LED6setAllEh
                0x00000000000180f0       0x50 build/obj//home/bionia/SJSU-Dev/firmware/lib/L4_IO/src/io_source.o
                0x00000000000180f0                LED::setAll(unsigned char)
 .text._ZN3LED2onEh
                0x0000000000018140       0x26 build/obj//home/bionia/SJSU-Dev/firmware/lib/L4_IO/src/io_source.o
                0x0000000000018140                LED::on(unsigned char)
 .text._ZN3LED3offEh
                0x0000000000018166       0x28 build/obj//home/bionia/SJSU-Dev/firmware/lib/L4_IO/src/io_source.o
                0x0000000000018166                LED::off(unsigned char)
 .text._ZN3LED3setEhb
                0x000000000001818e        0xa build/obj//home/bionia/SJSU-Dev/firmware/lib/L4_IO/src/io_source.o
                0x000000000001818e                LED::set(unsigned char, bool)
 .text._ZN12Light_Sensor4initEv
                0x0000000000018198        0x4 build/obj//home/bionia/SJSU-Dev/firmware/lib/L4_IO/src/io_source.o
                0x0000000000018198                Light_Sensor::init()
 .text._ZN12Light_Sensor11getRawValueEv
                0x000000000001819c        0x6 build/obj//home/bionia/SJSU-Dev/firmware/lib/L4_IO/src/io_source.o
                0x000000000001819c                Light_Sensor::getRawValue()
 .text._ZN8Switches4initEv
                0x00000000000181a2        0x4 build/obj//home/bionia/SJSU-Dev/firmware/lib/L4_IO/src/io_source.o
                0x00000000000181a2                Switches::init()
 *fill*         0x00000000000181a6        0x2 ff
 .text._ZN8Switches15getSwitchValuesEv
                0x00000000000181a8       0x18 build/obj//home/bionia/SJSU-Dev/firmware/lib/L4_IO/src/io_source.o
                0x00000000000181a8                Switches::getSwitchValues()
 .text._ZN8I2C_Temp4initEv
                0x00000000000181c0       0x22 build/obj//home/bionia/SJSU-Dev/firmware/lib/L4_IO/src/io_source.o
                0x00000000000181c0                I2C_Temp::init()
 .text._ZN8I2C_Temp10getCelsiusEv
                0x00000000000181e2       0x30 build/obj//home/bionia/SJSU-Dev/firmware/lib/L4_IO/src/io_source.o
                0x00000000000181e2                I2C_Temp::getCelsius()
 *fill*         0x0000000000018212        0x2 ff
 .text._ZN8I2C_Temp12getFarenheitEv
                0x0000000000018214       0x24 build/obj//home/bionia/SJSU-Dev/firmware/lib/L4_IO/src/io_source.o
                0x0000000000018214                I2C_Temp::getFarenheit()
 .text._ZN7Storage4copyEPKcS1_PjS2_S2_
                0x0000000000018238       0xf0 build/obj//home/bionia/SJSU-Dev/firmware/lib/L4_IO/src/storage.o
                0x0000000000018238                Storage::copy(char const*, char const*, unsigned int*, unsigned int*, unsigned int*)
 .text._ZN7Storage4readEPKcPvjj
                0x0000000000018328       0x44 build/obj//home/bionia/SJSU-Dev/firmware/lib/L4_IO/src/storage.o
                0x0000000000018328                Storage::read(char const*, void*, unsigned int, unsigned int)
 .text._ZN7Storage5writeEPKcPvjj
                0x000000000001836c       0x44 build/obj//home/bionia/SJSU-Dev/firmware/lib/L4_IO/src/storage.o
                0x000000000001836c                Storage::write(char const*, void*, unsigned int, unsigned int)
 .text._ZN7Storage6appendEPKcPKvjj
                0x00000000000183b0       0x48 build/obj//home/bionia/SJSU-Dev/firmware/lib/L4_IO/src/storage.o
                0x00000000000183b0                Storage::append(char const*, void const*, unsigned int, unsigned int)
 .text.mesh_incr_soft_timers_for_arr
                0x00000000000183f8       0x26 build/obj//home/bionia/SJSU-Dev/firmware/lib/L4_IO/wireless/src/mesh.o
 *fill*         0x000000000001841e        0x2 ff
 .text.mesh_update_soft_timers
                0x0000000000018420       0x4c build/obj//home/bionia/SJSU-Dev/firmware/lib/L4_IO/wireless/src/mesh.o
 .text.mesh_send_packet
                0x000000000001846c       0x3c build/obj//home/bionia/SJSU-Dev/firmware/lib/L4_IO/wireless/src/mesh.o
 .text.mesh_send_retry_packet
                0x00000000000184a8       0x34 build/obj//home/bionia/SJSU-Dev/firmware/lib/L4_IO/wireless/src/mesh.o
 .text.mesh_find_rte_tbl_entry
                0x00000000000184dc       0x24 build/obj//home/bionia/SJSU-Dev/firmware/lib/L4_IO/wireless/src/mesh.o
 .text.mesh_update_rte_scores
                0x0000000000018500       0x28 build/obj//home/bionia/SJSU-Dev/firmware/lib/L4_IO/wireless/src/mesh.o
 .text.mesh_get_pnd_pkt_slot
                0x0000000000018528       0x40 build/obj//home/bionia/SJSU-Dev/firmware/lib/L4_IO/wireless/src/mesh.o
 .text.mesh_pending_packets_add
                0x0000000000018568       0x90 build/obj//home/bionia/SJSU-Dev/firmware/lib/L4_IO/wireless/src/mesh.o
 .text.mesh_get_rte_to_modify
                0x00000000000185f8       0x58 build/obj//home/bionia/SJSU-Dev/firmware/lib/L4_IO/wireless/src/mesh.o
 .text.mesh_handle_pnd_pkts_for_arr
                0x0000000000018650      0x178 build/obj//home/bionia/SJSU-Dev/firmware/lib/L4_IO/wireless/src/mesh.o
 .text.mesh_set_node_address
                0x00000000000187c8       0x18 build/obj//home/bionia/SJSU-Dev/firmware/lib/L4_IO/wireless/src/mesh.o
                0x00000000000187c8                mesh_set_node_address
 .text.mesh_get_node_address
                0x00000000000187e0        0xc build/obj//home/bionia/SJSU-Dev/firmware/lib/L4_IO/wireless/src/mesh.o
                0x00000000000187e0                mesh_get_node_address
 .text.mesh_set_retry_count
                0x00000000000187ec       0x10 build/obj//home/bionia/SJSU-Dev/firmware/lib/L4_IO/wireless/src/mesh.o
                0x00000000000187ec                mesh_set_retry_count
 .text.mesh_form_pkt
                0x00000000000187fc       0xf8 build/obj//home/bionia/SJSU-Dev/firmware/lib/L4_IO/wireless/src/mesh.o
                0x00000000000187fc                mesh_form_pkt
 .text.mesh_send_formed_pkt
                0x00000000000188f4       0x58 build/obj//home/bionia/SJSU-Dev/firmware/lib/L4_IO/wireless/src/mesh.o
                0x00000000000188f4                mesh_send_formed_pkt
 .text.mesh_init
                0x000000000001894c      0x100 build/obj//home/bionia/SJSU-Dev/firmware/lib/L4_IO/wireless/src/mesh.o
                0x000000000001894c                mesh_init
 .text.mesh_send
                0x0000000000018a4c       0x3e build/obj//home/bionia/SJSU-Dev/firmware/lib/L4_IO/wireless/src/mesh.o
                0x0000000000018a4c                mesh_send
 .text.mesh_send_ack
                0x0000000000018a8a       0x1a build/obj//home/bionia/SJSU-Dev/firmware/lib/L4_IO/wireless/src/mesh.o
 .text.mesh_get_routing_entry
                0x0000000000018aa4       0x2c build/obj//home/bionia/SJSU-Dev/firmware/lib/L4_IO/wireless/src/mesh.o
                0x0000000000018aa4                mesh_get_routing_entry
 .text.mesh_get_num_routing_entries
                0x0000000000018ad0       0x1c build/obj//home/bionia/SJSU-Dev/firmware/lib/L4_IO/wireless/src/mesh.o